/home/edk2mtk/edk2-mt6765/workspace/Build/MT6771Pkg/DEBUG_GCC5/AARCH64/MdeModulePkg/Universal/Variable/RuntimeDxe/VariableRuntimeDxe/OUTPUT/VariableRuntimeDxe.lib
/home/edk2mtk/edk2-mt6765/workspace/Build/MT6771Pkg/DEBUG_GCC5/AARCH64/MdePkg/Library/DxePcdLib/DxePcdLib/OUTPUT/DxePcdLib.lib
/home/edk2mtk/edk2-mt6765/workspace/Build/MT6771Pkg/DEBUG_GCC5/AARCH64/MdePkg/Library/BaseMemoryLibOptDxe/BaseMemoryLibOptDxe/OUTPUT/BaseMemoryLibOptDxe.lib
/home/edk2mtk/edk2-mt6765/workspace/Build/MT6771Pkg/DEBUG_GCC5/AARCH64/MdePkg/Library/BaseLib/BaseLib/OUTPUT/BaseLib.lib
/home/edk2mtk/edk2-mt6765/workspace/Build/MT6771Pkg/DEBUG_GCC5/AARCH64/ArmPkg/Library/ArmLib/ArmBaseLib/OUTPUT/ArmBaseLib.lib
/home/edk2mtk/edk2-mt6765/workspace/Build/MT6771Pkg/DEBUG_GCC5/AARCH64/MdePkg/Library/RegisterFilterLibNull/RegisterFilterLibNull/OUTPUT/FilterLibNull.lib
/home/edk2mtk/edk2-mt6765/workspace/Build/MT6771Pkg/DEBUG_GCC5/AARCH64/ArmPkg/Library/ArmCacheMaintenanceLib/ArmCacheMaintenanceLib/OUTPUT/ArmCacheMaintenanceLib.lib
/home/edk2mtk/edk2-mt6765/workspace/Build/MT6771Pkg/DEBUG_GCC5/AARCH64/MdePkg/Library/BaseIoLibIntrinsic/BaseIoLibIntrinsic/OUTPUT/BaseIoLibIntrinsic.lib
/home/edk2mtk/edk2-mt6765/workspace/Build/MT6771Pkg/DEBUG_GCC5/AARCH64/ArmPkg/Library/CompilerIntrinsicsLib/CompilerIntrinsicsLib/OUTPUT/CompilerIntrinsicsLib.lib
/home/edk2mtk/edk2-mt6765/workspace/Build/MT6771Pkg/DEBUG_GCC5/AARCH64/MT6771Pkg/Library/FrameBufferSerialPortLib/FrameBufferSerialPortLib/OUTPUT/FrameBufferSerialPortLib.lib
/home/edk2mtk/edk2-mt6765/workspace/Build/MT6771Pkg/DEBUG_GCC5/AARCH64/MdePkg/Library/BasePrintLib/BasePrintLib/OUTPUT/BasePrintLib.lib
/home/edk2mtk/edk2-mt6765/workspace/Build/MT6771Pkg/DEBUG_GCC5/AARCH64/MdePkg/Library/BaseDebugPrintErrorLevelLib/BaseDebugPrintErrorLevelLib/OUTPUT/BaseDebugPrintErrorLevelLib.lib
/home/edk2mtk/edk2-mt6765/workspace/Build/MT6771Pkg/DEBUG_GCC5/AARCH64/MdePkg/Library/DxeRuntimeDebugLibSerialPort/DxeRuntimeDebugLibSerialPort/OUTPUT/DxeRuntimeDebugLibSerialPort.lib
/home/edk2mtk/edk2-mt6765/workspace/Build/MT6771Pkg/DEBUG_GCC5/AARCH64/MdePkg/Library/UefiMemoryAllocationLib/UefiMemoryAllocationLib/OUTPUT/UefiMemoryAllocationLib.lib
/home/edk2mtk/edk2-mt6765/workspace/Build/MT6771Pkg/DEBUG_GCC5/AARCH64/MdePkg/Library/UefiDevicePathLib/UefiDevicePathLib/OUTPUT/UefiDevicePathLib.lib
/home/edk2mtk/edk2-mt6765/workspace/Build/MT6771Pkg/DEBUG_GCC5/AARCH64/MdePkg/Library/UefiRuntimeServicesTableLib/UefiRuntimeServicesTableLib/OUTPUT/UefiRuntimeServicesTableLib.lib
/home/edk2mtk/edk2-mt6765/workspace/Build/MT6771Pkg/DEBUG_GCC5/AARCH64/MdePkg/Library/UefiBootServicesTableLib/UefiBootServicesTableLib/OUTPUT/UefiBootServicesTableLib.lib
/home/edk2mtk/edk2-mt6765/workspace/Build/MT6771Pkg/DEBUG_GCC5/AARCH64/MdePkg/Library/UefiLib/UefiLib/OUTPUT/UefiLib.lib
/home/edk2mtk/edk2-mt6765/workspace/Build/MT6771Pkg/DEBUG_GCC5/AARCH64/MdePkg/Library/DxeHobLib/DxeHobLib/OUTPUT/DxeHobLib.lib
/home/edk2mtk/edk2-mt6765/workspace/Build/MT6771Pkg/DEBUG_GCC5/AARCH64/ArmPkg/Library/ArmGenericTimerPhyCounterLib/ArmGenericTimerPhyCounterLib/OUTPUT/ArmGenericTimerPhyCounterLib.lib
/home/edk2mtk/edk2-mt6765/workspace/Build/MT6771Pkg/DEBUG_GCC5/AARCH64/ArmPkg/Library/ArmArchTimerLib/ArmArchTimerLib/OUTPUT/ArmArchTimerLib.lib
/home/edk2mtk/edk2-mt6765/workspace/Build/MT6771Pkg/DEBUG_GCC5/AARCH64/MdePkg/Library/BaseSafeIntLib/BaseSafeIntLib/OUTPUT/BaseSafeIntLib.lib
/home/edk2mtk/edk2-mt6765/workspace/Build/MT6771Pkg/DEBUG_GCC5/AARCH64/MdePkg/Library/BaseSynchronizationLib/BaseSynchronizationLib/OUTPUT/BaseSynchronizationLib.lib
/home/edk2mtk/edk2-mt6765/workspace/Build/MT6771Pkg/DEBUG_GCC5/AARCH64/MdePkg/Library/UefiRuntimeLib/UefiRuntimeLib/OUTPUT/UefiRuntimeLib.lib
/home/edk2mtk/edk2-mt6765/workspace/Build/MT6771Pkg/DEBUG_GCC5/AARCH64/MdePkg/Library/DxeServicesTableLib/DxeServicesTableLib/OUTPUT/DxeServicesTableLib.lib
/home/edk2mtk/edk2-mt6765/workspace/Build/MT6771Pkg/DEBUG_GCC5/AARCH64/MdePkg/Library/UefiDriverEntryPoint/UefiDriverEntryPoint/OUTPUT/UefiDriverEntryPoint.lib
/home/edk2mtk/edk2-mt6765/workspace/Build/MT6771Pkg/DEBUG_GCC5/AARCH64/MdeModulePkg/Library/TpmMeasurementLibNull/TpmMeasurementLibNull/OUTPUT/TpmMeasurementLibNull.lib
/home/edk2mtk/edk2-mt6765/workspace/Build/MT6771Pkg/DEBUG_GCC5/AARCH64/MdeModulePkg/Library/AuthVariableLibNull/AuthVariableLibNull/OUTPUT/AuthVariableLibNull.lib
/home/edk2mtk/edk2-mt6765/workspace/Build/MT6771Pkg/DEBUG_GCC5/AARCH64/MdeModulePkg/Library/VarCheckLib/VarCheckLib/OUTPUT/VarCheckLib.lib
/home/edk2mtk/edk2-mt6765/workspace/Build/MT6771Pkg/DEBUG_GCC5/AARCH64/MdeModulePkg/Library/BaseVariableFlashInfoLib/BaseVariableFlashInfoLib/OUTPUT/BaseVariableFlashInfoLib.lib
/home/edk2mtk/edk2-mt6765/workspace/Build/MT6771Pkg/DEBUG_GCC5/AARCH64/MdeModulePkg/Library/VariablePolicyLib/VariablePolicyLibRuntimeDxe/OUTPUT/VariablePolicyLibRuntimeDxe.lib
/home/edk2mtk/edk2-mt6765/workspace/Build/MT6771Pkg/DEBUG_GCC5/AARCH64/MdeModulePkg/Library/VariablePolicyHelperLib/VariablePolicyHelperLib/OUTPUT/VariablePolicyHelperLib.lib
/home/edk2mtk/edk2-mt6765/workspace/Build/MT6771Pkg/DEBUG_GCC5/AARCH64/MdePkg/Library/BaseStackCheckLib/BaseStackCheckLib/OUTPUT/BaseStackCheckLib.lib