Archive member included to satisfy reference by file (symbol)

/home/edk2mtk/edk2-mt6765/workspace/Build/MT6771Pkg/DEBUG_GCC5/AARCH64/MdePkg/Library/DxeCoreEntryPoint/DxeCoreEntryPoint/OUTPUT/DxeCoreEntryPoint.lib(DxeCoreEntryPoint.obj)
                              (_ModuleEntryPoint)
/home/edk2mtk/edk2-mt6765/workspace/Build/MT6771Pkg/DEBUG_GCC5/AARCH64/ArmPkg/Library/CompilerIntrinsicsLib/CompilerIntrinsicsLib/OUTPUT/CompilerIntrinsicsLib.lib(memcpy.obj)
                              /home/edk2mtk/edk2-mt6765/edk2/ArmPkg/Library/GccLto/liblto-aarch64.a (memcpy)
/home/edk2mtk/edk2-mt6765/workspace/Build/MT6771Pkg/DEBUG_GCC5/AARCH64/ArmPkg/Library/CompilerIntrinsicsLib/CompilerIntrinsicsLib/OUTPUT/CompilerIntrinsicsLib.lib(memset.obj)
                              /home/edk2mtk/edk2-mt6765/edk2/ArmPkg/Library/GccLto/liblto-aarch64.a (memset)
/home/edk2mtk/edk2-mt6765/workspace/Build/MT6771Pkg/DEBUG_GCC5/AARCH64/MdePkg/Library/BaseDebugLibSerialPort/BaseDebugLibSerialPort/OUTPUT/BaseDebugLibSerialPort.lib(DebugLib.obj)
                              DxeCoreEntryPoint.obj (symbol from plugin) (DebugAssert)
/home/edk2mtk/edk2-mt6765/workspace/Build/MT6771Pkg/DEBUG_GCC5/AARCH64/MdePkg/Library/BaseStackCheckLib/BaseStackCheckLib/OUTPUT/BaseStackCheckLib.lib(BaseStackCheckGcc.obj)
                              /home/edk2mtk/edk2-mt6765/edk2/ArmPkg/Library/GccLto/liblto-aarch64.a (__stack_chk_fail)
/home/edk2mtk/edk2-mt6765/workspace/Build/MT6771Pkg/DEBUG_GCC5/AARCH64/MdeModulePkg/Core/Dxe/DxeMain/OUTPUT/DxeCore.lib(AutoGen.obj)
                              DxeCoreEntryPoint.obj (symbol from plugin) (ProcessModuleEntryPointList)
/home/edk2mtk/edk2-mt6765/workspace/Build/MT6771Pkg/DEBUG_GCC5/AARCH64/MdeModulePkg/Core/Dxe/DxeMain/OUTPUT/DxeCore.lib(DxeMain.obj)
                              AutoGen.obj (symbol from plugin) (DxeMain)
/home/edk2mtk/edk2-mt6765/workspace/Build/MT6771Pkg/DEBUG_GCC5/AARCH64/MdeModulePkg/Core/Dxe/DxeMain/OUTPUT/DxeCore.lib(CoreSectionExtraction.obj)
                              DxeMain.obj (symbol from plugin) (InitializeSectionExtraction)
/home/edk2mtk/edk2-mt6765/workspace/Build/MT6771Pkg/DEBUG_GCC5/AARCH64/MdeModulePkg/Core/Dxe/DxeMain/OUTPUT/DxeCore.lib(Image.obj)
                              DxeMain.obj (symbol from plugin) (CoreInitializeImageServices)
/home/edk2mtk/edk2-mt6765/workspace/Build/MT6771Pkg/DEBUG_GCC5/AARCH64/MdeModulePkg/Core/Dxe/DxeMain/OUTPUT/DxeCore.lib(DebugImageInfo.obj)
                              DxeMain.obj (symbol from plugin) (CoreInitializeDebugImageInfoTable)
/home/edk2mtk/edk2-mt6765/workspace/Build/MT6771Pkg/DEBUG_GCC5/AARCH64/MdeModulePkg/Core/Dxe/DxeMain/OUTPUT/DxeCore.lib(Stall.obj)
                              DxeMain.obj (symbol from plugin) (CoreStall)
/home/edk2mtk/edk2-mt6765/workspace/Build/MT6771Pkg/DEBUG_GCC5/AARCH64/MdeModulePkg/Core/Dxe/DxeMain/OUTPUT/DxeCore.lib(SetWatchdogTimer.obj)
                              DxeMain.obj (symbol from plugin) (CoreSetWatchdogTimer)
/home/edk2mtk/edk2-mt6765/workspace/Build/MT6771Pkg/DEBUG_GCC5/AARCH64/MdeModulePkg/Core/Dxe/DxeMain/OUTPUT/DxeCore.lib(InstallConfigurationTable.obj)
                              DxeMain.obj (symbol from plugin) (CoreInstallConfigurationTable)
/home/edk2mtk/edk2-mt6765/workspace/Build/MT6771Pkg/DEBUG_GCC5/AARCH64/MdeModulePkg/Core/Dxe/DxeMain/OUTPUT/DxeCore.lib(MemoryAttributesTable.obj)
                              DxeMain.obj (symbol from plugin) (CoreInitializeMemoryAttributesTable)
/home/edk2mtk/edk2-mt6765/workspace/Build/MT6771Pkg/DEBUG_GCC5/AARCH64/MdeModulePkg/Core/Dxe/DxeMain/OUTPUT/DxeCore.lib(MemoryProtection.obj)
                              Image.obj (symbol from plugin) (ProtectUefiImage)
/home/edk2mtk/edk2-mt6765/workspace/Build/MT6771Pkg/DEBUG_GCC5/AARCH64/MdeModulePkg/Core/Dxe/DxeMain/OUTPUT/DxeCore.lib(Library.obj)
                              MemoryAttributesTable.obj (symbol from plugin) (CoreAcquireLock)
/home/edk2mtk/edk2-mt6765/workspace/Build/MT6771Pkg/DEBUG_GCC5/AARCH64/MdeModulePkg/Core/Dxe/DxeMain/OUTPUT/DxeCore.lib(DriverSupport.obj)
                              DxeMain.obj (symbol from plugin) (CoreConnectController)
/home/edk2mtk/edk2-mt6765/workspace/Build/MT6771Pkg/DEBUG_GCC5/AARCH64/MdeModulePkg/Core/Dxe/DxeMain/OUTPUT/DxeCore.lib(Notify.obj)
                              DxeMain.obj (symbol from plugin) (CoreRegisterProtocolNotify)
/home/edk2mtk/edk2-mt6765/workspace/Build/MT6771Pkg/DEBUG_GCC5/AARCH64/MdeModulePkg/Core/Dxe/DxeMain/OUTPUT/DxeCore.lib(Locate.obj)
                              DxeMain.obj (symbol from plugin) (CoreLocateHandle)
/home/edk2mtk/edk2-mt6765/workspace/Build/MT6771Pkg/DEBUG_GCC5/AARCH64/MdeModulePkg/Core/Dxe/DxeMain/OUTPUT/DxeCore.lib(Handle.obj)
                              DriverSupport.obj (symbol from plugin) (CoreAcquireProtocolLock)
/home/edk2mtk/edk2-mt6765/workspace/Build/MT6771Pkg/DEBUG_GCC5/AARCH64/MdeModulePkg/Core/Dxe/DxeMain/OUTPUT/DxeCore.lib(Gcd.obj)
[...]
Memory Configuration

Name             Origin             Length             Attributes
*default*        0x0000000000000000 0xffffffffffffffff

Linker script and memory map

LOAD /home/edk2mtk/edk2-mt6765/edk2/ArmPkg/Library/GccLto/liblto-aarch64.a
START GROUP
LOAD /tmp/ccL2uy18.ltrans0.ltrans.o
LOAD /tmp/ccL2uy18.ltrans1.ltrans.o
LOAD /tmp/ccL2uy18.ltrans2.ltrans.o
LOAD /tmp/ccL2uy18.ltrans3.ltrans.o
LOAD /tmp/cc1jOUBz.debug.temp.o
LOAD /tmp/ccZe1Klg.debug.temp.o
LOAD /tmp/ccXLFLXu.debug.temp.o
LOAD /tmp/cc6WDKVK.debug.temp.o
LOAD /tmp/ccy33v82.debug.temp.o
LOAD /tmp/ccuvkyZf.debug.temp.o
LOAD /tmp/ccy4cUkz.debug.temp.o
LOAD /tmp/ccD40Jrg.debug.temp.o
LOAD /tmp/ccI9ZsOa.debug.temp.o
LOAD /tmp/ccUabo5v.debug.temp.o
LOAD /tmp/ccFWN1xY.debug.temp.o
LOAD /tmp/ccmOaXDC.debug.temp.o
LOAD /tmp/cctVnOfF.debug.temp.o
LOAD /tmp/ccKl5Afr.debug.temp.o
LOAD /tmp/ccjdkJgC.debug.temp.o
LOAD /tmp/ccDPWuRu.debug.temp.o
LOAD /tmp/cctbl0Im.debug.temp.o
LOAD /tmp/ccYbBZPD.debug.temp.o
LOAD /tmp/ccCtImoX.debug.temp.o
LOAD /tmp/ccpofebp.debug.temp.o
LOAD /tmp/cch9YJHu.debug.temp.o
LOAD /tmp/ccypwKxi.debug.temp.o
LOAD /tmp/ccwKg5vi.debug.temp.o
LOAD /tmp/ccyW3u4Y.debug.temp.o
LOAD /tmp/ccOFzbKD.debug.temp.o
LOAD /tmp/ccBcCkSJ.debug.temp.o
LOAD /tmp/ccSY8QRr.debug.temp.o
LOAD /tmp/ccGO3Are.debug.temp.o
LOAD /tmp/ccDYFce3.debug.temp.o
LOAD /tmp/ccjIzzZj.debug.temp.o
LOAD /tmp/ccr2FPfd.debug.temp.o
LOAD /tmp/ccLlQmO8.debug.temp.o
LOAD /tmp/ccUZ0J1H.debug.temp.o
LOAD /tmp/ccu85gJ6.debug.temp.o
LOAD /tmp/ccK25CTd.debug.temp.o
LOAD /tmp/cc1BOt1s.debug.temp.o
LOAD /tmp/ccgkmnY4.debug.temp.o
LOAD /tmp/ccBSWuVv.debug.temp.o
LOAD /tmp/cclAYekv.debug.temp.o
LOAD /tmp/ccI607sL.debug.temp.o
LOAD /tmp/ccglX9RA.debug.temp.o
LOAD /tmp/ccK6OaNt.debug.temp.o
LOAD /tmp/ccYfM3R2.debug.temp.o
LOAD /tmp/ccOSi5p8.debug.temp.o
LOAD /tmp/ccbBYWc2.debug.temp.o
LOAD /tmp/cceGy4UJ.debug.temp.o
LOAD /tmp/ccMoUoGI.debug.temp.o
LOAD /tmp/ccd89hQy.debug.temp.o
LOAD /tmp/ccZllYkq.debug.temp.o
LOAD /tmp/ccq9l208.debug.temp.o
LOAD /tmp/ccl3vRI8.debug.temp.o
LOAD /tmp/ccVBXSfU.debug.temp.o
LOAD /tmp/ccjBe2He.debug.temp.o
LOAD /tmp/cc7Kw7Lj.debug.temp.o
LOAD /tmp/ccQorK62.debug.temp.o
LOAD /tmp/ccMGHOAj.debug.temp.o
LOAD /tmp/ccYkvJqq.debug.temp.o
LOAD /tmp/ccsAW8PI.debug.temp.o
LOAD /tmp/ccvKy2ts.debug.temp.o
LOAD /tmp/ccHH9RvJ.debug.temp.o
LOAD /tmp/ccTg6b74.debug.temp.o
LOAD /tmp/ccDtTykI.debug.temp.o
LOAD /tmp/ccT64Lro.debug.temp.o
LOAD /tmp/ccd3jXGq.debug.temp.o
LOAD /tmp/ccCkBor1.debug.temp.o
LOAD /tmp/ccmCYRCq.debug.temp.o
LOAD /tmp/ccCO5xmn.debug.temp.o
LOAD /tmp/ccuIF1vN.debug.temp.o
LOAD /tmp/ccEHRcxt.debug.temp.o
LOAD /tmp/ccsMT77G.debug.temp.o
LOAD /tmp/cc8YG588.debug.temp.o
LOAD /tmp/ccvj0tYq.debug.temp.o
LOAD /tmp/cc3ODPoi.debug.temp.o
LOAD /tmp/cc9MLH7P.debug.temp.o
LOAD /tmp/ccErxV0t.debug.temp.o
LOAD /tmp/ccW5vgyM.debug.temp.o
LOAD /tmp/cc9Z4d8t.debug.temp.o
LOAD /tmp/ccSHDzUv.debug.temp.o
LOAD /tmp/cc9X31K8.debug.temp.o
LOAD /tmp/cc0jVW1I.debug.temp.o
LOAD /tmp/ccA6JhAe.debug.temp.o
LOAD /tmp/ccscjL1l.debug.temp.o
LOAD /tmp/ccdtgmFL.debug.temp.o
LOAD /tmp/ccaFitII.debug.temp.o
LOAD /tmp/ccB6izEm.debug.temp.o
LOAD /tmp/ccxQP9w1.debug.temp.o
LOAD /tmp/ccfVbcht.debug.temp.o
LOAD /tmp/cchmCLLW.debug.temp.o
LOAD /tmp/cc7MmtDC.debug.temp.o
LOAD /tmp/ccnXOvlp.debug.temp.o
LOAD /tmp/ccPLHv9V.debug.temp.o
LOAD /tmp/cco58Sjo.debug.temp.o
LOAD /tmp/ccb3lmdE.debug.temp.o
LOAD /tmp/ccXcuFny.debug.temp.o
LOAD /tmp/cc0vhc0q.debug.temp.o
LOAD /tmp/ccpsymYU.debug.temp.o
LOAD /tmp/ccNmXPQr.debug.temp.o
LOAD /tmp/ccqXX8Yx.debug.temp.o
LOAD /tmp/ccJWzjsN.debug.temp.o
LOAD /tmp/ccVbkuFn.debug.temp.o
LOAD /tmp/ccbPnRwD.debug.temp.o
LOAD /tmp/ccxL2Lou.debug.temp.o
LOAD /home/edk2mtk/edk2-mt6765/workspace/Build/MT6771Pkg/DEBUG_GCC5/AARCH64/MdeModulePkg/Core/Dxe/DxeMain/OUTPUT/DxeCore.lib
LOAD /home/edk2mtk/edk2-mt6765/workspace/Build/MT6771Pkg/DEBUG_GCC5/AARCH64/MdePkg/Library/BasePcdLibNull/BasePcdLibNull/OUTPUT/BasePcdLibNull.lib
LOAD /home/edk2mtk/edk2-mt6765/workspace/Build/MT6771Pkg/DEBUG_GCC5/AARCH64/MdePkg/Library/BaseLib/BaseLib/OUTPUT/BaseLib.lib
LOAD /home/edk2mtk/edk2-mt6765/workspace/Build/MT6771Pkg/DEBUG_GCC5/AARCH64/MdePkg/Library/BaseMemoryLibOptDxe/BaseMemoryLibOptDxe/OUTPUT/BaseMemoryLibOptDxe.lib
LOAD /home/edk2mtk/edk2-mt6765/workspace/Build/MT6771Pkg/DEBUG_GCC5/AARCH64/MdePkg/Library/RegisterFilterLibNull/RegisterFilterLibNull/OUTPUT/FilterLibNull.lib
LOAD /home/edk2mtk/edk2-mt6765/workspace/Build/MT6771Pkg/DEBUG_GCC5/AARCH64/MdePkg/Library/DxeCoreEntryPoint/DxeCoreEntryPoint/OUTPUT/DxeCoreEntryPoint.lib
LOAD /home/edk2mtk/edk2-mt6765/workspace/Build/MT6771Pkg/DEBUG_GCC5/AARCH64/ArmPkg/Library/ArmLib/ArmBaseLib/OUTPUT/ArmBaseLib.lib
LOAD /home/edk2mtk/edk2-mt6765/workspace/Build/MT6771Pkg/DEBUG_GCC5/AARCH64/MdePkg/Library/BaseIoLibIntrinsic/BaseIoLibIntrinsic/OUTPUT/BaseIoLibIntrinsic.lib
LOAD /home/edk2mtk/edk2-mt6765/workspace/Build/MT6771Pkg/DEBUG_GCC5/AARCH64/ArmPkg/Library/CompilerIntrinsicsLib/CompilerIntrinsicsLib/OUTPUT/CompilerIntrinsicsLib.lib
LOAD /home/edk2mtk/edk2-mt6765/workspace/Build/MT6771Pkg/DEBUG_GCC5/AARCH64/MdePkg/Library/DxeCoreHobLib/DxeCoreHobLib/OUTPUT/DxeCoreHobLib.lib
LOAD /home/edk2mtk/edk2-mt6765/workspace/Build/MT6771Pkg/DEBUG_GCC5/AARCH64/ArmPkg/Library/ArmCacheMaintenanceLib/ArmCacheMaintenanceLib/OUTPUT/ArmCacheMaintenanceLib.lib
LOAD /home/edk2mtk/edk2-mt6765/workspace/Build/MT6771Pkg/DEBUG_GCC5/AARCH64/MdePkg/Library/BaseDebugPrintErrorLevelLib/BaseDebugPrintErrorLevelLib/OUTPUT/BaseDebugPrintErrorLevelLib.lib
LOAD /home/edk2mtk/edk2-mt6765/workspace/Build/MT6771Pkg/DEBUG_GCC5/AARCH64/MT6771Pkg/Library/FrameBufferSerialPortLib/FrameBufferSerialPortLib/OUTPUT/FrameBufferSerialPortLib.lib
LOAD /home/edk2mtk/edk2-mt6765/workspace/Build/MT6771Pkg/DEBUG_GCC5/AARCH64/MdePkg/Library/BasePrintLib/BasePrintLib/OUTPUT/BasePrintLib.lib
LOAD /home/edk2mtk/edk2-mt6765/workspace/Build/MT6771Pkg/DEBUG_GCC5/AARCH64/MdePkg/Library/BaseDebugLibSerialPort/BaseDebugLibSerialPort/OUTPUT/BaseDebugLibSerialPort.lib
LOAD /home/edk2mtk/edk2-mt6765/workspace/Build/MT6771Pkg/DEBUG_GCC5/AARCH64/MdeModulePkg/Library/DxeCoreMemoryAllocationLib/DxeCoreMemoryAllocationLib/OUTPUT/DxeCoreMemoryAllocationLib.lib
LOAD /home/edk2mtk/edk2-mt6765/workspace/Build/MT6771Pkg/DEBUG_GCC5/AARCH64/MdePkg/Library/UefiRuntimeServicesTableLib/UefiRuntimeServicesTableLib/OUTPUT/UefiRuntimeServicesTableLib.lib
LOAD /home/edk2mtk/edk2-mt6765/workspace/Build/MT6771Pkg/DEBUG_GCC5/AARCH64/MdePkg/Library/UefiDevicePathLib/UefiDevicePathLib/OUTPUT/UefiDevicePathLib.lib
LOAD /home/edk2mtk/edk2-mt6765/workspace/Build/MT6771Pkg/DEBUG_GCC5/AARCH64/MdePkg/Library/UefiBootServicesTableLib/UefiBootServicesTableLib/OUTPUT/UefiBootServicesTableLib.lib
LOAD /home/edk2mtk/edk2-mt6765/workspace/Build/MT6771Pkg/DEBUG_GCC5/AARCH64/MdePkg/Library/BasePeCoffGetEntryPointLib/BasePeCoffGetEntryPointLib/OUTPUT/BasePeCoffGetEntryPointLib.lib
LOAD /home/edk2mtk/edk2-mt6765/workspace/Build/MT6771Pkg/DEBUG_GCC5/AARCH64/ArmPkg/Library/ArmGenericTimerPhyCounterLib/ArmGenericTimerPhyCounterLib/OUTPUT/ArmGenericTimerPhyCounterLib.lib
LOAD /home/edk2mtk/edk2-mt6765/workspace/Build/MT6771Pkg/DEBUG_GCC5/AARCH64/MdePkg/Library/UefiLib/UefiLib/OUTPUT/UefiLib.lib
LOAD /home/edk2mtk/edk2-mt6765/workspace/Build/MT6771Pkg/DEBUG_GCC5/AARCH64/ArmPkg/Library/ArmDisassemblerLib/ArmDisassemblerLib/OUTPUT/ArmDisassemblerLib.lib
LOAD /home/edk2mtk/edk2-mt6765/workspace/Build/MT6771Pkg/DEBUG_GCC5/AARCH64/ArmPkg/Library/ArmArchTimerLib/ArmArchTimerLib/OUTPUT/ArmArchTimerLib.lib
LOAD /home/edk2mtk/edk2-mt6765/workspace/Build/MT6771Pkg/DEBUG_GCC5/AARCH64/MdePkg/Library/DxeServicesLib/DxeServicesLib/OUTPUT/DxeServicesLib.lib
LOAD /home/edk2mtk/edk2-mt6765/workspace/Build/MT6771Pkg/DEBUG_GCC5/AARCH64/MdeModulePkg/Library/DxeReportStatusCodeLib/DxeReportStatusCodeLib/OUTPUT/DxeReportStatusCodeLib.lib
LOAD /home/edk2mtk/edk2-mt6765/workspace/Build/MT6771Pkg/DEBUG_GCC5/AARCH64/ArmPkg/Library/DebugPeCoffExtraActionLib/DebugPeCoffExtraActionLib/OUTPUT/DebugUnixPeCoffExtraActionLib.lib
LOAD /home/edk2mtk/edk2-mt6765/workspace/Build/MT6771Pkg/DEBUG_GCC5/AARCH64/ArmPkg/Library/DefaultExceptionHandlerLib/DefaultExceptionHandlerLib/OUTPUT/DefaultExceptionHandlerLib.lib
LOAD /home/edk2mtk/edk2-mt6765/workspace/Build/MT6771Pkg/DEBUG_GCC5/AARCH64/MdePkg/Library/DxeExtractGuidedSectionLib/DxeExtractGuidedSectionLib/OUTPUT/DxeExtractGuidedSectionLib.lib
LOAD /home/edk2mtk/edk2-mt6765/workspace/Build/MT6771Pkg/DEBUG_GCC5/AARCH64/MdePkg/Library/BaseUefiDecompressLib/BaseUefiDecompressLib/OUTPUT/BaseUefiDecompressLib.lib
LOAD /home/edk2mtk/edk2-mt6765/workspace/Build/MT6771Pkg/DEBUG_GCC5/AARCH64/MdeModulePkg/Library/DxeCorePerformanceLib/DxeCorePerformanceLib/OUTPUT/DxeCorePerformanceLib.lib
LOAD /home/edk2mtk/edk2-mt6765/workspace/Build/MT6771Pkg/DEBUG_GCC5/AARCH64/MdePkg/Library/BasePeCoffLib/BasePeCoffLib/OUTPUT/BasePeCoffLib.lib
LOAD /home/edk2mtk/edk2-mt6765/workspace/Build/MT6771Pkg/DEBUG_GCC5/AARCH64/MdeModulePkg/Library/DebugAgentLibNull/DebugAgentLibNull/OUTPUT/DebugAgentLibNull.lib
LOAD /home/edk2mtk/edk2-mt6765/workspace/Build/MT6771Pkg/DEBUG_GCC5/AARCH64/ArmPkg/Library/ArmExceptionLib/ArmExceptionLib/OUTPUT/ArmExceptionLib.lib
LOAD /home/edk2mtk/edk2-mt6765/workspace/Build/MT6771Pkg/DEBUG_GCC5/AARCH64/MdePkg/Library/BaseStackCheckLib/BaseStackCheckLib/OUTPUT/BaseStackCheckLib.lib
LOAD /home/edk2mtk/edk2-mt6765/workspace/Build/MT6771Pkg/DEBUG_GCC5/AARCH64/MdeModulePkg/Library/DxeCrc32GuidedSectionExtractLib/DxeCrc32GuidedSectionExtractLib/OUTPUT/DxeCrc32GuidedSectionExtractLib.lib
END GROUP
                0x0000000000000228                . = PECOFF_HEADER_SIZE

.gnu.version_d  0x0000000000000228        0x0
 .gnu.version_d
                0x0000000000000228        0x0 /home/edk2mtk/edk2-mt6765/edk2/ArmPkg/Library/GccLto/liblto-aarch64.a

.gnu.version    0x0000000000000228        0x0
 .gnu.version   0x0000000000000228        0x0 /home/edk2mtk/edk2-mt6765/edk2/ArmPkg/Library/GccLto/liblto-aarch64.a

.gnu.version_r  0x0000000000000228        0x0
 .gnu.version_r
                0x0000000000000228        0x0 /home/edk2mtk/edk2-mt6765/edk2/ArmPkg/Library/GccLto/liblto-aarch64.a

.text           0x0000000000001000    0x26560
 *(.text .text.* .stub .gnu.linkonce.t.*)
 .text.CoreEfiNotAvailableYetArg1
                0x0000000000001000        0xc /tmp/ccL2uy18.ltrans0.ltrans.o
 .text.CoreEfiNotAvailableYetArg2
                0x000000000000100c        0xc /tmp/ccL2uy18.ltrans0.ltrans.o
 .text.CoreEfiNotAvailableYetArg3
                0x0000000000001018        0xc /tmp/ccL2uy18.ltrans0.ltrans.o
 .text.CoreEfiNotAvailableYetArg4
                0x0000000000001024        0xc /tmp/ccL2uy18.ltrans0.ltrans.o
 .text.CoreEfiNotAvailableYetArg5
                0x0000000000001030        0xc /tmp/ccL2uy18.ltrans0.ltrans.o
 .text.GetMachineTypeName
                0x000000000000103c       0x78 /tmp/ccL2uy18.ltrans0.ltrans.o
 .text.SortMemoryMap.lto_priv.0
                0x00000000000010b4       0xd4 /tmp/ccL2uy18.ltrans0.ltrans.o
 .text.CoreInternalWaitForTick
                0x0000000000001188       0x60 /tmp/ccL2uy18.ltrans0.ltrans.o
 .text.EfiSizeToPages
                0x00000000000011e8       0x2c /tmp/ccL2uy18.ltrans0.ltrans.o
 .text.GetPermissionAttributeForMemoryType
                0x0000000000001214       0x34 /tmp/ccL2uy18.ltrans0.ltrans.o
 .text.BaseDebugLibSerialPortConstructor
                0x0000000000001248       0x7c /tmp/ccL2uy18.ltrans0.ltrans.o
 .text.DxeMainUefiDecompressGetInfo
                0x00000000000012c4       0x30 /tmp/ccL2uy18.ltrans0.ltrans.o
 .text.DxeMainUefiDecompress
                0x00000000000012f4       0xe8 /tmp/ccL2uy18.ltrans0.ltrans.o
 .text.CoreStall
                0x00000000000013dc       0xd4 /tmp/ccL2uy18.ltrans0.ltrans.o
 .text.CoreSetWatchdogTimer
                0x00000000000014b0       0x58 /tmp/ccL2uy18.ltrans0.ltrans.o
 .text.memcpy   0x0000000000001508       0x20 /tmp/ccL2uy18.ltrans0.ltrans.o
                0x0000000000001508                memcpy
 .text.DebugPrint
                0x0000000000001528       0xd4 /tmp/ccL2uy18.ltrans0.ltrans.o
                0x0000000000001528                DebugPrint
 .text.DebugAssert
                0x00000000000015fc       0x80 /tmp/ccL2uy18.ltrans0.ltrans.o
                0x00000000000015fc                DebugAssert
 .text.DebugClearMemory.isra.0
                0x000000000000167c       0x48 /tmp/ccL2uy18.ltrans0.ltrans.o
                0x000000000000167c                DebugClearMemory.isra.0
 .text.DebugAssertEnabled
                0x00000000000016c4        0x8 /tmp/ccL2uy18.ltrans0.ltrans.o
                0x00000000000016c4                DebugAssertEnabled
 .text.CoreReadImageFile
                0x00000000000016cc       0xd4 /tmp/ccL2uy18.ltrans0.ltrans.o
 .text.CoreNewDebugImageInfoEntry.constprop.0
                0x00000000000017a0      0x12c /tmp/ccL2uy18.ltrans0.ltrans.o
 .text.GetImageRecordByAddress
                0x00000000000018cc       0xb0 /tmp/ccL2uy18.ltrans0.ltrans.o
 .text.SortImageRecordCodeSection
                0x000000000000197c       0xe8 /tmp/ccL2uy18.ltrans0.ltrans.o
 .text.CoreGetNextLocateByRegisterNotify
                0x0000000000001a64       0xc4 /tmp/ccL2uy18.ltrans0.ltrans.o
 .text.CoreGetNextLocateAllHandles
                0x0000000000001b28       0x80 /tmp/ccL2uy18.ltrans0.ltrans.o
 .text.CoreGetNextLocateByProtocol
                0x0000000000001ba8       0xb4 /tmp/ccL2uy18.ltrans0.ltrans.o
 .text.DebugPrintEnabled
                0x0000000000001c5c        0x8 /tmp/ccL2uy18.ltrans0.ltrans.o
                0x0000000000001c5c                DebugPrintEnabled
 .text.DebugCodeEnabled
                0x0000000000001c64        0x8 /tmp/ccL2uy18.ltrans0.ltrans.o
                0x0000000000001c64                DebugCodeEnabled
 .text.DebugClearMemoryEnabled
                0x0000000000001c6c        0x8 /tmp/ccL2uy18.ltrans0.ltrans.o
                0x0000000000001c6c                DebugClearMemoryEnabled
 .text.DebugPrintLevelEnabled
                0x0000000000001c74        0x8 /tmp/ccL2uy18.ltrans0.ltrans.o
                0x0000000000001c74                DebugPrintLevelEnabled
 .text.ProcessLibraryConstructorList
                0x0000000000001c7c      0x490 /tmp/ccL2uy18.ltrans0.ltrans.o
 .text.CustomGuidedSectionExtract
                0x000000000000210c      0x2c8 /tmp/ccL2uy18.ltrans0.ltrans.o
 .text.CoreLoadedImageInfo
                0x00000000000023d4       0xbc /tmp/ccL2uy18.ltrans0.ltrans.o
 .text.SetMemoryAttributesTableSectionAlignment
                0x0000000000002490       0x44 /tmp/ccL2uy18.ltrans0.ltrans.o
 .text.IsImageRecordCodeSectionValid
                0x00000000000024d4       0xfc /tmp/ccL2uy18.ltrans0.ltrans.o
 .text.SetUefiImageMemoryAttributes
                0x00000000000025d0      0x100 /tmp/ccL2uy18.ltrans0.ltrans.o
 .text.ProtectUefiImage
                0x00000000000026d0      0x6a4 /tmp/ccL2uy18.ltrans0.ltrans.o
 .text.__stack_chk_fail
                0x0000000000002d74       0x24 /tmp/ccL2uy18.ltrans0.ltrans.o
                0x0000000000002d74                __stack_chk_fail
 .text.CalculateEfiHdrCrc
                0x0000000000002d98       0x78 /tmp/ccL2uy18.ltrans0.ltrans.o
                0x0000000000002d98                CalculateEfiHdrCrc
 .text.CoreExitBootServices
                0x0000000000002e10      0x224 /tmp/ccL2uy18.ltrans0.ltrans.o
 .text.CoreInstallConfigurationTable
                0x0000000000003034      0x180 /tmp/ccL2uy18.ltrans0.ltrans.o
 .text.OpenSectionStreamEx
                0x00000000000031b4       0xe4 /tmp/ccL2uy18.ltrans0.ltrans.o
                0x00000000000031b4                OpenSectionStreamEx
 .text.FindStreamNode
                0x0000000000003298      0x130 /tmp/ccL2uy18.ltrans0.ltrans.o
                0x0000000000003298                FindStreamNode
 .text.CloseSectionStream.isra.0
                0x00000000000033c8      0x15c /tmp/ccL2uy18.ltrans0.ltrans.o
                0x00000000000033c8                CloseSectionStream.isra.0
 .text.MergeMemoryMap
                0x0000000000003524      0x150 /tmp/ccL2uy18.ltrans0.ltrans.o
                0x0000000000003524                MergeMemoryMap
 .text.ApplyMemoryProtectionPolicy.isra.0
                0x0000000000003674       0x60 /tmp/ccL2uy18.ltrans0.ltrans.o
                0x0000000000003674                ApplyMemoryProtectionPolicy.isra.0
 .text.CoreAcquireLockOrFail
                0x00000000000036d4       0x68 /tmp/ccL2uy18.ltrans0.ltrans.o
                0x00000000000036d4                CoreAcquireLockOrFail
 .text.CoreAcquireLock
                0x000000000000373c       0x54 /tmp/ccL2uy18.ltrans0.ltrans.o
                0x000000000000373c                CoreAcquireLock
 .text.CoreReleaseLock
                0x0000000000003790       0x4c /tmp/ccL2uy18.ltrans0.ltrans.o
                0x0000000000003790                CoreReleaseLock
 .text.CoreGetMemoryMapWithSeparatedImageSection
                0x00000000000037dc      0x594 /tmp/ccL2uy18.ltrans0.ltrans.o
 .text.InstallMemoryAttributesTable
                0x0000000000003d70      0x3ec /tmp/ccL2uy18.ltrans0.ltrans.o
 .text.InstallMemoryAttributesTableOnReadyToBoot
                0x000000000000415c       0x20 /tmp/ccL2uy18.ltrans0.ltrans.o
 .text.InstallMemoryAttributesTableOnEndOfDxe
                0x000000000000417c       0x10 /tmp/ccL2uy18.ltrans0.ltrans.o
 .text.InstallMemoryAttributesTableOnMemoryAllocation
                0x000000000000418c       0x20 /tmp/ccL2uy18.ltrans0.ltrans.o
                0x000000000000418c                InstallMemoryAttributesTableOnMemoryAllocation
 .text.CoreNotifyProtocolEntry
                0x00000000000041ac       0xb4 /tmp/ccL2uy18.ltrans0.ltrans.o
                0x00000000000041ac                CoreNotifyProtocolEntry
 .text.CoreAcquireProtocolLock
                0x0000000000004260        0xc /tmp/ccL2uy18.ltrans0.ltrans.o
                0x0000000000004260                CoreAcquireProtocolLock
 .text.CoreReleaseProtocolLock
                0x000000000000426c        0xc /tmp/ccL2uy18.ltrans0.ltrans.o
                0x000000000000426c                CoreReleaseProtocolLock
 .text.CoreValidateHandle
                0x0000000000004278       0xdc /tmp/ccL2uy18.ltrans0.ltrans.o
                0x0000000000004278                CoreValidateHandle
 .text.AddSortedDriverBindingProtocol
                0x0000000000004354      0x178 /tmp/ccL2uy18.ltrans0.ltrans.o
 .text.CoreDisconnectController
                0x00000000000044cc      0x5c8 /tmp/ccL2uy18.ltrans0.ltrans.o
                0x00000000000044cc                CoreDisconnectController
 .text.CoreFindProtocolEntry
                0x0000000000004a94      0x120 /tmp/ccL2uy18.ltrans0.ltrans.o
                0x0000000000004a94                CoreFindProtocolEntry
 .text.CoreRegisterProtocolNotify
                0x0000000000004bb4       0xc0 /tmp/ccL2uy18.ltrans0.ltrans.o
                0x0000000000004bb4                CoreRegisterProtocolNotify
 .text._ModuleEntryPoint
                0x0000000000004c74     0x1688 /tmp/ccL2uy18.ltrans0.ltrans.o
                0x0000000000004c74                _ModuleEntryPoint
 .text.InternalCoreLocateHandle
                0x00000000000062fc      0x188 /tmp/ccL2uy18.ltrans0.ltrans.o
 .text.CoreLocateHandle
                0x0000000000006484       0x3c /tmp/ccL2uy18.ltrans0.ltrans.o
                0x0000000000006484                CoreLocateHandle
 .text.PeCoffEmuProtocolNotify
                0x00000000000064c0       0xf8 /tmp/ccL2uy18.ltrans0.ltrans.o
 .text.CoreLocateHandleBuffer
                0x00000000000065b8      0x12c /tmp/ccL2uy18.ltrans0.ltrans.o
 .text.CoreUnloadAndCloseImage.constprop.0
                0x00000000000066e4      0x4f4 /tmp/ccL2uy18.ltrans0.ltrans.o
 .text.CoreExit
                0x0000000000006bd8      0x100 /tmp/ccL2uy18.ltrans0.ltrans.o
 .text.CoreUnloadImage
                0x0000000000006cd8       0x70 /tmp/ccL2uy18.ltrans0.ltrans.o
 .text.CoreLocateDevicePath
                0x0000000000006d48      0x210 /tmp/ccL2uy18.ltrans0.ltrans.o
                0x0000000000006d48                CoreLocateDevicePath
 .text.CoreLocateProtocol.part.0
                0x0000000000006f58      0x108 /tmp/ccL2uy18.ltrans0.ltrans.o
                0x0000000000006f58                CoreLocateProtocol.part.0
 .text.CoreLocateProtocol
                0x0000000000007060       0x1c /tmp/ccL2uy18.ltrans0.ltrans.o
                0x0000000000007060                CoreLocateProtocol
 .text.VerifyGuidedSectionGuid
                0x000000000000707c       0xa4 /tmp/ccL2uy18.ltrans0.ltrans.o
 .text.NotifyGuidedExtraction
                0x0000000000007120      0x17c /tmp/ccL2uy18.ltrans0.ltrans.o
 .text.CreateChildNode
                0x000000000000729c      0x458 /tmp/ccL2uy18.ltrans0.ltrans.o
 .text.FindChildNode.constprop.0
                0x00000000000076f4      0x34c /tmp/ccL2uy18.ltrans0.ltrans.o
                0x00000000000076f4                FindChildNode.constprop.0
 .text.MemoryProtectionCpuArchProtocolNotify
                0x0000000000007a40      0x560 /tmp/ccL2uy18.ltrans0.ltrans.o
 .text.CoreConnectController
                0x0000000000007fa0      0x798 /tmp/ccL2uy18.ltrans0.ltrans.o
                0x0000000000007fa0                CoreConnectController
 .text.CoreStartImage
                0x0000000000008738      0x4cc /tmp/ccL2uy18.ltrans0.ltrans.o
                0x0000000000008738                CoreStartImage
 .text.CoreFindProtocolInterface
                0x0000000000008c04       0xec /tmp/ccL2uy18.ltrans0.ltrans.o
                0x0000000000008c04                CoreFindProtocolInterface
 .text.CoreRemoveInterfaceFromProtocol
                0x0000000000008cf0       0xfc /tmp/ccL2uy18.ltrans0.ltrans.o
                0x0000000000008cf0                CoreRemoveInterfaceFromProtocol
 .text.CoreReinstallProtocolInterface
                0x0000000000008dec      0x104 /tmp/ccL2uy18.ltrans0.ltrans.o
 .text.CoreLoadImageCommon.constprop.0
                0x0000000000008ef0     0x1138 /tmp/ccL2uy18.ltrans0.ltrans.o
 .text.CoreLoadImage
                0x000000000000a028       0xb4 /tmp/ccL2uy18.ltrans0.ltrans.o
                0x000000000000a028                CoreLoadImage
 .text.CoreAllocateSpaceCheckEntry
                0x000000000000a0dc       0x40 /tmp/ccL2uy18.ltrans1.ltrans.o
 .text.GetPoolIndexFromSize
                0x000000000000a11c       0x2c /tmp/ccL2uy18.ltrans1.ltrans.o
 .text.MergeMemoryMapDescriptor.constprop.0
                0x000000000000a148       0x88 /tmp/ccL2uy18.ltrans1.ltrans.o
 .text.FwVolBlockSetAttributes
                0x000000000000a1d0        0x8 /tmp/ccL2uy18.ltrans1.ltrans.o
                0x000000000000a1d0                FwVolBlockSetAttributes
 .text.FwVolBlockEraseBlock
                0x000000000000a1d8        0x8 /tmp/ccL2uy18.ltrans1.ltrans.o
 .text.FwVolBlockWriteBlock
                0x000000000000a1e0        0x8 /tmp/ccL2uy18.ltrans1.ltrans.o
 .text.CoreSearchGcdMapEntry
                0x000000000000a1e8      0x12c /tmp/ccL2uy18.ltrans1.ltrans.o
 .text.UnsetGuardPage
                0x000000000000a314       0xa0 /tmp/ccL2uy18.ltrans1.ltrans.o
 .text.FwVolBlockGetAttributes
                0x000000000000a3b4       0x6c /tmp/ccL2uy18.ltrans1.ltrans.o
 .text.FwVolBlockGetPhysicalAddress
                0x000000000000a420       0x78 /tmp/ccL2uy18.ltrans1.ltrans.o
 .text.FwVolBlockGetBlockSize
                0x000000000000a498       0xc8 /tmp/ccL2uy18.ltrans1.ltrans.o
 .text.CoreGetProtocolInterface
                0x000000000000a560       0xbc /tmp/ccL2uy18.ltrans1.ltrans.o
 .text.RemoveMemoryMapEntry
                0x000000000000a61c       0x48 /tmp/ccL2uy18.ltrans1.ltrans.o
 .text.CoreOpenProtocol
                0x000000000000a664      0x378 /tmp/ccL2uy18.ltrans1.ltrans.o
                0x000000000000a664                CoreOpenProtocol
 .text.CoreHandleProtocol
                0x000000000000a9dc       0x14 /tmp/ccL2uy18.ltrans1.ltrans.o
                0x000000000000a9dc                CoreHandleProtocol
 .text.CoreOpenProtocolInformation
                0x000000000000a9f0      0x184 /tmp/ccL2uy18.ltrans1.ltrans.o
                0x000000000000a9f0                CoreOpenProtocolInformation
 .text.CoreProtocolsPerHandle
                0x000000000000ab74      0x124 /tmp/ccL2uy18.ltrans1.ltrans.o
                0x000000000000ab74                CoreProtocolsPerHandle
 .text.CoreGetIoSpaceDescriptor
                0x000000000000ac98      0x14c /tmp/ccL2uy18.ltrans1.ltrans.o
                0x000000000000ac98                CoreGetIoSpaceDescriptor
 .text.CoreGetIoSpaceMap
                0x000000000000ade4      0x144 /tmp/ccL2uy18.ltrans1.ltrans.o
                0x000000000000ade4                CoreGetIoSpaceMap
 .text.CoreInsertGcdMapEntry.isra.0
                0x000000000000af28      0x138 /tmp/ccL2uy18.ltrans1.ltrans.o
 .text.FwVolBlockReadBlock
                0x000000000000b060      0x104 /tmp/ccL2uy18.ltrans1.ltrans.o
 .text.CoreAddRange
                0x000000000000b164      0x260 /tmp/ccL2uy18.ltrans1.ltrans.o
 .text.CoreDumpGcdIoSpaceMap
                0x000000000000b3c4      0x1d8 /tmp/ccL2uy18.ltrans1.ltrans.o
                0x000000000000b3c4                CoreDumpGcdIoSpaceMap
 .text.CoreAcquireGcdMemoryLock
                0x000000000000b59c        0xc /tmp/ccL2uy18.ltrans1.ltrans.o
                0x000000000000b59c                CoreAcquireGcdMemoryLock
 .text.CoreReleaseGcdMemoryLock
                0x000000000000b5a8        0xc /tmp/ccL2uy18.ltrans1.ltrans.o
                0x000000000000b5a8                CoreReleaseGcdMemoryLock
 .text.CoreGetMemorySpaceDescriptor
                0x000000000000b5b4      0x14c /tmp/ccL2uy18.ltrans1.ltrans.o
                0x000000000000b5b4                CoreGetMemorySpaceDescriptor
 .text.CoreGetMemorySpaceMap
                0x000000000000b700      0x17c /tmp/ccL2uy18.ltrans1.ltrans.o
                0x000000000000b700                CoreGetMemorySpaceMap
 .text.CoreDumpGcdMemorySpaceMap
                0x000000000000b87c      0x1dc /tmp/ccL2uy18.ltrans1.ltrans.o
                0x000000000000b87c                CoreDumpGcdMemorySpaceMap
 .text.PageAlignAddress
                0x000000000000ba58       0x34 /tmp/ccL2uy18.ltrans1.ltrans.o
                0x000000000000ba58                PageAlignAddress
 .text.PageAlignLength
                0x000000000000ba8c       0x30 /tmp/ccL2uy18.ltrans1.ltrans.o
                0x000000000000ba8c                PageAlignLength
 .text.CoreConvertResourceDescriptorHobAttributesToCapabilities
                0x000000000000babc       0x4c /tmp/ccL2uy18.ltrans1.ltrans.o
                0x000000000000babc                CoreConvertResourceDescriptorHobAttributesToCapabilities
 .text.FindLargestFreeRegion
                0x000000000000bb08      0x128 /tmp/ccL2uy18.ltrans1.ltrans.o
                0x000000000000bb08                FindLargestFreeRegion
 .text.CoreAcquireMemoryLock
                0x000000000000bc30        0xc /tmp/ccL2uy18.ltrans1.ltrans.o
                0x000000000000bc30                CoreAcquireMemoryLock
 .text.CoreReleaseMemoryLock
                0x000000000000bc3c        0xc /tmp/ccL2uy18.ltrans1.ltrans.o
                0x000000000000bc3c                CoreReleaseMemoryLock
 .text.SetGuardPage
                0x000000000000bc48       0xa0 /tmp/ccL2uy18.ltrans1.ltrans.o
                0x000000000000bc48                SetGuardPage
 .text.IsHeapGuardEnabled
                0x000000000000bce8        0x8 /tmp/ccL2uy18.ltrans1.ltrans.o
                0x000000000000bce8                IsHeapGuardEnabled
 .text.GetLastGuardedFreePageAddress
                0x000000000000bcf0       0xe8 /tmp/ccL2uy18.ltrans1.ltrans.o
                0x000000000000bcf0                GetLastGuardedFreePageAddress
 .text.PromoteMemoryResource
                0x000000000000bdd8      0x138 /tmp/ccL2uy18.ltrans1.ltrans.o
 .text.CoreInternalAllocatePages.part.0
                0x000000000000bf10      0x208 /tmp/ccL2uy18.ltrans1.ltrans.o
 .text.FindGuardedMemoryMap
                0x000000000000c118      0x2d4 /tmp/ccL2uy18.ltrans1.ltrans.o
 .text.SetGuardedMemoryBits
                0x000000000000c3ec      0x15c /tmp/ccL2uy18.ltrans1.ltrans.o
 .text.ClearGuardedMemoryBits
                0x000000000000c548      0x15c /tmp/ccL2uy18.ltrans1.ltrans.o
 .text.GetGuardedMemoryBits
                0x000000000000c6a4      0x17c /tmp/ccL2uy18.ltrans1.ltrans.o
                0x000000000000c6a4                GetGuardedMemoryBits
 .text.IsGuardPage
                0x000000000000c820       0x2c /tmp/ccL2uy18.ltrans1.ltrans.o
                0x000000000000c820                IsGuardPage
 .text.CoreFindFreePagesI.isra.0
                0x000000000000c84c      0x20c /tmp/ccL2uy18.ltrans1.ltrans.o
 .text.FindFreePages
                0x000000000000ca58      0x100 /tmp/ccL2uy18.ltrans1.ltrans.o
 .text.SetGuardForMemory
                0x000000000000cb58       0x58 /tmp/ccL2uy18.ltrans1.ltrans.o
 .text.AdjustMemoryF
                0x000000000000cbb0       0x8c /tmp/ccL2uy18.ltrans1.ltrans.o
 .text.UnsetGuardForMemory.part.0
                0x000000000000cc3c       0x84 /tmp/ccL2uy18.ltrans1.ltrans.o
 .text.CoreConvertPagesWithGuard
                0x000000000000ccc0       0xa0 /tmp/ccL2uy18.ltrans1.ltrans.o
 .text.CoreAllocatePoolPages
                0x000000000000cd60       0x98 /tmp/ccL2uy18.ltrans1.ltrans.o
 .text.CoreAllocatePoolPagesI
                0x000000000000cdf8       0x90 /tmp/ccL2uy18.ltrans1.ltrans.o
 .text.CoreAllocatePoolI
                0x000000000000ce88      0x3f8 /tmp/ccL2uy18.ltrans1.ltrans.o
 .text.LookupPoolHead.part.0
                0x000000000000d280       0xfc /tmp/ccL2uy18.ltrans1.ltrans.o
 .text.CoreInternalAllocatePool.part.0
                0x000000000000d37c       0x88 /tmp/ccL2uy18.ltrans1.ltrans.o
 .text.RegisterMemoryProfileImage
                0x000000000000d404        0x8 /tmp/ccL2uy18.ltrans1.ltrans.o
                0x000000000000d404                RegisterMemoryProfileImage
 .text.CoreFreeMemoryMapStack
                0x000000000000d40c      0x23c /tmp/ccL2uy18.ltrans1.ltrans.o
 .text.CoreConvertPagesEx
                0x000000000000d648      0x648 /tmp/ccL2uy18.ltrans1.ltrans.o
 .text.CoreConvertPages
                0x000000000000dc90       0x14 /tmp/ccL2uy18.ltrans1.ltrans.o
 .text.DumpGuardedMemoryBitmap
                0x000000000000dca4        0x4 /tmp/ccL2uy18.ltrans1.ltrans.o
                0x000000000000dca4                DumpGuardedMemoryBitmap
 .text.CoreGetMemoryMap
                0x000000000000dca8      0x6a8 /tmp/ccL2uy18.ltrans1.ltrans.o
                0x000000000000dca8                CoreGetMemoryMap
 .text.GuardFreedPages.part.0
                0x000000000000e350       0x8c /tmp/ccL2uy18.ltrans1.ltrans.o
                0x000000000000e350                GuardFreedPages.part.0
 .text.CoreFreePoolPagesI
                0x000000000000e3dc       0x54 /tmp/ccL2uy18.ltrans1.ltrans.o
 .text.CoreFreePoolI
                0x000000000000e430      0x35c /tmp/ccL2uy18.ltrans1.ltrans.o
 .text.CoreInternalFreePool
                0x000000000000e78c       0x58 /tmp/ccL2uy18.ltrans1.ltrans.o
 .text.UnregisterMemoryProfileImage
                0x000000000000e7e4        0x8 /tmp/ccL2uy18.ltrans1.ltrans.o
                0x000000000000e7e4                UnregisterMemoryProfileImage
 .text.CoreAllocatePool
                0x000000000000e7ec       0x70 /tmp/ccL2uy18.ltrans1.ltrans.o
                0x000000000000e7ec                CoreAllocatePool
 .text.CoreFreePool
                0x000000000000e85c       0x68 /tmp/ccL2uy18.ltrans1.ltrans.o
                0x000000000000e85c                CoreFreePool
 .text.CoreInstallProtocolInterfaceNotify
                0x000000000000e8c4      0x27c /tmp/ccL2uy18.ltrans1.ltrans.o
                0x000000000000e8c4                CoreInstallProtocolInterfaceNotify
 .text.CoreInstallProtocolInterface
                0x000000000000eb40        0x8 /tmp/ccL2uy18.ltrans1.ltrans.o
                0x000000000000eb40                CoreInstallProtocolInterface
 .text.CoreDisconnectControllersUsingProtocolInterface
                0x000000000000eb48      0x170 /tmp/ccL2uy18.ltrans1.ltrans.o
                0x000000000000eb48                CoreDisconnectControllersUsingProtocolInterface
 .text.CoreUninstallProtocolInterface
                0x000000000000ecb8      0x104 /tmp/ccL2uy18.ltrans1.ltrans.o
                0x000000000000ecb8                CoreUninstallProtocolInterface
 .text.CoreInstallMultipleProtocolInterfaces
                0x000000000000edbc      0x234 /tmp/ccL2uy18.ltrans1.ltrans.o
                0x000000000000edbc                CoreInstallMultipleProtocolInterfaces
 .text.CoreUninstallMultipleProtocolInterfaces
                0x000000000000eff0      0x19c /tmp/ccL2uy18.ltrans1.ltrans.o
                0x000000000000eff0                CoreUninstallMultipleProtocolInterfaces
 .text.CoreCloseProtocol
                0x000000000000f18c      0x148 /tmp/ccL2uy18.ltrans1.ltrans.o
                0x000000000000f18c                CoreCloseProtocol
 .text.CoreAllocateGcdMapEntry
                0x000000000000f2d4       0x7c /tmp/ccL2uy18.ltrans1.ltrans.o
 .text.CoreMergeGcdMapEntry.isra.0
                0x000000000000f350      0x144 /tmp/ccL2uy18.ltrans1.ltrans.o
 .text.CoreCleanupGcdMapEntry.isra.0
                0x000000000000f494       0x78 /tmp/ccL2uy18.ltrans1.ltrans.o
 .text.CoreAllocateSpace
                0x000000000000f50c      0x5dc /tmp/ccL2uy18.ltrans1.ltrans.o
 .text.CoreAllocateMemorySpace
                0x000000000000fae8      0x17c /tmp/ccL2uy18.ltrans1.ltrans.o
                0x000000000000fae8                CoreAllocateMemorySpace
 .text.CoreAllocateIoSpace
                0x000000000000fc64      0x17c /tmp/ccL2uy18.ltrans1.ltrans.o
                0x000000000000fc64                CoreAllocateIoSpace
 .text.CoreConvertSpace
                0x000000000000fde0      0x52c /tmp/ccL2uy18.ltrans1.ltrans.o
 .text.CoreInternalAddMemorySpace
                0x000000000001030c       0xd8 /tmp/ccL2uy18.ltrans1.ltrans.o
                0x000000000001030c                CoreInternalAddMemorySpace
 .text.CoreFreeMemorySpace
                0x00000000000103e4       0x68 /tmp/ccL2uy18.ltrans1.ltrans.o
                0x00000000000103e4                CoreFreeMemorySpace
 .text.CoreRemoveMemorySpace
                0x000000000001044c       0x68 /tmp/ccL2uy18.ltrans1.ltrans.o
                0x000000000001044c                CoreRemoveMemorySpace
 .text.CoreSetMemorySpaceAttributes
                0x00000000000104b4       0x88 /tmp/ccL2uy18.ltrans1.ltrans.o
                0x00000000000104b4                CoreSetMemorySpaceAttributes
 .text.CoreSetMemorySpaceCapabilities
                0x000000000001053c       0xcc /tmp/ccL2uy18.ltrans1.ltrans.o
                0x000000000001053c                CoreSetMemorySpaceCapabilities
 .text.CoreAddIoSpace
                0x0000000000010608       0xc0 /tmp/ccL2uy18.ltrans1.ltrans.o
                0x0000000000010608                CoreAddIoSpace
 .text.CoreFreeIoSpace
                0x00000000000106c8       0x68 /tmp/ccL2uy18.ltrans1.ltrans.o
                0x00000000000106c8                CoreFreeIoSpace
 .text.CoreRemoveIoSpace
                0x0000000000010730       0x68 /tmp/ccL2uy18.ltrans1.ltrans.o
                0x0000000000010730                CoreRemoveIoSpace
 .text.CoreAllocatePages
                0x0000000000010798       0x98 /tmp/ccL2uy18.ltrans1.ltrans.o
                0x0000000000010798                CoreAllocatePages
 .text.CoreFreePages
                0x0000000000010830      0x150 /tmp/ccL2uy18.ltrans1.ltrans.o
                0x0000000000010830                CoreFreePages
 .text.CoreAddMemoryDescriptor
                0x0000000000010980      0x278 /tmp/ccL2uy18.ltrans1.ltrans.o
                0x0000000000010980                CoreAddMemoryDescriptor
 .text.CoreAddMemorySpace
                0x0000000000010bf8      0x148 /tmp/ccL2uy18.ltrans1.ltrans.o
                0x0000000000010bf8                CoreAddMemorySpace
 .text.ProduceFVBProtocolOnBuffer
                0x0000000000010d40      0x234 /tmp/ccL2uy18.ltrans1.ltrans.o
                0x0000000000010d40                ProduceFVBProtocolOnBuffer
 .text.CoreProcessFirmwareVolume
                0x0000000000010f74       0xc8 /tmp/ccL2uy18.ltrans1.ltrans.o
                0x0000000000010f74                CoreProcessFirmwareVolume
 .text.ReadFvbData
                0x000000000001103c      0x194 /tmp/ccL2uy18.ltrans1.ltrans.o
                0x000000000001103c                ReadFvbData
 .text.GetFwVolHeader
                0x00000000000111d0      0x128 /tmp/ccL2uy18.ltrans1.ltrans.o
                0x00000000000111d0                GetFwVolHeader
 .text.NotifyFwVolBlock
                0x00000000000112f8      0x6f0 /tmp/ccL2uy18.ltrans1.ltrans.o
                0x00000000000112f8                NotifyFwVolBlock
 .text.CoreSetInterruptState
                0x00000000000119e8       0xdc /tmp/ccL2uy18.ltrans1.ltrans.o
                0x00000000000119e8                CoreSetInterruptState
 .text.EfiEventEmptyFunction
                0x0000000000011ac4        0x4 /tmp/ccL2uy18.ltrans2.ltrans.o
                0x0000000000011ac4                EfiEventEmptyFunction
 .text.FvWriteFile
                0x0000000000011ac8        0x8 /tmp/ccL2uy18.ltrans2.ltrans.o
                0x0000000000011ac8                FvWriteFile
 .text.FvSetVolumeAttributes
                0x0000000000011ad0        0x8 /tmp/ccL2uy18.ltrans2.ltrans.o
                0x0000000000011ad0                FvSetVolumeAttributes
 .text.FvGetVolumeInfo
                0x0000000000011ad8        0x8 /tmp/ccL2uy18.ltrans2.ltrans.o
                0x0000000000011ad8                FvGetVolumeInfo
 .text.FvSetVolumeInfo
                0x0000000000011ae0        0x8 /tmp/ccL2uy18.ltrans2.ltrans.o
                0x0000000000011ae0                FvSetVolumeInfo
 .text.PopBool  0x0000000000011ae8       0x38 /tmp/ccL2uy18.ltrans2.ltrans.o
 .text.FfsAttributes2FvFileAttributes
                0x0000000000011b20       0x30 /tmp/ccL2uy18.ltrans2.ltrans.o
 .text.AsciiStrnLenS
                0x0000000000011b50       0x3c /tmp/ccL2uy18.ltrans2.ltrans.o
 .text.BasePrintLibFillBuffer
                0x0000000000011b8c       0x34 /tmp/ccL2uy18.ltrans2.ltrans.o
 .text.FvGetVolumeAttributes
                0x0000000000011bc0       0xac /tmp/ccL2uy18.ltrans2.ltrans.o
                0x0000000000011bc0                FvGetVolumeAttributes
 .text.InternalBaseLibIsListValid
                0x0000000000011c6c       0xa8 /tmp/ccL2uy18.ltrans2.ltrans.o
 .text.StrSize  0x0000000000011d14       0xa4 /tmp/ccL2uy18.ltrans2.ltrans.o
 .text.ReadUnaligned16
                0x0000000000011db8       0x5c /tmp/ccL2uy18.ltrans2.ltrans.o
 .text.WriteUnaligned16.isra.0
                0x0000000000011e14       0x10 /tmp/ccL2uy18.ltrans2.ltrans.o
 .text.ReadUnaligned32
                0x0000000000011e24       0x50 /tmp/ccL2uy18.ltrans2.ltrans.o
 .text.StrnLenS
                0x0000000000011e74       0x70 /tmp/ccL2uy18.ltrans2.ltrans.o
 .text.InternalGetSectionFromFv.constprop.0
                0x0000000000011ee4       0xb4 /tmp/ccL2uy18.ltrans2.ltrans.o
 .text.CoreRaiseTpl
                0x0000000000011f98       0xc4 /tmp/ccL2uy18.ltrans2.ltrans.o
                0x0000000000011f98                CoreRaiseTpl
 .text.AsciiStrnCpyS.isra.0
                0x000000000001205c      0x190 /tmp/ccL2uy18.ltrans2.ltrans.o
 .text.UnicodeStrnToAsciiStrS.isra.0
                0x00000000000121ec      0x26c /tmp/ccL2uy18.ltrans2.ltrans.o
 .text.CoreReleaseEventLock
                0x0000000000012458        0xc /tmp/ccL2uy18.ltrans2.ltrans.o
 .text.CoreReleaseDispatcherLock
                0x0000000000012464        0xc /tmp/ccL2uy18.ltrans2.ltrans.o
 .text.CoreAcquireEventLock
                0x0000000000012470        0xc /tmp/ccL2uy18.ltrans2.ltrans.o
 .text.CoreAcquireDispatcherLock
                0x000000000001247c        0xc /tmp/ccL2uy18.ltrans2.ltrans.o
 .text.AsciiStrCpyS.constprop.0.isra.0
                0x0000000000012488       0xd8 /tmp/ccL2uy18.ltrans2.ltrans.o
 .text.CopyMem  0x0000000000012560       0xa0 /tmp/ccL2uy18.ltrans2.ltrans.o
                0x0000000000012560                CopyMem
 .text.CoreGetDepexSectionAndPreProccess.isra.0
                0x0000000000012600      0x108 /tmp/ccL2uy18.ltrans2.ltrans.o
 .text.IsZeroGuid
                0x0000000000012708        0x8 /tmp/ccL2uy18.ltrans2.ltrans.o
 .text.SetMem   0x0000000000012710       0x64 /tmp/ccL2uy18.ltrans2.ltrans.o
                0x0000000000012710                SetMem
 .text.CacheRangeOperation
                0x0000000000012774       0x4c /tmp/ccL2uy18.ltrans2.ltrans.o
 .text.FbConFlush
                0x00000000000127c0       0x38 /tmp/ccL2uy18.ltrans2.ltrans.o
 .text.GetPerformanceCounter
                0x00000000000127f8        0x4 /tmp/ccL2uy18.ltrans2.ltrans.o
 .text.MakeTable
                0x00000000000127fc      0x2b8 /tmp/ccL2uy18.ltrans2.ltrans.o
 .text.GetFileState.isra.0
                0x0000000000012ab4       0x30 /tmp/ccL2uy18.ltrans2.ltrans.o
                0x0000000000012ab4                GetFileState.isra.0
 .text.CalculateSum8
                0x0000000000012ae4       0x80 /tmp/ccL2uy18.ltrans2.ltrans.o
                0x0000000000012ae4                CalculateSum8
 .text.CalculateCheckSum8
                0x0000000000012b64       0x1c /tmp/ccL2uy18.ltrans2.ltrans.o
                0x0000000000012b64                CalculateCheckSum8
 .text.CalculateSum16
                0x0000000000012b80       0xd0 /tmp/ccL2uy18.ltrans2.ltrans.o
                0x0000000000012b80                CalculateSum16
 .text.LongJump.constprop.0
                0x0000000000012c50       0x58 /tmp/ccL2uy18.ltrans2.ltrans.o
                0x0000000000012c50                LongJump.constprop.0
 .text.RShiftU64
                0x0000000000012ca8       0x44 /tmp/ccL2uy18.ltrans2.ltrans.o
                0x0000000000012ca8                RShiftU64
 .text.HighBitSet64
                0x0000000000012cec       0x70 /tmp/ccL2uy18.ltrans2.ltrans.o
 .text.MultU64x32
                0x0000000000012d5c        0xc /tmp/ccL2uy18.ltrans2.ltrans.o
                0x0000000000012d5c                MultU64x32
 .text.LShiftU64
                0x0000000000012d68       0x44 /tmp/ccL2uy18.ltrans2.ltrans.o
                0x0000000000012d68                LShiftU64
 .text.FillBuf  0x0000000000012dac       0xb8 /tmp/ccL2uy18.ltrans2.ltrans.o
 .text.GetBits  0x0000000000012e64       0x30 /tmp/ccL2uy18.ltrans2.ltrans.o
 .text.ReadPTLen
                0x0000000000012e94      0x194 /tmp/ccL2uy18.ltrans2.ltrans.o
 .text.DivU64x32Remainder
                0x0000000000013028       0x54 /tmp/ccL2uy18.ltrans2.ltrans.o
                0x0000000000013028                DivU64x32Remainder
 .text.GetTimeInNanoSecond
                0x000000000001307c       0xac /tmp/ccL2uy18.ltrans2.ltrans.o
 .text.CpuDeadLoop
                0x0000000000013128       0x24 /tmp/ccL2uy18.ltrans2.ltrans.o
                0x0000000000013128                CpuDeadLoop
 .text.InitializeListHead.isra.0
                0x000000000001314c        0x8 /tmp/ccL2uy18.ltrans2.ltrans.o
                0x000000000001314c                InitializeListHead.isra.0
 .text.InsertHeadList
                0x0000000000013154       0x54 /tmp/ccL2uy18.ltrans2.ltrans.o
                0x0000000000013154                InsertHeadList
 .text.InsertTailList.isra.0
                0x00000000000131a8       0x54 /tmp/ccL2uy18.ltrans2.ltrans.o
                0x00000000000131a8                InsertTailList.isra.0
 .text.CoreInsertEventTimer
                0x00000000000131fc       0xe0 /tmp/ccL2uy18.ltrans2.ltrans.o
 .text.GetFirstNode
                0x00000000000132dc       0x40 /tmp/ccL2uy18.ltrans2.ltrans.o
                0x00000000000132dc                GetFirstNode
 .text.GetNextNode
                0x000000000001331c       0x40 /tmp/ccL2uy18.ltrans2.ltrans.o
                0x000000000001331c                GetNextNode
 .text.IsListEmpty
                0x000000000001335c       0x48 /tmp/ccL2uy18.ltrans2.ltrans.o
                0x000000000001335c                IsListEmpty
 .text.IsNull   0x00000000000133a4       0x48 /tmp/ccL2uy18.ltrans2.ltrans.o
                0x00000000000133a4                IsNull
 .text.IsNodeAtEnd
                0x00000000000133ec       0x64 /tmp/ccL2uy18.ltrans2.ltrans.o
                0x00000000000133ec                IsNodeAtEnd
 .text.RemoveEntryList
                0x0000000000013450       0x4c /tmp/ccL2uy18.ltrans2.ltrans.o
                0x0000000000013450                RemoveEntryList
 .text.CoreRestoreTpl
                0x000000000001349c      0x244 /tmp/ccL2uy18.ltrans2.ltrans.o
                0x000000000001349c                CoreRestoreTpl
 .text.CoreNotifyEvent
                0x00000000000136e0       0x9c /tmp/ccL2uy18.ltrans2.ltrans.o
 .text.CoreCheckEvent
                0x000000000001377c       0xac /tmp/ccL2uy18.ltrans2.ltrans.o
                0x000000000001377c                CoreCheckEvent
 .text.SwapListEntries.isra.0
                0x0000000000013828       0xa4 /tmp/ccL2uy18.ltrans2.ltrans.o
                0x0000000000013828                SwapListEntries.isra.0
 .text.AsciiStrLen
                0x00000000000138cc       0x8c /tmp/ccL2uy18.ltrans2.ltrans.o
                0x00000000000138cc                AsciiStrLen
 .text.AsciiStrSize
                0x0000000000013958       0x18 /tmp/ccL2uy18.ltrans2.ltrans.o
                0x0000000000013958                AsciiStrSize
 .text.AsciiStrCmp
                0x0000000000013970       0x88 /tmp/ccL2uy18.ltrans2.ltrans.o
 .text.IsKnownTokens
                0x00000000000139f8       0xf8 /tmp/ccL2uy18.ltrans2.ltrans.o
 .text.DeCygwinPathIfNeeded.constprop.0
                0x0000000000013af0      0x108 /tmp/ccL2uy18.ltrans2.ltrans.o
 .text.CopyStringIntoPerfRecordAndUpdateLength
                0x0000000000013bf8       0x78 /tmp/ccL2uy18.ltrans2.ltrans.o
 .text.ReadUnaligned64
                0x0000000000013c70       0x40 /tmp/ccL2uy18.ltrans2.ltrans.o
                0x0000000000013c70                ReadUnaligned64
 .text.CopyGuid.isra.0
                0x0000000000013cb0       0x64 /tmp/ccL2uy18.ltrans2.ltrans.o
                0x0000000000013cb0                CopyGuid.isra.0
 .text.FvGetNextFile
                0x0000000000013d14      0x1a0 /tmp/ccL2uy18.ltrans2.ltrans.o
                0x0000000000013d14                FvGetNextFile
 .text.CompareGuid
                0x0000000000013eb4       0x60 /tmp/ccL2uy18.ltrans2.ltrans.o
                0x0000000000013eb4                CompareGuid
 .text.CoreNotifySignalList
                0x0000000000013f14       0xb4 /tmp/ccL2uy18.ltrans2.ltrans.o
                0x0000000000013f14                CoreNotifySignalList
 .text.CoreSignalEvent
                0x0000000000013fc8       0x94 /tmp/ccL2uy18.ltrans2.ltrans.o
                0x0000000000013fc8                CoreSignalEvent
 .text.CoreCheckTimers
                0x000000000001405c      0x118 /tmp/ccL2uy18.ltrans2.ltrans.o
                0x000000000001405c                CoreCheckTimers
 .text.CoreTimerTick
                0x0000000000014174       0xb8 /tmp/ccL2uy18.ltrans2.ltrans.o
 .text.CoreSetTimer
                0x000000000001422c      0x108 /tmp/ccL2uy18.ltrans2.ltrans.o
                0x000000000001422c                CoreSetTimer
 .text.CoreCloseEvent
                0x0000000000014334      0x200 /tmp/ccL2uy18.ltrans2.ltrans.o
                0x0000000000014334                CoreCloseEvent
 .text.CoreWaitForEvent
                0x0000000000014534       0xa0 /tmp/ccL2uy18.ltrans2.ltrans.o
                0x0000000000014534                CoreWaitForEvent
 .text.CoreSchedule
                0x00000000000145d4      0x134 /tmp/ccL2uy18.ltrans2.ltrans.o
                0x00000000000145d4                CoreSchedule
 .text.CoreTrust
                0x0000000000014708       0xf0 /tmp/ccL2uy18.ltrans2.ltrans.o
                0x0000000000014708                CoreTrust
 .text.CoreInsertOnScheduledQueueWhileProcessingBeforeAndAfter
                0x00000000000147f8      0x278 /tmp/ccL2uy18.ltrans2.ltrans.o
 .text.GenericProtocolNotify
                0x0000000000014a70      0x1d4 /tmp/ccL2uy18.ltrans2.ltrans.o
 .text.ZeroMem  0x0000000000014c44       0x74 /tmp/ccL2uy18.ltrans2.ltrans.o
                0x0000000000014c44                ZeroMem
 .text.CompareMem
                0x0000000000014cb8       0xc8 /tmp/ccL2uy18.ltrans2.ltrans.o
                0x0000000000014cb8                CompareMem
 .text.SetMem64.isra.0
                0x0000000000014d80       0x98 /tmp/ccL2uy18.ltrans2.ltrans.o
                0x0000000000014d80                SetMem64.isra.0
 .text.GetHobList
                0x0000000000014e18       0x48 /tmp/ccL2uy18.ltrans2.ltrans.o
                0x0000000000014e18                GetHobList
 .text.GetNextHob
                0x0000000000014e60       0x70 /tmp/ccL2uy18.ltrans2.ltrans.o
                0x0000000000014e60                GetNextHob
 .text.GetFirstHob
                0x0000000000014ed0       0x28 /tmp/ccL2uy18.ltrans2.ltrans.o
                0x0000000000014ed0                GetFirstHob
 .text.GetNextGuidHob
                0x0000000000014ef8       0x50 /tmp/ccL2uy18.ltrans2.ltrans.o
                0x0000000000014ef8                GetNextGuidHob
 .text.InvalidateInstructionCacheRange.isra.0
                0x0000000000014f48       0x74 /tmp/ccL2uy18.ltrans2.ltrans.o
                0x0000000000014f48                InvalidateInstructionCacheRange.isra.0
 .text.SerialPortWrite.isra.0
                0x0000000000014fbc      0x3e4 /tmp/ccL2uy18.ltrans2.ltrans.o
                0x0000000000014fbc                SerialPortWrite.isra.0
 .text.BasePrintLibSPrintMarker.constprop.0
                0x00000000000153a0      0xe18 /tmp/ccL2uy18.ltrans2.ltrans.o
                0x00000000000153a0                BasePrintLibSPrintMarker.constprop.0
 .text.UnicodeVSPrint
                0x00000000000161b8       0x78 /tmp/ccL2uy18.ltrans2.ltrans.o
 .text.UnicodeSPrint.constprop.0
                0x0000000000016230       0x9c /tmp/ccL2uy18.ltrans2.ltrans.o
 .text.UnicodeVSPrintAsciiFormat
                0x00000000000162cc       0x78 /tmp/ccL2uy18.ltrans2.ltrans.o
                0x00000000000162cc                UnicodeVSPrintAsciiFormat
 .text.AsciiSPrint
                0x0000000000016344       0xbc /tmp/ccL2uy18.ltrans2.ltrans.o
                0x0000000000016344                AsciiSPrint
 .text.SPrintLength
                0x0000000000016400       0x3c /tmp/ccL2uy18.ltrans2.ltrans.o
 .text.BasePrintLibSPrint.constprop.0
                0x000000000001643c       0x9c /tmp/ccL2uy18.ltrans2.ltrans.o
 .text.InternalAllocatePool
                0x00000000000164d8       0x5c /tmp/ccL2uy18.ltrans2.ltrans.o
                0x00000000000164d8                InternalAllocatePool
 .text.InternalAllocateZeroPool
                0x0000000000016534       0x28 /tmp/ccL2uy18.ltrans2.ltrans.o
 .text.AllocatePool
                0x000000000001655c       0x1c /tmp/ccL2uy18.ltrans2.ltrans.o
                0x000000000001655c                AllocatePool
 .text.AllocateZeroPool
                0x0000000000016578       0x1c /tmp/ccL2uy18.ltrans2.ltrans.o
                0x0000000000016578                AllocateZeroPool
 .text.CoreCreateEventInternal
                0x0000000000016594      0x1e4 /tmp/ccL2uy18.ltrans2.ltrans.o
                0x0000000000016594                CoreCreateEventInternal
 .text.CoreCreateEventEx
                0x0000000000016778       0x2c /tmp/ccL2uy18.ltrans2.ltrans.o
                0x0000000000016778                CoreCreateEventEx
 .text.CoreCreateEvent
                0x00000000000167a4        0xc /tmp/ccL2uy18.ltrans2.ltrans.o
                0x00000000000167a4                CoreCreateEvent
 .text.CoreNotifyOnProtocolEntryTable
                0x00000000000167b0      0x10c /tmp/ccL2uy18.ltrans2.ltrans.o
                0x00000000000167b0                CoreNotifyOnProtocolEntryTable
 .text.InternalAllocateCopyPool
                0x00000000000168bc       0x9c /tmp/ccL2uy18.ltrans2.ltrans.o
                0x00000000000168bc                InternalAllocateCopyPool
 .text.AllocateCopyPool
                0x0000000000016958       0x20 /tmp/ccL2uy18.ltrans2.ltrans.o
                0x0000000000016958                AllocateCopyPool
 .text.FvReadFile
                0x0000000000016978      0x224 /tmp/ccL2uy18.ltrans2.ltrans.o
                0x0000000000016978                FvReadFile
 .text.FvReadFileSection
                0x0000000000016b9c      0x3cc /tmp/ccL2uy18.ltrans2.ltrans.o
                0x0000000000016b9c                FvReadFileSection
 .text.FreePool
                0x0000000000016f68       0x78 /tmp/ccL2uy18.ltrans2.ltrans.o
                0x0000000000016f68                FreePool
 .text.PushBool
                0x0000000000016fe0       0xc0 /tmp/ccL2uy18.ltrans2.ltrans.o
 .text.ReallocatePool
                0x00000000000170a0       0x64 /tmp/ccL2uy18.ltrans2.ltrans.o
                0x00000000000170a0                ReallocatePool
 .text.UefiDevicePathLibCatPrint
                0x0000000000017104      0x170 /tmp/ccL2uy18.ltrans2.ltrans.o
 .text.DevPathToTextPci
                0x0000000000017274       0x14 /tmp/ccL2uy18.ltrans2.ltrans.o
 .text.DevPathToTextPccard
                0x0000000000017288       0x10 /tmp/ccL2uy18.ltrans2.ltrans.o
 .text.DevPathToTextMemMap
                0x0000000000017298       0x14 /tmp/ccL2uy18.ltrans2.ltrans.o
 .text.DevPathToTextController
                0x00000000000172ac       0x10 /tmp/ccL2uy18.ltrans2.ltrans.o
 .text.DevPathToTextBmc
                0x00000000000172bc       0x40 /tmp/ccL2uy18.ltrans2.ltrans.o
 .text.DevPathToTextAcpi
                0x00000000000172fc       0xc0 /tmp/ccL2uy18.ltrans2.ltrans.o
 .text.DevPathToTextAcpiEx
                0x00000000000173bc      0x2f8 /tmp/ccL2uy18.ltrans2.ltrans.o
 .text.DevPathToTextAtapi
                0x00000000000176b4       0x60 /tmp/ccL2uy18.ltrans2.ltrans.o
 .text.DevPathToTextScsi
                0x0000000000017714       0x14 /tmp/ccL2uy18.ltrans2.ltrans.o
 .text.DevPathToTextFibre
                0x0000000000017728       0x10 /tmp/ccL2uy18.ltrans2.ltrans.o
 .text.DevPathToTextFibreEx
                0x0000000000017738       0xa8 /tmp/ccL2uy18.ltrans2.ltrans.o
 .text.DevPathToTextSasEx
                0x00000000000177e0      0x188 /tmp/ccL2uy18.ltrans2.ltrans.o
 .text.DevPathToTextNVMe
                0x0000000000017968       0x54 /tmp/ccL2uy18.ltrans2.ltrans.o
 .text.DevPathToTextUfs
                0x00000000000179bc       0x14 /tmp/ccL2uy18.ltrans2.ltrans.o
 .text.DevPathToTextSd
                0x00000000000179d0       0x10 /tmp/ccL2uy18.ltrans2.ltrans.o
 .text.DevPathToTextEmmc
                0x00000000000179e0       0x10 /tmp/ccL2uy18.ltrans2.ltrans.o
 .text.DevPathToText1394
                0x00000000000179f0       0x10 /tmp/ccL2uy18.ltrans2.ltrans.o
 .text.DevPathToTextUsb
                0x0000000000017a00       0x14 /tmp/ccL2uy18.ltrans2.ltrans.o
 .text.DevPathToTextLogicalUnit
                0x0000000000017a14       0x10 /tmp/ccL2uy18.ltrans2.ltrans.o
 .text.DevPathToTextUsbClass
                0x0000000000017a24      0x194 /tmp/ccL2uy18.ltrans2.ltrans.o
 .text.DevPathToTextSata
                0x0000000000017bb8       0x18 /tmp/ccL2uy18.ltrans2.ltrans.o
 .text.DevPathToTextI2O
                0x0000000000017bd0       0x10 /tmp/ccL2uy18.ltrans2.ltrans.o
 .text.DevPathToTextMacAddr
                0x0000000000017be0       0x8c /tmp/ccL2uy18.ltrans2.ltrans.o
 .text.CatNetworkProtocol
                0x0000000000017c6c       0x38 /tmp/ccL2uy18.ltrans2.ltrans.o
 .text.CatIPv4Address.isra.0
                0x0000000000017ca4       0x1c /tmp/ccL2uy18.ltrans2.ltrans.o
 .text.CatIPv6Address
                0x0000000000017cc0       0x8c /tmp/ccL2uy18.ltrans2.ltrans.o
 .text.DevPathToTextInfiniBand
                0x0000000000017d4c       0x1c /tmp/ccL2uy18.ltrans2.ltrans.o
 .text.DevPathToTextUart
                0x0000000000017d68      0x10c /tmp/ccL2uy18.ltrans2.ltrans.o
 .text.DevPathToTextiSCSI
                0x0000000000017e74      0x10c /tmp/ccL2uy18.ltrans2.ltrans.o
 .text.DevPathToTextVlan
                0x0000000000017f80       0x10 /tmp/ccL2uy18.ltrans2.ltrans.o
 .text.DevPathToTextBluetooth
                0x0000000000017f90       0x24 /tmp/ccL2uy18.ltrans2.ltrans.o
 .text.DevPathToTextWiFi
                0x0000000000017fb4       0x78 /tmp/ccL2uy18.ltrans2.ltrans.o
 .text.DevPathToTextBluetoothLE
                0x000000000001802c       0x44 /tmp/ccL2uy18.ltrans2.ltrans.o
 .text.DevPathToTextHardDrive
                0x0000000000018070       0x8c /tmp/ccL2uy18.ltrans2.ltrans.o
 .text.DevPathToTextCDROM
                0x00000000000180fc       0x30 /tmp/ccL2uy18.ltrans2.ltrans.o
 .text.DevPathToTextFilePath
                0x000000000001812c       0x10 /tmp/ccL2uy18.ltrans2.ltrans.o
 .text.DevPathToTextMediaProtocol
                0x000000000001813c       0x10 /tmp/ccL2uy18.ltrans2.ltrans.o
 .text.DevPathToTextFv
                0x000000000001814c       0x10 /tmp/ccL2uy18.ltrans2.ltrans.o
 .text.DevPathToTextFvFile
                0x000000000001815c       0x10 /tmp/ccL2uy18.ltrans2.ltrans.o
 .text.DevPathRelativeOffsetRange
                0x000000000001816c       0x10 /tmp/ccL2uy18.ltrans2.ltrans.o
 .text.DevPathToTextRamDisk
                0x000000000001817c      0x1c4 /tmp/ccL2uy18.ltrans2.ltrans.o
 .text.DevPathToTextBBS
                0x0000000000018340       0x9c /tmp/ccL2uy18.ltrans2.ltrans.o
 .text.DevPathToTextEndInstance
                0x00000000000183dc        0xc /tmp/ccL2uy18.ltrans2.ltrans.o
 .text.GetEfiGlobalVariable2.constprop.0.isra.0
                0x00000000000183e8      0x114 /tmp/ccL2uy18.ltrans2.ltrans.o
 .text.DevicePathType
                0x00000000000184fc       0x44 /tmp/ccL2uy18.ltrans2.ltrans.o
                0x00000000000184fc                DevicePathType
 .text.DevicePathSubType
                0x0000000000018540       0x44 /tmp/ccL2uy18.ltrans2.ltrans.o
                0x0000000000018540                DevicePathSubType
 .text.DevicePathNodeLength
                0x0000000000018584       0x4c /tmp/ccL2uy18.ltrans2.ltrans.o
                0x0000000000018584                DevicePathNodeLength
 .text.DevPathToTextVendor
                0x00000000000185d0      0x33c /tmp/ccL2uy18.ltrans2.ltrans.o
 .text.DevPathToTextAcpiAdr
                0x000000000001890c       0x94 /tmp/ccL2uy18.ltrans2.ltrans.o
 .text.DevPathToTextUsbWWID
                0x00000000000189a0       0xa8 /tmp/ccL2uy18.ltrans2.ltrans.o
 .text.DevPathToTextIPv4
                0x0000000000018a48      0x11c /tmp/ccL2uy18.ltrans2.ltrans.o
 .text.DevPathToTextIPv6
                0x0000000000018b64       0xe8 /tmp/ccL2uy18.ltrans2.ltrans.o
 .text.DevPathToTextDns
                0x0000000000018c4c       0xd0 /tmp/ccL2uy18.ltrans2.ltrans.o
 .text.DevPathToTextUri
                0x0000000000018d1c       0x90 /tmp/ccL2uy18.ltrans2.ltrans.o
 .text.DevPathToTextNodeGeneric
                0x0000000000018dac       0xf8 /tmp/ccL2uy18.ltrans2.ltrans.o
 .text.NextDevicePathNode
                0x0000000000018ea4       0x4c /tmp/ccL2uy18.ltrans2.ltrans.o
                0x0000000000018ea4                NextDevicePathNode
 .text.IsDevicePathEndType
                0x0000000000018ef0       0x54 /tmp/ccL2uy18.ltrans2.ltrans.o
                0x0000000000018ef0                IsDevicePathEndType
 .text.IsDevicePathEnd
                0x0000000000018f44       0x68 /tmp/ccL2uy18.ltrans2.ltrans.o
                0x0000000000018f44                IsDevicePathEnd
 .text.IsDevicePathValid
                0x0000000000018fac       0xdc /tmp/ccL2uy18.ltrans2.ltrans.o
                0x0000000000018fac                IsDevicePathValid
 .text.SetDevicePathEndNode
                0x0000000000019088       0x10 /tmp/ccL2uy18.ltrans2.ltrans.o
                0x0000000000019088                SetDevicePathEndNode
 .text.UefiDevicePathLibGetDevicePathSize
                0x0000000000019098       0x6c /tmp/ccL2uy18.ltrans2.ltrans.o
                0x0000000000019098                UefiDevicePathLibGetDevicePathSize
 .text.UefiDevicePathLibDuplicateDevicePath
                0x0000000000019104       0x28 /tmp/ccL2uy18.ltrans2.ltrans.o
                0x0000000000019104                UefiDevicePathLibDuplicateDevicePath
 .text.UefiDevicePathLibAppendDevicePath
                0x000000000001912c       0xc4 /tmp/ccL2uy18.ltrans2.ltrans.o
                0x000000000001912c                UefiDevicePathLibAppendDevicePath
 .text.DevicePathFromHandle
                0x00000000000191f0       0x6c /tmp/ccL2uy18.ltrans2.ltrans.o
                0x00000000000191f0                DevicePathFromHandle
 .text.PeCoffLoaderGetEntryPoint
                0x000000000001925c       0xb0 /tmp/ccL2uy18.ltrans2.ltrans.o
                0x000000000001925c                PeCoffLoaderGetEntryPoint
 .text.PeCoffLoaderGetMachineType
                0x000000000001930c       0x84 /tmp/ccL2uy18.ltrans2.ltrans.o
                0x000000000001930c                PeCoffLoaderGetMachineType
 .text.PeCoffLoaderGetPdbPointer
                0x0000000000019390      0x1a8 /tmp/ccL2uy18.ltrans2.ltrans.o
                0x0000000000019390                PeCoffLoaderGetPdbPointer
 .text.GetModuleInfoFromHandle.constprop.0.isra.0
                0x0000000000019538      0x4b8 /tmp/ccL2uy18.ltrans2.ltrans.o
 .text.CreatePerformanceMeasurement
                0x00000000000199f0      0x8f4 /tmp/ccL2uy18.ltrans2.ltrans.o
                0x00000000000199f0                CreatePerformanceMeasurement
 .text.PeCoffGetSizeOfHeaders
                0x000000000001a2e4       0x90 /tmp/ccL2uy18.ltrans2.ltrans.o
                0x000000000001a2e4                PeCoffGetSizeOfHeaders
 .text.EfiGetNameGuidFromFwVolDevicePathNode
                0x000000000001a374       0x74 /tmp/ccL2uy18.ltrans2.ltrans.o
                0x000000000001a374                EfiGetNameGuidFromFwVolDevicePathNode
 .text.EfiInitializeFwVolDevicepathNode
                0x000000000001a3e8       0x30 /tmp/ccL2uy18.ltrans2.ltrans.o
                0x000000000001a3e8                EfiInitializeFwVolDevicepathNode
 .text.CoreFvToDevicePath.isra.0
                0x000000000001a418       0xbc /tmp/ccL2uy18.ltrans2.ltrans.o
 .text.CoreAddToDriverList.isra.0
                0x000000000001a4d4       0xc4 /tmp/ccL2uy18.ltrans2.ltrans.o
 .text.CoreProcessFvImageFile.isra.0
                0x000000000001a598      0x4b4 /tmp/ccL2uy18.ltrans2.ltrans.o
 .text.CoreFwVolEventProtocolNotify
                0x000000000001aa4c      0x6c0 /tmp/ccL2uy18.ltrans2.ltrans.o
                0x000000000001aa4c                CoreFwVolEventProtocolNotify
 .text.EfiGetSystemConfigurationTable
                0x000000000001b10c       0xb4 /tmp/ccL2uy18.ltrans2.ltrans.o
                0x000000000001b10c                EfiGetSystemConfigurationTable
 .text.InternalGetSmmPerfData.constprop.0
                0x000000000001b1c0      0x31c /tmp/ccL2uy18.ltrans2.ltrans.o
 .text.UpdateBootPerformanceTable
                0x000000000001b4dc      0x124 /tmp/ccL2uy18.ltrans2.ltrans.o
                0x000000000001b4dc                UpdateBootPerformanceTable
 .text.EfiCreateProtocolNotifyEvent
                0x000000000001b600      0x188 /tmp/ccL2uy18.ltrans2.ltrans.o
                0x000000000001b600                EfiCreateProtocolNotifyEvent
 .text.TimerConstructor
                0x000000000001b788       0x64 /tmp/ccL2uy18.ltrans2.ltrans.o
                0x000000000001b788                TimerConstructor
 .text.GetPerformanceCounterProperties.constprop.0
                0x000000000001b7ec       0x14 /tmp/ccL2uy18.ltrans2.ltrans.o
                0x000000000001b7ec                GetPerformanceCounterProperties.constprop.0
 .text.ReportErrorCodeEnabled
                0x000000000001b800        0x8 /tmp/ccL2uy18.ltrans2.ltrans.o
                0x000000000001b800                ReportErrorCodeEnabled
 .text.InternalReportStatusCode.constprop.0.isra.0
                0x000000000001b808       0xa0 /tmp/ccL2uy18.ltrans2.ltrans.o
 .text.ReportStatusCode.isra.0
                0x000000000001b8a8       0x10 /tmp/ccL2uy18.ltrans2.ltrans.o
                0x000000000001b8a8                ReportStatusCode.isra.0
 .text.CoreDispatcher
                0x000000000001b8b8      0x824 /tmp/ccL2uy18.ltrans2.ltrans.o
                0x000000000001b8b8                CoreDispatcher
 .text.ReportFpdtRecordBuffer
                0x000000000001c0dc      0x220 /tmp/ccL2uy18.ltrans2.ltrans.o
                0x000000000001c0dc                ReportFpdtRecordBuffer
 .text.PeCoffLoaderRelocateImageExtraAction
                0x000000000001c2fc       0xd8 /tmp/ccL2uy18.ltrans2.ltrans.o
                0x000000000001c2fc                PeCoffLoaderRelocateImageExtraAction
 .text.PeCoffLoaderUnloadImageExtraAction.part.0
                0x000000000001c3d4       0x7c /tmp/ccL2uy18.ltrans2.ltrans.o
                0x000000000001c3d4                PeCoffLoaderUnloadImageExtraAction.part.0
 .text.ReallocateExtractHandlerTable
                0x000000000001c450       0xd0 /tmp/ccL2uy18.ltrans2.ltrans.o
                0x000000000001c450                ReallocateExtractHandlerTable
 .text.UefiDecompressGetInfo
                0x000000000001c520       0xcc /tmp/ccL2uy18.ltrans2.ltrans.o
                0x000000000001c520                UefiDecompressGetInfo
 .text.UefiDecompress
                0x000000000001c5ec      0x474 /tmp/ccL2uy18.ltrans2.ltrans.o
                0x000000000001c5ec                UefiDecompress
 .text.PeCoffLoaderImageAddress
                0x000000000001ca60       0x30 /tmp/ccL2uy18.ltrans3.ltrans.o
 .text.PeCoffLoaderImageReadFromMemory
                0x000000000001ca90       0x98 /tmp/ccL2uy18.ltrans3.ltrans.o
                0x000000000001ca90                PeCoffLoaderImageReadFromMemory
 .text.DescribeInstructionOrDataAbort
                0x000000000001cb28       0x5c /tmp/ccL2uy18.ltrans3.ltrans.o
 .text.Crc32GuidedSectionGetInfo
                0x000000000001cb84       0xd4 /tmp/ccL2uy18.ltrans3.ltrans.o
                0x000000000001cb84                Crc32GuidedSectionGetInfo
 .text.Crc32GuidedSectionHandler
                0x000000000001cc58      0x1d8 /tmp/ccL2uy18.ltrans3.ltrans.o
                0x000000000001cc58                Crc32GuidedSectionHandler
 .text.BaseName
                0x000000000001ce30       0x50 /tmp/ccL2uy18.ltrans3.ltrans.o
 .text.GetImageName
                0x000000000001ce80      0x128 /tmp/ccL2uy18.ltrans3.ltrans.o
 .text.AsciiPrint
                0x000000000001cfa8      0x158 /tmp/ccL2uy18.ltrans3.ltrans.o
 .text.LogPerformanceMeasurement.constprop.0.isra.0
                0x000000000001d100       0x1c /tmp/ccL2uy18.ltrans3.ltrans.o
                0x000000000001d100                LogPerformanceMeasurement.constprop.0.isra.0
 .text.LogPerformanceMeasurementEnabled
                0x000000000001d11c        0x8 /tmp/ccL2uy18.ltrans3.ltrans.o
                0x000000000001d11c                LogPerformanceMeasurementEnabled
 .text.PeCoffLoaderGetImageInfo
                0x000000000001d124      0x82c /tmp/ccL2uy18.ltrans3.ltrans.o
                0x000000000001d124                PeCoffLoaderGetImageInfo
 .text.PeCoffLoaderRelocateImage
                0x000000000001d950      0x2b4 /tmp/ccL2uy18.ltrans3.ltrans.o
                0x000000000001d950                PeCoffLoaderRelocateImage
 .text.PeCoffLoaderLoadImage
                0x000000000001dc04      0x564 /tmp/ccL2uy18.ltrans3.ltrans.o
                0x000000000001dc04                PeCoffLoaderLoadImage
 .text.PeCoffLoaderUnloadImage.isra.0
                0x000000000001e168       0x60 /tmp/ccL2uy18.ltrans3.ltrans.o
                0x000000000001e168                PeCoffLoaderUnloadImage.isra.0
 .text.InitializeCpuExceptionHandlers.isra.0
                0x000000000001e1c8       0x78 /tmp/ccL2uy18.ltrans3.ltrans.o
                0x000000000001e1c8                InitializeCpuExceptionHandlers.isra.0
 .text.CommonCExceptionHandler
                0x000000000001e240      0x6ec /tmp/ccL2uy18.ltrans3.ltrans.o
                0x000000000001e240                CommonCExceptionHandler
 .text.SetMem16.isra.0
                0x000000000001e92c       0x80 /tmp/ccL2uy18.ltrans3.ltrans.o
                0x000000000001e92c                SetMem16.isra.0
 *fill*         0x000000000001e9ac       0x14 
 .text          0x000000000001e9c0       0x30 /home/edk2mtk/edk2-mt6765/workspace/Build/MT6771Pkg/DEBUG_GCC5/AARCH64/MdePkg/Library/BaseLib/BaseLib/OUTPUT/BaseLib.lib(SwitchStack.obj)
                0x000000000001e9c0                InternalSwitchStackAsm
                0x000000000001e9d8                CpuPause
 .text          0x000000000001e9f0       0x78 /home/edk2mtk/edk2-mt6765/workspace/Build/MT6771Pkg/DEBUG_GCC5/AARCH64/MdePkg/Library/BaseLib/BaseLib/OUTPUT/BaseLib.lib(SetJumpLongJump.obj)
                0x000000000001e9f0                SetJump
                0x000000000001ea28                InternalLongJump
 *fill*         0x000000000001ea68        0x8 
 .text          0x000000000001ea70      0x200 /home/edk2mtk/edk2-mt6765/workspace/Build/MT6771Pkg/DEBUG_GCC5/AARCH64/MdePkg/Library/BaseMemoryLibOptDxe/BaseMemoryLibOptDxe/OUTPUT/BaseMemoryLibOptDxe.lib(SetMem.obj)
                0x000000000001ea70                InternalMemSetMem16
                0x000000000001ea7c                InternalMemSetMem32
                0x000000000001ea88                InternalMemSetMem64
                0x000000000001ea94                InternalMemZeroMem
                0x000000000001ea9c                InternalMemSetMem
 .text          0x000000000001ec70      0x218 /home/edk2mtk/edk2-mt6765/workspace/Build/MT6771Pkg/DEBUG_GCC5/AARCH64/MdePkg/Library/BaseMemoryLibOptDxe/BaseMemoryLibOptDxe/OUTPUT/BaseMemoryLibOptDxe.lib(CopyMem.obj)
                0x000000000001eddc                InternalMemCopyMem
 *fill*         0x000000000001ee88       0x38 
 .text          0x000000000001eec0       0xe0 /home/edk2mtk/edk2-mt6765/workspace/Build/MT6771Pkg/DEBUG_GCC5/AARCH64/MdePkg/Library/BaseMemoryLibOptDxe/BaseMemoryLibOptDxe/OUTPUT/BaseMemoryLibOptDxe.lib(CompareMem.obj)
                0x000000000001eec0                InternalMemCompareMem
 .text          0x000000000001efa0       0x20 /home/edk2mtk/edk2-mt6765/workspace/Build/MT6771Pkg/DEBUG_GCC5/AARCH64/MdePkg/Library/BaseMemoryLibOptDxe/BaseMemoryLibOptDxe/OUTPUT/BaseMemoryLibOptDxe.lib(CompareGuid.obj)
                0x000000000001efa0                InternalMemCompareGuid
 .text          0x000000000001efc0      0x184 /home/edk2mtk/edk2-mt6765/workspace/Build/MT6771Pkg/DEBUG_GCC5/AARCH64/ArmPkg/Library/ArmExceptionLib/ArmExceptionLib/OUTPUT/ArmExceptionLib.lib(ExceptionSupport.obj)
                0x000000000001efc0                ExceptionHandlersEnd
                0x000000000001f13c                RegisterEl0Stack
 *fill*         0x000000000001f144      0x6bc 
 .text.ExceptionHandlersStart
                0x000000000001f800      0x800 /home/edk2mtk/edk2-mt6765/workspace/Build/MT6771Pkg/DEBUG_GCC5/AARCH64/ArmPkg/Library/ArmExceptionLib/ArmExceptionLib/OUTPUT/ArmExceptionLib.lib(ExceptionSupport.obj)
                0x000000000001f800                ExceptionHandlersStart
 .text.ArmCacheInfo
                0x0000000000020000        0x8 /home/edk2mtk/edk2-mt6765/workspace/Build/MT6771Pkg/DEBUG_GCC5/AARCH64/ArmPkg/Library/ArmLib/ArmBaseLib/OUTPUT/ArmBaseLib.lib(ArmLibSupport.obj)
                0x0000000000020000                ArmCacheInfo
 .text.ArmGetInterruptState
                0x0000000000020008       0x10 /home/edk2mtk/edk2-mt6765/workspace/Build/MT6771Pkg/DEBUG_GCC5/AARCH64/ArmPkg/Library/ArmLib/ArmBaseLib/OUTPUT/ArmBaseLib.lib(ArmLibSupport.obj)
                0x0000000000020008                ArmGetInterruptState
 .text.ArmEnableInterrupts
                0x0000000000020018        0xc /home/edk2mtk/edk2-mt6765/workspace/Build/MT6771Pkg/DEBUG_GCC5/AARCH64/ArmPkg/Library/ArmLib/ArmBaseLib/OUTPUT/ArmBaseLib.lib(ArmLibSupportV8.obj)
                0x0000000000020018                ArmEnableInterrupts
 .text.ArmDisableInterrupts
                0x0000000000020024        0xc /home/edk2mtk/edk2-mt6765/workspace/Build/MT6771Pkg/DEBUG_GCC5/AARCH64/ArmPkg/Library/ArmLib/ArmBaseLib/OUTPUT/ArmBaseLib.lib(ArmLibSupportV8.obj)
                0x0000000000020024                ArmDisableInterrupts
 .text.ArmCleanDataCacheEntryToPoUByMVA
                0x0000000000020030        0x8 /home/edk2mtk/edk2-mt6765/workspace/Build/MT6771Pkg/DEBUG_GCC5/AARCH64/ArmPkg/Library/ArmLib/ArmBaseLib/OUTPUT/ArmBaseLib.lib(AArch64Support.obj)
                0x0000000000020030                ArmCleanDataCacheEntryToPoUByMVA
 .text.ArmInvalidateInstructionCacheEntryToPoUByMVA
                0x0000000000020038        0x8 /home/edk2mtk/edk2-mt6765/workspace/Build/MT6771Pkg/DEBUG_GCC5/AARCH64/ArmPkg/Library/ArmLib/ArmBaseLib/OUTPUT/ArmBaseLib.lib(AArch64Support.obj)
                0x0000000000020038                ArmInvalidateInstructionCacheEntryToPoUByMVA
 .text.ArmCleanInvalidateDataCacheEntryByMVA
                0x0000000000020040        0x8 /home/edk2mtk/edk2-mt6765/workspace/Build/MT6771Pkg/DEBUG_GCC5/AARCH64/ArmPkg/Library/ArmLib/ArmBaseLib/OUTPUT/ArmBaseLib.lib(AArch64Support.obj)
                0x0000000000020040                ArmCleanInvalidateDataCacheEntryByMVA
 .text.ArmDataSynchronizationBarrier
                0x0000000000020048        0x8 /home/edk2mtk/edk2-mt6765/workspace/Build/MT6771Pkg/DEBUG_GCC5/AARCH64/ArmPkg/Library/ArmLib/ArmBaseLib/OUTPUT/ArmBaseLib.lib(AArch64Support.obj)
                0x0000000000020048                ArmDataSynchronizationBarrier
 .text.ArmInstructionSynchronizationBarrier
                0x0000000000020050        0x8 /home/edk2mtk/edk2-mt6765/workspace/Build/MT6771Pkg/DEBUG_GCC5/AARCH64/ArmPkg/Library/ArmLib/ArmBaseLib/OUTPUT/ArmBaseLib.lib(AArch64Support.obj)
                0x0000000000020050                ArmInstructionSynchronizationBarrier
 .text.ArmWriteVBar
                0x0000000000020058       0x34 /home/edk2mtk/edk2-mt6765/workspace/Build/MT6771Pkg/DEBUG_GCC5/AARCH64/ArmPkg/Library/ArmLib/ArmBaseLib/OUTPUT/ArmBaseLib.lib(AArch64Support.obj)
                0x0000000000020058                ArmWriteVBar
 .text.ArmIsArchTimerImplemented
                0x000000000002008c        0x8 /home/edk2mtk/edk2-mt6765/workspace/Build/MT6771Pkg/DEBUG_GCC5/AARCH64/ArmPkg/Library/ArmLib/ArmBaseLib/OUTPUT/ArmBaseLib.lib(AArch64Support.obj)
                0x000000000002008c                ArmIsArchTimerImplemented
 .text.ArmWriteHcr
                0x0000000000020094        0x8 /home/edk2mtk/edk2-mt6765/workspace/Build/MT6771Pkg/DEBUG_GCC5/AARCH64/ArmPkg/Library/ArmLib/ArmBaseLib/OUTPUT/ArmBaseLib.lib(AArch64Support.obj)
                0x0000000000020094                ArmWriteHcr
 .text.ArmReadHcr
                0x000000000002009c        0x8 /home/edk2mtk/edk2-mt6765/workspace/Build/MT6771Pkg/DEBUG_GCC5/AARCH64/ArmPkg/Library/ArmLib/ArmBaseLib/OUTPUT/ArmBaseLib.lib(AArch64Support.obj)
                0x000000000002009c                ArmReadHcr
 .text.ArmReadCurrentEL
                0x00000000000200a4        0x8 /home/edk2mtk/edk2-mt6765/workspace/Build/MT6771Pkg/DEBUG_GCC5/AARCH64/ArmPkg/Library/ArmLib/ArmBaseLib/OUTPUT/ArmBaseLib.lib(AArch64Support.obj)
                0x00000000000200a4                ArmReadCurrentEL
 .text.ArmReadCntFrq
                0x00000000000200ac        0x8 /home/edk2mtk/edk2-mt6765/workspace/Build/MT6771Pkg/DEBUG_GCC5/AARCH64/ArmPkg/Library/ArmLib/ArmBaseLib/OUTPUT/ArmBaseLib.lib(AArch64ArchTimerSupport.obj)
                0x00000000000200ac                ArmReadCntFrq
 .text.ArmReadCntPct
                0x00000000000200b4        0x8 /home/edk2mtk/edk2-mt6765/workspace/Build/MT6771Pkg/DEBUG_GCC5/AARCH64/ArmPkg/Library/ArmLib/ArmBaseLib/OUTPUT/ArmBaseLib.lib(AArch64ArchTimerSupport.obj)
                0x00000000000200b4                ArmReadCntPct
 *(.rodata .rodata.* .gnu.linkonce.r.*)
 .rodata.GetMachineTypeName.str2.2
                0x00000000000200bc     0x1006 /tmp/ccL2uy18.ltrans0.ltrans.o
                                         0x14 (size before relaxing)
 .rodata.DebugAssert.str1.1
                0x00000000000210c2     0x57cb /tmp/ccL2uy18.ltrans0.ltrans.o
                                         0x20 (size before relaxing)
 .rodata.DebugClearMemory.isra.0.str1.1
                0x000000000002688d        0x0 /tmp/ccL2uy18.ltrans0.ltrans.o
                                         0x67 (size before relaxing)
 .rodata.CoreReadImageFile.str1.1
                0x000000000002688d        0x0 /tmp/ccL2uy18.ltrans0.ltrans.o
                                         0x8d (size before relaxing)
 .rodata.CoreNewDebugImageInfoEntry.constprop.0.str1.1
                0x000000000002688d        0x0 /tmp/ccL2uy18.ltrans0.ltrans.o
                                         0x64 (size before relaxing)
 .rodata.GetImageRecordByAddress.str1.1
                0x000000000002688d        0x0 /tmp/ccL2uy18.ltrans0.ltrans.o
                                         0x67 (size before relaxing)
 .rodata.CoreGetNextLocateByRegisterNotify.str1.1
                0x000000000002688d        0x0 /tmp/ccL2uy18.ltrans0.ltrans.o
                                         0x92 (size before relaxing)
 .rodata.DisableNullDetectionAtTheEndOfDxe.str1.1
                0x000000000002688d        0x0 /tmp/ccL2uy18.ltrans0.ltrans.o
                                         0xed (size before relaxing)
 .rodata.ProcessLibraryConstructorList.str1.1
                0x000000000002688d        0x0 /tmp/ccL2uy18.ltrans0.ltrans.o
                                        0x20a (size before relaxing)
 .rodata.CustomGuidedSectionExtract.str1.1
                0x000000000002688d        0x0 /tmp/ccL2uy18.ltrans0.ltrans.o
                                        0x112 (size before relaxing)
 .rodata.CoreLoadedImageInfo.str1.1
                0x000000000002688d        0x0 /tmp/ccL2uy18.ltrans0.ltrans.o
                                         0x2c (size before relaxing)
 .rodata.SetMemoryAttributesTableSectionAlignment.str1.1
                0x000000000002688d        0x0 /tmp/ccL2uy18.ltrans0.ltrans.o
                                         0x32 (size before relaxing)
 .rodata.IsImageRecordCodeSectionValid.str1.1
                0x000000000002688d        0x0 /tmp/ccL2uy18.ltrans0.ltrans.o
                                         0x1f (size before relaxing)
 .rodata.SetUefiImageMemoryAttributes.str1.1
                0x000000000002688d        0x0 /tmp/ccL2uy18.ltrans0.ltrans.o
                                         0x54 (size before relaxing)
 .rodata.ProtectUefiImage.str1.1
                0x000000000002688d        0x0 /tmp/ccL2uy18.ltrans0.ltrans.o
                                        0x311 (size before relaxing)
 .rodata.__stack_chk_fail.str1.1
                0x000000000002688d        0x0 /tmp/ccL2uy18.ltrans0.ltrans.o
                                         0x2e (size before relaxing)
 .rodata.CoreExitBootServices.str1.1
                0x000000000002688d        0x0 /tmp/ccL2uy18.ltrans0.ltrans.o
                                         0xcc (size before relaxing)
 .rodata.FindStreamNode.str1.1
                0x000000000002688d        0x0 /tmp/ccL2uy18.ltrans0.ltrans.o
                                         0x5f (size before relaxing)
 .rodata.CloseSectionStream.isra.0.str1.1
                0x000000000002688d        0x0 /tmp/ccL2uy18.ltrans0.ltrans.o
                                         0x4e (size before relaxing)
 .rodata.CoreAcquireLockOrFail.str1.1
                0x000000000002688d        0x0 /tmp/ccL2uy18.ltrans0.ltrans.o
                                         0x6a (size before relaxing)
 .rodata.CoreAcquireLock.str1.1
                0x000000000002688d        0x0 /tmp/ccL2uy18.ltrans0.ltrans.o
                                         0x1e (size before relaxing)
 .rodata.CoreReleaseLock.str1.1
                0x000000000002688d        0x0 /tmp/ccL2uy18.ltrans0.ltrans.o
                                         0x1e (size before relaxing)
 .rodata.CoreGetMemoryMapWithSeparatedImageSection.str1.1
                0x000000000002688d        0x0 /tmp/ccL2uy18.ltrans0.ltrans.o
                                         0x33 (size before relaxing)
 .rodata.InstallMemoryAttributesTable.str1.1
                0x000000000002688d        0x0 /tmp/ccL2uy18.ltrans0.ltrans.o
                                        0x1e2 (size before relaxing)
 .rodata.CoreNotifyProtocolEntry.str1.1
                0x000000000002688d        0x0 /tmp/ccL2uy18.ltrans0.ltrans.o
                                         0x65 (size before relaxing)
 .rodata.CoreValidateHandle.str1.1
                0x000000000002688d        0x0 /tmp/ccL2uy18.ltrans0.ltrans.o
                                         0x43 (size before relaxing)
 .rodata.CoreDisconnectController.str1.1
                0x000000000002688d        0x0 /tmp/ccL2uy18.ltrans0.ltrans.o
                                         0x4a (size before relaxing)
 .rodata._ModuleEntryPoint.str1.1
                0x000000000002688d        0x0 /tmp/ccL2uy18.ltrans0.ltrans.o
                                        0x5ff (size before relaxing)
 .rodata.InternalCoreLocateHandle.str1.1
                0x000000000002688d        0x0 /tmp/ccL2uy18.ltrans0.ltrans.o
                                         0x1a (size before relaxing)
 .rodata.CoreUnloadAndCloseImage.constprop.0.str1.1
                0x000000000002688d        0x0 /tmp/ccL2uy18.ltrans0.ltrans.o
                                         0x9f (size before relaxing)
 .rodata.CoreExit.str1.1
                0x000000000002688d        0x0 /tmp/ccL2uy18.ltrans0.ltrans.o
                                         0x23 (size before relaxing)
 .rodata.CoreLocateDevicePath.str1.1
                0x000000000002688d        0x0 /tmp/ccL2uy18.ltrans0.ltrans.o
                                         0x87 (size before relaxing)
 .rodata.NotifyGuidedExtraction.str1.1
                0x000000000002688d        0x0 /tmp/ccL2uy18.ltrans0.ltrans.o
                                         0x28 (size before relaxing)
 .rodata.CreateChildNode.str1.1
                0x000000000002688d        0x0 /tmp/ccL2uy18.ltrans0.ltrans.o
                                         0x33 (size before relaxing)
 .rodata.FindChildNode.constprop.0.str1.1
                0x000000000002688d        0x0 /tmp/ccL2uy18.ltrans0.ltrans.o
                                         0x61 (size before relaxing)
 .rodata.MemoryProtectionCpuArchProtocolNotify.str1.1
                0x000000000002688d        0x0 /tmp/ccL2uy18.ltrans0.ltrans.o
                                         0xb4 (size before relaxing)
 .rodata.CoreConnectController.str1.1
                0x000000000002688d        0x0 /tmp/ccL2uy18.ltrans0.ltrans.o
                                         0x3c (size before relaxing)
 .rodata.CoreStartImage.str1.1
                0x000000000002688d        0x0 /tmp/ccL2uy18.ltrans0.ltrans.o
                                         0xef (size before relaxing)
 .rodata.CoreLoadImageCommon.constprop.0.str1.1
                0x000000000002688d        0x0 /tmp/ccL2uy18.ltrans0.ltrans.o
                                        0x1d9 (size before relaxing)
 .rodata.str2.2
                0x000000000002688d        0x0 /tmp/ccL2uy18.ltrans0.ltrans.o
                                         0x34 (size before relaxing)
 *fill*         0x000000000002688d        0x3 
 .rodata.mMachineTypeInfo
                0x0000000000026890       0x50 /tmp/ccL2uy18.ltrans0.ltrans.o
 .rodata.__FUNCTION__.0.lto_priv.2
                0x00000000000268e0       0x19 /tmp/ccL2uy18.ltrans0.ltrans.o
 .rodata.str1.1
                0x00000000000268f9        0x0 /tmp/ccL2uy18.ltrans0.ltrans.o
                                         0x81 (size before relaxing)
 *fill*         0x00000000000268f9        0x7 
 .rodata.mMissingProtocols
                0x0000000000026900       0xe0 /tmp/ccL2uy18.ltrans0.ltrans.o
 .rodata.__FUNCTION__.0.lto_priv.0
                0x00000000000269e0        0x8 /tmp/ccL2uy18.ltrans0.ltrans.o
 .rodata.CoreSearchGcdMapEntry.str1.1
                0x00000000000269e8        0x0 /tmp/ccL2uy18.ltrans1.ltrans.o
                                         0x60 (size before relaxing)
 .rodata.UnsetGuardPage.str1.1
                0x00000000000269e8        0x0 /tmp/ccL2uy18.ltrans1.ltrans.o
                                         0x8d (size before relaxing)
 .rodata.FwVolBlockGetAttributes.str1.1
                0x00000000000269e8        0x0 /tmp/ccL2uy18.ltrans1.ltrans.o
                                         0x4d (size before relaxing)
 .rodata.CoreGetProtocolInterface.str1.1
                0x00000000000269e8        0x0 /tmp/ccL2uy18.ltrans1.ltrans.o
                                         0x43 (size before relaxing)
 .rodata.CoreOpenProtocol.str1.1
                0x00000000000269e8        0x0 /tmp/ccL2uy18.ltrans1.ltrans.o
                                         0x15 (size before relaxing)
 .rodata.CoreOpenProtocolInformation.str1.1
                0x00000000000269e8        0x0 /tmp/ccL2uy18.ltrans1.ltrans.o
                                         0x2a (size before relaxing)
 .rodata.CoreGetIoSpaceDescriptor.str1.1
                0x00000000000269e8        0x0 /tmp/ccL2uy18.ltrans1.ltrans.o
                                         0x35 (size before relaxing)
 .rodata.CoreInsertGcdMapEntry.isra.0.str1.1
                0x00000000000269e8        0x0 /tmp/ccL2uy18.ltrans1.ltrans.o
                                         0x35 (size before relaxing)
 .rodata.CoreAddRange.str1.1
                0x00000000000269e8        0x0 /tmp/ccL2uy18.ltrans1.ltrans.o
                                         0xa0 (size before relaxing)
 .rodata.CoreDumpGcdIoSpaceMap.str1.1
                0x00000000000269e8        0x0 /tmp/ccL2uy18.ltrans1.ltrans.o
                                         0xce (size before relaxing)
 .rodata.CoreDumpGcdMemorySpaceMap.str1.1
                0x00000000000269e8        0x0 /tmp/ccL2uy18.ltrans1.ltrans.o
                                        0x124 (size before relaxing)
 .rodata.GetLastGuardedFreePageAddress.str1.1
                0x00000000000269e8        0x0 /tmp/ccL2uy18.ltrans1.ltrans.o
                                          0xf (size before relaxing)
 .rodata.PromoteMemoryResource.str1.1
                0x00000000000269e8        0x0 /tmp/ccL2uy18.ltrans1.ltrans.o
                                         0x1d (size before relaxing)
 .rodata.FindGuardedMemoryMap.str1.1
                0x00000000000269e8        0x0 /tmp/ccL2uy18.ltrans1.ltrans.o
                                          0xf (size before relaxing)
 .rodata.SetGuardedMemoryBits.str1.1
                0x00000000000269e8        0x0 /tmp/ccL2uy18.ltrans1.ltrans.o
                                         0x17 (size before relaxing)
 .rodata.GetGuardedMemoryBits.str1.1
                0x00000000000269e8        0x0 /tmp/ccL2uy18.ltrans1.ltrans.o
                                         0x16 (size before relaxing)
 .rodata.CoreFindFreePagesI.isra.0.str1.1
                0x00000000000269e8        0x0 /tmp/ccL2uy18.ltrans1.ltrans.o
                                         0x10 (size before relaxing)
 .rodata.CoreAllocatePoolPages.str1.1
                0x00000000000269e8        0x0 /tmp/ccL2uy18.ltrans1.ltrans.o
                                         0x30 (size before relaxing)
 .rodata.CoreAllocatePoolI.str1.1
                0x00000000000269e8        0x0 /tmp/ccL2uy18.ltrans1.ltrans.o
                                        0x10f (size before relaxing)
 .rodata.CoreFreeMemoryMapStack.str1.1
                0x00000000000269e8        0x0 /tmp/ccL2uy18.ltrans1.ltrans.o
                                          0x6 (size before relaxing)
 .rodata.CoreConvertPagesEx.str1.1
                0x00000000000269e8        0x0 /tmp/ccL2uy18.ltrans1.ltrans.o
                                        0x19b (size before relaxing)
 .rodata.CoreGetMemoryMap.str1.1
                0x00000000000269e8        0x0 /tmp/ccL2uy18.ltrans1.ltrans.o
                                         0x95 (size before relaxing)
 .rodata.GuardFreedPages.part.0.str1.1
                0x00000000000269e8        0x0 /tmp/ccL2uy18.ltrans1.ltrans.o
                                         0x27 (size before relaxing)
 .rodata.CoreFreePoolI.str1.1
                0x00000000000269e8        0x0 /tmp/ccL2uy18.ltrans1.ltrans.o
                                        0x140 (size before relaxing)
 .rodata.CoreUpdateProfileFree.str1.1
                0x00000000000269e8        0x0 /tmp/ccL2uy18.ltrans1.ltrans.o
                                         0x12 (size before relaxing)
 .rodata.CoreInstallProtocolInterfaceNotify.str1.1
                0x00000000000269e8        0x0 /tmp/ccL2uy18.ltrans1.ltrans.o
                                         0xd4 (size before relaxing)
 .rodata.CoreAllocateSpace.str1.1
                0x00000000000269e8        0x0 /tmp/ccL2uy18.ltrans1.ltrans.o
                                         0x6e (size before relaxing)
 .rodata.CoreAllocateMemorySpace.str1.1
                0x00000000000269e8        0x0 /tmp/ccL2uy18.ltrans1.ltrans.o
                                         0xe4 (size before relaxing)
 .rodata.CoreAllocateIoSpace.str1.1
                0x00000000000269e8        0x0 /tmp/ccL2uy18.ltrans1.ltrans.o
                                         0x78 (size before relaxing)
 .rodata.CoreInternalAddMemorySpace.str1.1
                0x00000000000269e8        0x0 /tmp/ccL2uy18.ltrans1.ltrans.o
                                         0x4b (size before relaxing)
 .rodata.CoreFreeMemorySpace.str1.1
                0x00000000000269e8        0x0 /tmp/ccL2uy18.ltrans1.ltrans.o
                                         0x30 (size before relaxing)
 .rodata.CoreRemoveMemorySpace.str1.1
                0x00000000000269e8        0x0 /tmp/ccL2uy18.ltrans1.ltrans.o
                                         0x32 (size before relaxing)
 .rodata.CoreSetMemorySpaceAttributes.str1.1
                0x00000000000269e8        0x0 /tmp/ccL2uy18.ltrans1.ltrans.o
                                         0x51 (size before relaxing)
 .rodata.CoreSetMemorySpaceCapabilities.str1.1
                0x00000000000269e8        0x0 /tmp/ccL2uy18.ltrans1.ltrans.o
                                         0x59 (size before relaxing)
 .rodata.CoreAddIoSpace.str1.1
                0x00000000000269e8        0x0 /tmp/ccL2uy18.ltrans1.ltrans.o
                                         0x40 (size before relaxing)
 .rodata.CoreFreeIoSpace.str1.1
                0x00000000000269e8        0x0 /tmp/ccL2uy18.ltrans1.ltrans.o
                                         0x2c (size before relaxing)
 .rodata.CoreRemoveIoSpace.str1.1
                0x00000000000269e8        0x0 /tmp/ccL2uy18.ltrans1.ltrans.o
                                         0x2e (size before relaxing)
 .rodata.ProduceFVBProtocolOnBuffer.str1.1
                0x00000000000269e8        0x0 /tmp/ccL2uy18.ltrans1.ltrans.o
                                         0x48 (size before relaxing)
 .rodata.CoreProcessFirmwareVolume.str1.1
                0x00000000000269e8        0x0 /tmp/ccL2uy18.ltrans1.ltrans.o
                                         0x22 (size before relaxing)
 .rodata.NotifyFwVolBlock.str1.1
                0x00000000000269e8        0x0 /tmp/ccL2uy18.ltrans1.ltrans.o
                                        0x10a (size before relaxing)
 .rodata.mPoolSizeTable
                0x00000000000269e8       0x18 /tmp/ccL2uy18.ltrans1.ltrans.o
 .rodata.str1.1
                0x0000000000026a00        0x0 /tmp/ccL2uy18.ltrans1.ltrans.o
                                        0x110 (size before relaxing)
 .rodata.mGcdAllocationTypeNames
                0x0000000000026a00       0x30 /tmp/ccL2uy18.ltrans1.ltrans.o
 .rodata.mGcdIoTypeNames
                0x0000000000026a30       0x20 /tmp/ccL2uy18.ltrans1.ltrans.o
 .rodata.mGcdMemoryTypeNames
                0x0000000000026a50       0x40 /tmp/ccL2uy18.ltrans1.ltrans.o
 .rodata.FvGetVolumeAttributes.str1.1
                0x0000000000026a90        0x0 /tmp/ccL2uy18.ltrans2.ltrans.o
                                         0x5e (size before relaxing)
 .rodata.InternalBaseLibIsListValid.str1.1
                0x0000000000026a90        0x0 /tmp/ccL2uy18.ltrans2.ltrans.o
                                         0x99 (size before relaxing)
 .rodata.IsNodeInList.str1.1
                0x0000000000026a90        0x0 /tmp/ccL2uy18.ltrans2.ltrans.o
                                         0x44 (size before relaxing)
 .rodata.StrSize.str1.1
                0x0000000000026a90        0x0 /tmp/ccL2uy18.ltrans2.ltrans.o
                                         0xb2 (size before relaxing)
 .rodata.ReadUnaligned16.str1.1
                0x0000000000026a90        0x0 /tmp/ccL2uy18.ltrans2.ltrans.o
                                         0x5d (size before relaxing)
 .rodata.StrnLenS.str1.1
                0x0000000000026a90        0x0 /tmp/ccL2uy18.ltrans2.ltrans.o
                                         0x43 (size before relaxing)
 .rodata.CoreRaiseTpl.str1.1
                0x0000000000026a90        0x0 /tmp/ccL2uy18.ltrans2.ltrans.o
                                         0x9d (size before relaxing)
 .rodata.AsciiStrnCpyS.isra.0.str1.1
                0x0000000000026a90        0x0 /tmp/ccL2uy18.ltrans2.ltrans.o
                                        0x13b (size before relaxing)
 .rodata.UnicodeStrnToAsciiStrS.isra.0.str1.1
                0x0000000000026a90        0x0 /tmp/ccL2uy18.ltrans2.ltrans.o
                                         0xd0 (size before relaxing)
 .rodata.CopyMem.str1.1
                0x0000000000026a90        0x0 /tmp/ccL2uy18.ltrans2.ltrans.o
                                         0xd4 (size before relaxing)
 .rodata.SetMem.str1.1
                0x0000000000026a90        0x0 /tmp/ccL2uy18.ltrans2.ltrans.o
                                         0x8a (size before relaxing)
 .rodata.CalculateSum8.str1.1
                0x0000000000026a90        0x0 /tmp/ccL2uy18.ltrans2.ltrans.o
                                         0x79 (size before relaxing)
 .rodata.CalculateSum16.str1.1
                0x0000000000026a90        0x0 /tmp/ccL2uy18.ltrans2.ltrans.o
                                         0x2f (size before relaxing)
 .rodata.LongJump.constprop.0.str1.1
                0x0000000000026a90        0x0 /tmp/ccL2uy18.ltrans2.ltrans.o
                                         0x7e (size before relaxing)
 .rodata.RShiftU64.str1.1