/home/edk2mtk/edk2-mt6765/workspace/Build/MT6771Pkg/DEBUG_GCC5/AARCH64/MdeModulePkg/Universal/Console/ConPlatformDxe/ConPlatformDxe/OUTPUT/ConPlatformDxe.lib
/home/edk2mtk/edk2-mt6765/workspace/Build/MT6771Pkg/DEBUG_GCC5/AARCH64/MdePkg/Library/DxePcdLib/DxePcdLib/OUTPUT/DxePcdLib.lib
/home/edk2mtk/edk2-mt6765/workspace/Build/MT6771Pkg/DEBUG_GCC5/AARCH64/MdePkg/Library/BaseLib/BaseLib/OUTPUT/BaseLib.lib
/home/edk2mtk/edk2-mt6765/workspace/Build/MT6771Pkg/DEBUG_GCC5/AARCH64/MdePkg/Library/BaseMemoryLibOptDxe/BaseMemoryLibOptDxe/OUTPUT/BaseMemoryLibOptDxe.lib
/home/edk2mtk/edk2-mt6765/workspace/Build/MT6771Pkg/DEBUG_GCC5/AARCH64/ArmPkg/Library/ArmLib/ArmBaseLib/OUTPUT/ArmBaseLib.lib
/home/edk2mtk/edk2-mt6765/workspace/Build/MT6771Pkg/DEBUG_GCC5/AARCH64/MdePkg/Library/RegisterFilterLibNull/RegisterFilterLibNull/OUTPUT/FilterLibNull.lib
/home/edk2mtk/edk2-mt6765/workspace/Build/MT6771Pkg/DEBUG_GCC5/AARCH64/ArmPkg/Library/ArmCacheMaintenanceLib/ArmCacheMaintenanceLib/OUTPUT/ArmCacheMaintenanceLib.lib
/home/edk2mtk/edk2-mt6765/workspace/Build/MT6771Pkg/DEBUG_GCC5/AARCH64/MdePkg/Library/BaseIoLibIntrinsic/BaseIoLibIntrinsic/OUTPUT/BaseIoLibIntrinsic.lib
/home/edk2mtk/edk2-mt6765/workspace/Build/MT6771Pkg/DEBUG_GCC5/AARCH64/ArmPkg/Library/CompilerIntrinsicsLib/CompilerIntrinsicsLib/OUTPUT/CompilerIntrinsicsLib.lib
/home/edk2mtk/edk2-mt6765/workspace/Build/MT6771Pkg/DEBUG_GCC5/AARCH64/MdePkg/Library/BaseDebugPrintErrorLevelLib/BaseDebugPrintErrorLevelLib/OUTPUT/BaseDebugPrintErrorLevelLib.lib
/home/edk2mtk/edk2-mt6765/workspace/Build/MT6771Pkg/DEBUG_GCC5/AARCH64/MT6771Pkg/Library/FrameBufferSerialPortLib/FrameBufferSerialPortLib/OUTPUT/FrameBufferSerialPortLib.lib
/home/edk2mtk/edk2-mt6765/workspace/Build/MT6771Pkg/DEBUG_GCC5/AARCH64/MdePkg/Library/BasePrintLib/BasePrintLib/OUTPUT/BasePrintLib.lib
/home/edk2mtk/edk2-mt6765/workspace/Build/MT6771Pkg/DEBUG_GCC5/AARCH64/MdePkg/Library/BaseDebugLibSerialPort/BaseDebugLibSerialPort/OUTPUT/BaseDebugLibSerialPort.lib
/home/edk2mtk/edk2-mt6765/workspace/Build/MT6771Pkg/DEBUG_GCC5/AARCH64/MdePkg/Library/UefiMemoryAllocationLib/UefiMemoryAllocationLib/OUTPUT/UefiMemoryAllocationLib.lib
/home/edk2mtk/edk2-mt6765/workspace/Build/MT6771Pkg/DEBUG_GCC5/AARCH64/MdePkg/Library/UefiBootServicesTableLib/UefiBootServicesTableLib/OUTPUT/UefiBootServicesTableLib.lib
/home/edk2mtk/edk2-mt6765/workspace/Build/MT6771Pkg/DEBUG_GCC5/AARCH64/MdePkg/Library/UefiRuntimeServicesTableLib/UefiRuntimeServicesTableLib/OUTPUT/UefiRuntimeServicesTableLib.lib
/home/edk2mtk/edk2-mt6765/workspace/Build/MT6771Pkg/DEBUG_GCC5/AARCH64/MdePkg/Library/UefiDevicePathLib/UefiDevicePathLib/OUTPUT/UefiDevicePathLib.lib
/home/edk2mtk/edk2-mt6765/workspace/Build/MT6771Pkg/DEBUG_GCC5/AARCH64/MdePkg/Library/UefiLib/UefiLib/OUTPUT/UefiLib.lib
/home/edk2mtk/edk2-mt6765/workspace/Build/MT6771Pkg/DEBUG_GCC5/AARCH64/MdePkg/Library/DxeHobLib/DxeHobLib/OUTPUT/DxeHobLib.lib
/home/edk2mtk/edk2-mt6765/workspace/Build/MT6771Pkg/DEBUG_GCC5/AARCH64/MdeModulePkg/Library/UefiHiiServicesLib/UefiHiiServicesLib/OUTPUT/UefiHiiServicesLib.lib
/home/edk2mtk/edk2-mt6765/workspace/Build/MT6771Pkg/DEBUG_GCC5/AARCH64/MdeModulePkg/Library/VariablePolicyHelperLib/VariablePolicyHelperLib/OUTPUT/VariablePolicyHelperLib.lib
/home/edk2mtk/edk2-mt6765/workspace/Build/MT6771Pkg/DEBUG_GCC5/AARCH64/MdeModulePkg/Library/UefiSortLib/UefiSortLib/OUTPUT/UefiSortLib.lib
/home/edk2mtk/edk2-mt6765/workspace/Build/MT6771Pkg/DEBUG_GCC5/AARCH64/MdeModulePkg/Library/UefiHiiLib/UefiHiiLib/OUTPUT/UefiHiiLib.lib
/home/edk2mtk/edk2-mt6765/workspace/Build/MT6771Pkg/DEBUG_GCC5/AARCH64/MdeModulePkg/Library/DxeReportStatusCodeLib/DxeReportStatusCodeLib/OUTPUT/DxeReportStatusCodeLib.lib
/home/edk2mtk/edk2-mt6765/workspace/Build/MT6771Pkg/DEBUG_GCC5/AARCH64/MdePkg/Library/DxeServicesLib/DxeServicesLib/OUTPUT/DxeServicesLib.lib
/home/edk2mtk/edk2-mt6765/workspace/Build/MT6771Pkg/DEBUG_GCC5/AARCH64/MdePkg/Library/DxeServicesTableLib/DxeServicesTableLib/OUTPUT/DxeServicesTableLib.lib
/home/edk2mtk/edk2-mt6765/workspace/Build/MT6771Pkg/DEBUG_GCC5/AARCH64/MdePkg/Library/BasePeCoffGetEntryPointLib/BasePeCoffGetEntryPointLib/OUTPUT/BasePeCoffGetEntryPointLib.lib
/home/edk2mtk/edk2-mt6765/workspace/Build/MT6771Pkg/DEBUG_GCC5/AARCH64/MdeModulePkg/Library/DxePerformanceLib/DxePerformanceLib/OUTPUT/DxePerformanceLib.lib
/home/edk2mtk/edk2-mt6765/workspace/Build/MT6771Pkg/DEBUG_GCC5/AARCH64/MdePkg/Library/UefiDriverEntryPoint/UefiDriverEntryPoint/OUTPUT/UefiDriverEntryPoint.lib
/home/edk2mtk/edk2-mt6765/workspace/Build/MT6771Pkg/DEBUG_GCC5/AARCH64/MdeModulePkg/Library/UefiBootManagerLib/UefiBootManagerLib/OUTPUT/UefiBootManagerLib.lib
/home/edk2mtk/edk2-mt6765/workspace/Build/MT6771Pkg/DEBUG_GCC5/AARCH64/MdePkg/Library/BaseStackCheckLib/BaseStackCheckLib/OUTPUT/BaseStackCheckLib.lib