Archive member included to satisfy reference by file (symbol)

/home/edk2mtk/edk2-mt6765/workspace/Build/MT6771Pkg/DEBUG_GCC5/AARCH64/ArmPkg/Library/CompilerIntrinsicsLib/CompilerIntrinsicsLib/OUTPUT/CompilerIntrinsicsLib.lib(memcpy.obj)
                              /home/edk2mtk/edk2-mt6765/edk2/ArmPkg/Library/GccLto/liblto-aarch64.a (memcpy)
/home/edk2mtk/edk2-mt6765/workspace/Build/MT6771Pkg/DEBUG_GCC5/AARCH64/ArmPkg/Library/CompilerIntrinsicsLib/CompilerIntrinsicsLib/OUTPUT/CompilerIntrinsicsLib.lib(memset.obj)
                              /home/edk2mtk/edk2-mt6765/edk2/ArmPkg/Library/GccLto/liblto-aarch64.a (memset)
/home/edk2mtk/edk2-mt6765/workspace/Build/MT6771Pkg/DEBUG_GCC5/AARCH64/MdePkg/Library/UefiDriverEntryPoint/UefiDriverEntryPoint/OUTPUT/UefiDriverEntryPoint.lib(DriverEntryPoint.obj)
                              (_ModuleEntryPoint)
/home/edk2mtk/edk2-mt6765/workspace/Build/MT6771Pkg/DEBUG_GCC5/AARCH64/MdePkg/Library/BaseStackCheckLib/BaseStackCheckLib/OUTPUT/BaseStackCheckLib.lib(BaseStackCheckGcc.obj)
                              /home/edk2mtk/edk2-mt6765/edk2/ArmPkg/Library/GccLto/liblto-aarch64.a (__stack_chk_fail)
/home/edk2mtk/edk2-mt6765/workspace/Build/MT6771Pkg/DEBUG_GCC5/AARCH64/MT6771Pkg/Drivers/SimpleFbDxe/SimpleFbDxe/OUTPUT/SimpleFbDxe.lib(AutoGen.obj)
                              DriverEntryPoint.obj (symbol from plugin) (ProcessLibraryConstructorList)
/home/edk2mtk/edk2-mt6765/workspace/Build/MT6771Pkg/DEBUG_GCC5/AARCH64/MT6771Pkg/Drivers/SimpleFbDxe/SimpleFbDxe/OUTPUT/SimpleFbDxe.lib(SimpleFbDxe.obj)
                              AutoGen.obj (symbol from plugin) (SimpleFbDxeInitialize)
/home/edk2mtk/edk2-mt6765/workspace/Build/MT6771Pkg/DEBUG_GCC5/AARCH64/MdePkg/Library/BaseMemoryLibOptDxe/BaseMemoryLibOptDxe/OUTPUT/BaseMemoryLibOptDxe.lib(ZeroMemWrapper.obj)
                              SimpleFbDxe.obj (symbol from plugin) (ZeroMem)
/home/edk2mtk/edk2-mt6765/workspace/Build/MT6771Pkg/DEBUG_GCC5/AARCH64/MdePkg/Library/BaseMemoryLibOptDxe/BaseMemoryLibOptDxe/OUTPUT/BaseMemoryLibOptDxe.lib(SetMem.obj)
                              ZeroMemWrapper.obj (symbol from plugin) (InternalMemZeroMem)
/home/edk2mtk/edk2-mt6765/workspace/Build/MT6771Pkg/DEBUG_GCC5/AARCH64/MdePkg/Library/BaseLib/BaseLib/OUTPUT/BaseLib.lib(CpuDeadLoop.obj)
                              BaseStackCheckGcc.obj (symbol from plugin) (CpuDeadLoop)
/home/edk2mtk/edk2-mt6765/workspace/Build/MT6771Pkg/DEBUG_GCC5/AARCH64/MdePkg/Library/BaseLib/BaseLib/OUTPUT/BaseLib.lib(SwitchStack.obj)
                              CpuDeadLoop.obj (symbol from plugin) (CpuPause)
/home/edk2mtk/edk2-mt6765/workspace/Build/MT6771Pkg/DEBUG_GCC5/AARCH64/MdePkg/Library/BaseLib/BaseLib/OUTPUT/BaseLib.lib(CpuBreakpoint.obj)
                              BaseStackCheckGcc.obj (symbol from plugin) (CpuBreakpoint)
/home/edk2mtk/edk2-mt6765/workspace/Build/MT6771Pkg/DEBUG_GCC5/AARCH64/ArmPkg/Library/ArmCacheMaintenanceLib/ArmCacheMaintenanceLib/OUTPUT/ArmCacheMaintenanceLib.lib(ArmCacheMaintenanceLib.obj)
                              SimpleFbDxe.obj (symbol from plugin) (WriteBackInvalidateDataCacheRange)
/home/edk2mtk/edk2-mt6765/workspace/Build/MT6771Pkg/DEBUG_GCC5/AARCH64/MdePkg/Library/BaseDebugLibSerialPort/BaseDebugLibSerialPort/OUTPUT/BaseDebugLibSerialPort.lib(DebugLib.obj)
                              AutoGen.obj (symbol from plugin) (BaseDebugLibSerialPortConstructor)
/home/edk2mtk/edk2-mt6765/workspace/Build/MT6771Pkg/DEBUG_GCC5/AARCH64/MdePkg/Library/UefiMemoryAllocationLib/UefiMemoryAllocationLib/OUTPUT/UefiMemoryAllocationLib.lib(MemoryAllocationLib.obj)
                              SimpleFbDxe.obj (symbol from plugin) (AllocatePool)
/home/edk2mtk/edk2-mt6765/workspace/Build/MT6771Pkg/DEBUG_GCC5/AARCH64/MdePkg/Library/UefiRuntimeServicesTableLib/UefiRuntimeServicesTableLib/OUTPUT/UefiRuntimeServicesTableLib.lib(UefiRuntimeServicesTableLib.obj)
                              AutoGen.obj (symbol from plugin) (UefiRuntimeServicesTableLibConstructor)
/home/edk2mtk/edk2-mt6765/workspace/Build/MT6771Pkg/DEBUG_GCC5/AARCH64/MdePkg/Library/UefiBootServicesTableLib/UefiBootServicesTableLib/OUTPUT/UefiBootServicesTableLib.lib(UefiBootServicesTableLib.obj)
                              AutoGen.obj (symbol from plugin) (UefiBootServicesTableLibConstructor)
/home/edk2mtk/edk2-mt6765/workspace/Build/MT6771Pkg/DEBUG_GCC5/AARCH64/MdePkg/Library/UefiLib/UefiLib/OUTPUT/UefiLib.lib(UefiLib.obj)
                              AutoGen.obj (symbol from plugin) (UefiLibConstructor)
/home/edk2mtk/edk2-mt6765/workspace/Build/MT6771Pkg/DEBUG_GCC5/AARCH64/MdePkg/Library/DxeHobLib/DxeHobLib/OUTPUT/DxeHobLib.lib(HobLib.obj)
                              AutoGen.obj (symbol from plugin) (HobLibConstructor)
/home/edk2mtk/edk2-mt6765/workspace/Build/MT6771Pkg/DEBUG_GCC5/AARCH64/MT6771Pkg/Library/FrameBufferBltLib/FrameBufferBltLib/OUTPUT/FrameBufferBltLib.lib(FrameBufferBltLib.obj)
                              SimpleFbDxe.obj (symbol from plugin) (FrameBufferBltConfigure)
/home/edk2mtk/edk2-mt6765/workspace/Build/MT6771Pkg/DEBUG_GCC5/AARCH64/MdePkg/Library/BaseMemoryLibOptDxe/BaseMemoryLibOptDxe/OUTPUT/BaseMemoryLibOptDxe.lib(MemLibGuid.obj)
                              UefiLib.obj (symbol from plugin) (CompareGuid)
/home/edk2mtk/edk2-mt6765/workspace/Build/MT6771Pkg/DEBUG_GCC5/AARCH64/MdePkg/Library/BaseMemoryLibOptDxe/BaseMemoryLibOptDxe/OUTPUT/BaseMemoryLibOptDxe.lib(SetMem64Wrapper.obj)
                              FrameBufferBltLib.obj (symbol from plugin) (SetMem64)
/home/edk2mtk/edk2-mt6765/workspace/Build/MT6771Pkg/DEBUG_GCC5/AARCH64/MdePkg/Library/BaseMemoryLibOptDxe/BaseMemoryLibOptDxe/OUTPUT/BaseMemoryLibOptDxe.lib(SetMem32Wrapper.obj)
                              FrameBufferBltLib.obj (symbol from plugin) (SetMem32)
/home/edk2mtk/edk2-mt6765/workspace/Build/MT6771Pkg/DEBUG_GCC5/AARCH64/MdePkg/Library/BaseMemoryLibOptDxe/BaseMemoryLibOptDxe/OUTPUT/BaseMemoryLibOptDxe.lib(SetMemWrapper.obj)
                              DebugLib.obj (symbol from plugin) (SetMem)
/home/edk2mtk/edk2-mt6765/workspace/Build/MT6771Pkg/DEBUG_GCC5/AARCH64/MdePkg/Library/BaseMemoryLibOptDxe/BaseMemoryLibOptDxe/OUTPUT/BaseMemoryLibOptDxe.lib(CopyMemWrapper.obj)
                              MemoryAllocationLib.obj (symbol from plugin) (CopyMem)
/home/edk2mtk/edk2-mt6765/workspace/Build/MT6771Pkg/DEBUG_GCC5/AARCH64/MdePkg/Library/BaseMemoryLibOptDxe/BaseMemoryLibOptDxe/OUTPUT/BaseMemoryLibOptDxe.lib(CopyMem.obj)
                              MemLibGuid.obj (symbol from plugin) (InternalMemCopyMem)
/home/edk2mtk/edk2-mt6765/workspace/Build/MT6771Pkg/DEBUG_GCC5/AARCH64/MdePkg/Library/BaseMemoryLibOptDxe/BaseMemoryLibOptDxe/OUTPUT/BaseMemoryLibOptDxe.lib(CompareGuid.obj)
                              MemLibGuid.obj (symbol from plugin) (InternalMemCompareGuid)
/home/edk2mtk/edk2-mt6765/workspace/Build/MT6771Pkg/DEBUG_GCC5/AARCH64/MdePkg/Library/BaseLib/BaseLib/OUTPUT/BaseLib.lib(HighBitSet32.obj)
                              FrameBufferBltLib.obj (symbol from plugin) (HighBitSet32)
/home/edk2mtk/edk2-mt6765/workspace/Build/MT6771Pkg/DEBUG_GCC5/AARCH64/MdePkg/Library/BaseLib/BaseLib/OUTPUT/BaseLib.lib(String.obj)
                              UefiLib.obj (symbol from plugin) (StrSize)
/home/edk2mtk/edk2-mt6765/workspace/Build/MT6771Pkg/DEBUG_GCC5/AARCH64/MdePkg/Library/BaseLib/BaseLib/OUTPUT/BaseLib.lib(Unaligned.obj)
                              UefiLib.obj (symbol from plugin) (ReadUnaligned24)
/home/edk2mtk/edk2-mt6765/workspace/Build/MT6771Pkg/DEBUG_GCC5/AARCH64/MdePkg/Library/BaseLib/BaseLib/OUTPUT/BaseLib.lib(RShiftU64.obj)
                              Unaligned.obj (symbol from plugin) (RShiftU64)
/home/edk2mtk/edk2-mt6765/workspace/Build/MT6771Pkg/DEBUG_GCC5/AARCH64/MdePkg/Library/BaseLib/BaseLib/OUTPUT/BaseLib.lib(LShiftU64.obj)
                              Unaligned.obj (symbol from plugin) (LShiftU64)
/home/edk2mtk/edk2-mt6765/workspace/Build/MT6771Pkg/DEBUG_GCC5/AARCH64/MdePkg/Library/BaseLib/BaseLib/OUTPUT/BaseLib.lib(SafeString.obj)
                              String.obj (symbol from plugin) (StrDecimalToUintnS)
/home/edk2mtk/edk2-mt6765/workspace/Build/MT6771Pkg/DEBUG_GCC5/AARCH64/MdePkg/Library/BaseLib/BaseLib/OUTPUT/BaseLib.lib(Math64.obj)
                              LShiftU64.obj (symbol from plugin) (InternalMathLShiftU64)
/home/edk2mtk/edk2-mt6765/workspace/Build/MT6771Pkg/DEBUG_GCC5/AARCH64/MdePkg/Library/BaseLib/BaseLib/OUTPUT/BaseLib.lib(SwapBytes32.obj)
                              SafeString.obj (symbol from plugin) (SwapBytes32)
/home/edk2mtk/edk2-mt6765/workspace/Build/MT6771Pkg/DEBUG_GCC5/AARCH64/MdePkg/Library/BaseLib/BaseLib/OUTPUT/BaseLib.lib(SwapBytes16.obj)
                              SafeString.obj (symbol from plugin) (SwapBytes16)
/home/edk2mtk/edk2-mt6765/workspace/Build/MT6771Pkg/DEBUG_GCC5/AARCH64/MdePkg/Library/BaseLib/BaseLib/OUTPUT/BaseLib.lib(MultU64x32.obj)
                              SafeString.obj (symbol from plugin) (MultU64x32)
/home/edk2mtk/edk2-mt6765/workspace/Build/MT6771Pkg/DEBUG_GCC5/AARCH64/MdePkg/Library/BaseLib/BaseLib/OUTPUT/BaseLib.lib(DivU64x32.obj)
                              SafeString.obj (symbol from plugin) (DivU64x32)
/home/edk2mtk/edk2-mt6765/workspace/Build/MT6771Pkg/DEBUG_GCC5/AARCH64/ArmPkg/Library/ArmLib/ArmBaseLib/OUTPUT/ArmBaseLib.lib(ArmLib.obj)
                              ArmCacheMaintenanceLib.obj (symbol from plugin) (ArmDataCacheLineLength)
/home/edk2mtk/edk2-mt6765/workspace/Build/MT6771Pkg/DEBUG_GCC5/AARCH64/ArmPkg/Library/ArmLib/ArmBaseLib/OUTPUT/ArmBaseLib.lib(ArmLibSupport.obj)
                              ArmLib.obj (symbol from plugin) (ArmCacheInfo)
/home/edk2mtk/edk2-mt6765/workspace/Build/MT6771Pkg/DEBUG_GCC5/AARCH64/ArmPkg/Library/ArmLib/ArmBaseLib/OUTPUT/ArmBaseLib.lib(AArch64Support.obj)
                              ArmCacheMaintenanceLib.obj (symbol from plugin) (ArmInvalidateDataCacheEntryByMVA)
/home/edk2mtk/edk2-mt6765/workspace/Build/MT6771Pkg/DEBUG_GCC5/AARCH64/MdePkg/Library/BaseDebugPrintErrorLevelLib/BaseDebugPrintErrorLevelLib/OUTPUT/BaseDebugPrintErrorLevelLib.lib(BaseDebugPrintErrorLevelLib.obj)
                              DebugLib.obj (symbol from plugin) (GetDebugPrintErrorLevel)
/home/edk2mtk/edk2-mt6765/workspace/Build/MT6771Pkg/DEBUG_GCC5/AARCH64/MdePkg/Library/BasePrintLib/BasePrintLib/OUTPUT/BasePrintLib.lib(PrintLib.obj)
                              DebugLib.obj (symbol from plugin) (AsciiVSPrint)
/home/edk2mtk/edk2-mt6765/workspace/Build/MT6771Pkg/DEBUG_GCC5/AARCH64/MdePkg/Library/BasePrintLib/BasePrintLib/OUTPUT/BasePrintLib.lib(PrintLibInternal.obj)
                              PrintLib.obj (symbol from plugin) (BasePrintLibConvertValueToStringS)
/home/edk2mtk/edk2-mt6765/workspace/Build/MT6771Pkg/DEBUG_GCC5/AARCH64/MT6771Pkg/Library/FrameBufferSerialPortLib/FrameBufferSerialPortLib/OUTPUT/FrameBufferSerialPortLib.lib(FrameBufferSerialPortLib.obj)
                              DebugLib.obj (symbol from plugin) (SerialPortInitialize)
/home/edk2mtk/edk2-mt6765/workspace/Build/MT6771Pkg/DEBUG_GCC5/AARCH64/MdePkg/Library/UefiDevicePathLib/UefiDevicePathLib/OUTPUT/UefiDevicePathLib.lib(DevicePathUtilities.obj)
                              UefiLib.obj (symbol from plugin) (DevicePathType)
/home/edk2mtk/edk2-mt6765/workspace/Build/MT6771Pkg/DEBUG_GCC5/AARCH64/MdePkg/Library/UefiDevicePathLib/UefiDevicePathLib/OUTPUT/UefiDevicePathLib.lib(DevicePathUtilitiesDxeSmm.obj)
                              DevicePathUtilities.obj (symbol from plugin) (DevicePathFromHandle)
/home/edk2mtk/edk2-mt6765/workspace/Build/MT6771Pkg/DEBUG_GCC5/AARCH64/MdePkg/Library/UefiDevicePathLib/UefiDevicePathLib/OUTPUT/UefiDevicePathLib.lib(UefiDevicePathLib.obj)
                              DevicePathUtilities.obj (symbol from plugin) (GetDevicePathSize)
/home/edk2mtk/edk2-mt6765/workspace/Build/MT6771Pkg/DEBUG_GCC5/AARCH64/MdePkg/Library/UefiDevicePathLib/UefiDevicePathLib/OUTPUT/UefiDevicePathLib.lib(DevicePathToText.obj)
                              UefiDevicePathLib.obj (symbol from plugin) (UefiDevicePathLibConvertDeviceNodeToText)
/home/edk2mtk/edk2-mt6765/workspace/Build/MT6771Pkg/DEBUG_GCC5/AARCH64/MdePkg/Library/UefiDevicePathLib/UefiDevicePathLib/OUTPUT/UefiDevicePathLib.lib(DevicePathFromText.obj)
                              UefiDevicePathLib.obj (symbol from plugin) (UefiDevicePathLibConvertTextToDeviceNode)
/home/edk2mtk/edk2-mt6765/workspace/Build/MT6771Pkg/DEBUG_GCC5/AARCH64/MdePkg/Library/BaseLib/BaseLib/OUTPUT/BaseLib.lib(SwapBytes64.obj)
                              DevicePathFromText.obj (symbol from plugin) (SwapBytes64)
/home/edk2mtk/edk2-mt6765/workspace/Build/MT6771Pkg/DEBUG_GCC5/AARCH64/MdePkg/Library/BaseLib/BaseLib/OUTPUT/BaseLib.lib(DivU64x32Remainder.obj)
                              PrintLibInternal.obj (symbol from plugin) (DivU64x32Remainder)
/home/edk2mtk/edk2-mt6765/workspace/Build/MT6771Pkg/DEBUG_GCC5/AARCH64/ArmPkg/Library/ArmLib/ArmBaseLib/OUTPUT/ArmBaseLib.lib(ArmLibSupportV8.obj)
                              FrameBufferSerialPortLib.obj (symbol from plugin) (ArmEnableInterrupts)

Merging object attributes


Merging program properties


Discarded input sections

 .text          0x0000000000000000       0x10 /home/edk2mtk/edk2-mt6765/edk2/ArmPkg/Library/GccLto/liblto-aarch64.a
 .data          0x0000000000000000        0x0 /home/edk2mtk/edk2-mt6765/edk2/ArmPkg/Library/GccLto/liblto-aarch64.a
 .bss           0x0000000000000000        0x0 /home/edk2mtk/edk2-mt6765/edk2/ArmPkg/Library/GccLto/liblto-aarch64.a
 .text          0x0000000000000000        0x0 /tmp/ccxdA1fs.ltrans0.ltrans.o
 .data          0x0000000000000000        0x0 /tmp/ccxdA1fs.ltrans0.ltrans.o
 .bss           0x0000000000000000        0x0 /tmp/ccxdA1fs.ltrans0.ltrans.o
 .text._DriverUnloadHandler
                0x0000000000000000        0x8 /tmp/ccxdA1fs.ltrans0.ltrans.o
 .text.DebugPrintLevelEnabled
                0x0000000000000000        0x8 /tmp/ccxdA1fs.ltrans0.ltrans.o
 .text.DebugAssertEnabled
                0x0000000000000000        0x8 /tmp/ccxdA1fs.ltrans0.ltrans.o
 .text.DebugPrintEnabled
                0x0000000000000000        0x8 /tmp/ccxdA1fs.ltrans0.ltrans.o
 .text.__memset
                0x0000000000000000       0x1c /tmp/ccxdA1fs.ltrans0.ltrans.o
 .comment       0x0000000000000000       0x27 /tmp/ccxdA1fs.ltrans0.ltrans.o
 .note.GNU-stack
                0x0000000000000000        0x0 /tmp/ccxdA1fs.ltrans0.ltrans.o
 .comment       0x0000000000000000       0x27 /tmp/ccpPTkq2.debug.temp.o
 .note.GNU-stack
                0x0000000000000000        0x0 /tmp/ccpPTkq2.debug.temp.o
 .comment       0x0000000000000000       0x27 /tmp/ccGPKs9o.debug.temp.o
 .note.GNU-stack
                0x0000000000000000        0x0 /tmp/ccGPKs9o.debug.temp.o
 .comment       0x0000000000000000       0x27 /tmp/ccVsZAHn.debug.temp.o
 .note.GNU-stack
                0x0000000000000000        0x0 /tmp/ccVsZAHn.debug.temp.o
 .comment       0x0000000000000000       0x27 /tmp/ccAkl1fN.debug.temp.o
 .note.GNU-stack
                0x0000000000000000        0x0 /tmp/ccAkl1fN.debug.temp.o
 .comment       0x0000000000000000       0x27 /tmp/ccnfldu0.debug.temp.o
 .note.GNU-stack
                0x0000000000000000        0x0 /tmp/ccnfldu0.debug.temp.o
 .comment       0x0000000000000000       0x27 /tmp/ccZGDw2Y.debug.temp.o
 .note.GNU-stack
                0x0000000000000000        0x0 /tmp/ccZGDw2Y.debug.temp.o
 .comment       0x0000000000000000       0x27 /tmp/ccdQnsBr.debug.temp.o
 .note.GNU-stack
                0x0000000000000000        0x0 /tmp/ccdQnsBr.debug.temp.o
 .debug_info    0x0000000000000000       0xa3 /tmp/ccDsCCFF.debug.temp.o
 .debug_abbrev  0x0000000000000000       0x76 /tmp/ccDsCCFF.debug.temp.o
 .debug_line    0x0000000000000000       0x4c /tmp/ccDsCCFF.debug.temp.o
 .debug_str     0x0000000000000000      0x244 /tmp/ccDsCCFF.debug.temp.o
 .debug_line_str
                0x0000000000000000      0x174 /tmp/ccDsCCFF.debug.temp.o
 .comment       0x0000000000000000       0x27 /tmp/ccDsCCFF.debug.temp.o
 .note.GNU-stack
                0x0000000000000000        0x0 /tmp/ccDsCCFF.debug.temp.o
 .comment       0x0000000000000000       0x27 /tmp/ccMuYSvh.debug.temp.o
 .note.GNU-stack
                0x0000000000000000        0x0 /tmp/ccMuYSvh.debug.temp.o
 .comment       0x0000000000000000       0x27 /tmp/ccOQTl9w.debug.temp.o
 .note.GNU-stack
                0x0000000000000000        0x0 /tmp/ccOQTl9w.debug.temp.o
 .comment       0x0000000000000000       0x27 /tmp/cckk5pSn.debug.temp.o
 .note.GNU-stack
                0x0000000000000000        0x0 /tmp/cckk5pSn.debug.temp.o
 .comment       0x0000000000000000       0x27 /tmp/ccx4hrK6.debug.temp.o
 .note.GNU-stack
                0x0000000000000000        0x0 /tmp/ccx4hrK6.debug.temp.o
 .comment       0x0000000000000000       0x27 /tmp/cc72vN6I.debug.temp.o
 .note.GNU-stack
                0x0000000000000000        0x0 /tmp/cc72vN6I.debug.temp.o
 .comment       0x0000000000000000       0x27 /tmp/ccApUu4r.debug.temp.o
 .note.GNU-stack
                0x0000000000000000        0x0 /tmp/ccApUu4r.debug.temp.o
 .comment       0x0000000000000000       0x27 /tmp/ccDlSX5n.debug.temp.o
 .note.GNU-stack
                0x0000000000000000        0x0 /tmp/ccDlSX5n.debug.temp.o
 .comment       0x0000000000000000       0x27 /tmp/ccnUqaVr.debug.temp.o
 .note.GNU-stack
                0x0000000000000000        0x0 /tmp/ccnUqaVr.debug.temp.o
 .comment       0x0000000000000000       0x27 /tmp/cc4NwBjQ.debug.temp.o
 .note.GNU-stack
                0x0000000000000000        0x0 /tmp/cc4NwBjQ.debug.temp.o
 .comment       0x0000000000000000       0x27 /tmp/ccT0Smur.debug.temp.o
 .note.GNU-stack
                0x0000000000000000        0x0 /tmp/ccT0Smur.debug.temp.o
 .comment       0x0000000000000000       0x27 /tmp/ccVn3zR6.debug.temp.o
 .note.GNU-stack
                0x0000000000000000        0x0 /tmp/ccVn3zR6.debug.temp.o
 .comment       0x0000000000000000       0x27 /tmp/ccNSSVaq.debug.temp.o
 .note.GNU-stack
                0x0000000000000000        0x0 /tmp/ccNSSVaq.debug.temp.o
 .comment       0x0000000000000000       0x27 /tmp/cc6Hw3jP.debug.temp.o
 .note.GNU-stack
                0x0000000000000000        0x0 /tmp/cc6Hw3jP.debug.temp.o
 .comment       0x0000000000000000       0x27 /tmp/cc2VEKqY.debug.temp.o
 .note.GNU-stack
                0x0000000000000000        0x0 /tmp/cc2VEKqY.debug.temp.o
 .comment       0x0000000000000000       0x27 /tmp/ccQfA8uJ.debug.temp.o
 .note.GNU-stack
                0x0000000000000000        0x0 /tmp/ccQfA8uJ.debug.temp.o
 .comment       0x0000000000000000       0x27 /tmp/ccsk4g4u.debug.temp.o
 .note.GNU-stack
                0x0000000000000000        0x0 /tmp/ccsk4g4u.debug.temp.o
 .debug_info    0x0000000000000000      0x105 /tmp/ccS4iX37.debug.temp.o
 .debug_abbrev  0x0000000000000000       0xb8 /tmp/ccS4iX37.debug.temp.o
 .debug_line    0x0000000000000000       0x51 /tmp/ccS4iX37.debug.temp.o
 .debug_str     0x0000000000000000      0x284 /tmp/ccS4iX37.debug.temp.o
 .debug_line_str
                0x0000000000000000      0x184 /tmp/ccS4iX37.debug.temp.o
 .comment       0x0000000000000000       0x27 /tmp/ccS4iX37.debug.temp.o
 .note.GNU-stack
                0x0000000000000000        0x0 /tmp/ccS4iX37.debug.temp.o
 .debug_info    0x0000000000000000      0x105 /tmp/cc1sd7K2.debug.temp.o
 .debug_abbrev  0x0000000000000000       0xb8 /tmp/cc1sd7K2.debug.temp.o
 .debug_line    0x0000000000000000       0x51 /tmp/cc1sd7K2.debug.temp.o
 .debug_str     0x0000000000000000      0x284 /tmp/cc1sd7K2.debug.temp.o
 .debug_line_str
                0x0000000000000000      0x184 /tmp/cc1sd7K2.debug.temp.o
 .comment       0x0000000000000000       0x27 /tmp/cc1sd7K2.debug.temp.o
 .note.GNU-stack
                0x0000000000000000        0x0 /tmp/cc1sd7K2.debug.temp.o
 .comment       0x0000000000000000       0x27 /tmp/ccfqpuO3.debug.temp.o
 .note.GNU-stack
                0x0000000000000000        0x0 /tmp/ccfqpuO3.debug.temp.o
 .comment       0x0000000000000000       0x27 /tmp/ccUaDBVn.debug.temp.o
 .note.GNU-stack
                0x0000000000000000        0x0 /tmp/ccUaDBVn.debug.temp.o
 .debug_info    0x0000000000000000       0xc2 /tmp/ccgWtLyD.debug.temp.o
 .debug_abbrev  0x0000000000000000       0x8e /tmp/ccgWtLyD.debug.temp.o
 .debug_line    0x0000000000000000       0x4c /tmp/ccgWtLyD.debug.temp.o
 .debug_str     0x0000000000000000      0x25f /tmp/ccgWtLyD.debug.temp.o
 .debug_line_str
                0x0000000000000000      0x174 /tmp/ccgWtLyD.debug.temp.o
 .comment       0x0000000000000000       0x27 /tmp/ccgWtLyD.debug.temp.o
 .note.GNU-stack
                0x0000000000000000        0x0 /tmp/ccgWtLyD.debug.temp.o
 .debug_info    0x0000000000000000       0x8f /tmp/ccYEJ3vj.debug.temp.o
 .debug_abbrev  0x0000000000000000       0x5d /tmp/ccYEJ3vj.debug.temp.o
 .debug_line    0x0000000000000000       0x43 /tmp/ccYEJ3vj.debug.temp.o
 .debug_str     0x0000000000000000      0x235 /tmp/ccYEJ3vj.debug.temp.o
 .debug_line_str
                0x0000000000000000      0x134 /tmp/ccYEJ3vj.debug.temp.o
 .comment       0x0000000000000000       0x27 /tmp/ccYEJ3vj.debug.temp.o
 .note.GNU-stack
                0x0000000000000000        0x0 /tmp/ccYEJ3vj.debug.temp.o
 .debug_info    0x0000000000000000       0xc6 /tmp/ccIW0eBm.debug.temp.o
 .debug_abbrev  0x0000000000000000       0x8e /tmp/ccIW0eBm.debug.temp.o
 .debug_line    0x0000000000000000       0x48 /tmp/ccIW0eBm.debug.temp.o
 .debug_str     0x0000000000000000      0x26b /tmp/ccIW0eBm.debug.temp.o
 .debug_line_str
                0x0000000000000000      0x145 /tmp/ccIW0eBm.debug.temp.o
 .comment       0x0000000000000000       0x27 /tmp/ccIW0eBm.debug.temp.o
 .note.GNU-stack
                0x0000000000000000        0x0 /tmp/ccIW0eBm.debug.temp.o
 .debug_info    0x0000000000000000      0x110 /tmp/ccUxnLdW.debug.temp.o
 .debug_abbrev  0x0000000000000000       0xb8 /tmp/ccUxnLdW.debug.temp.o
 .debug_line    0x0000000000000000       0x51 /tmp/ccUxnLdW.debug.temp.o
 .debug_str     0x0000000000000000      0x28e /tmp/ccUxnLdW.debug.temp.o
 .debug_line_str
                0x0000000000000000      0x184 /tmp/ccUxnLdW.debug.temp.o
 .comment       0x0000000000000000       0x27 /tmp/ccUxnLdW.debug.temp.o
 .note.GNU-stack
                0x0000000000000000        0x0 /tmp/ccUxnLdW.debug.temp.o
 .comment       0x0000000000000000       0x27 /tmp/ccQm4hmg.debug.temp.o
 .note.GNU-stack
                0x0000000000000000        0x0 /tmp/ccQm4hmg.debug.temp.o
 .debug_info    0x0000000000000000       0xb8 /tmp/ccI3m7lf.debug.temp.o
 .debug_abbrev  0x0000000000000000       0x8e /tmp/ccI3m7lf.debug.temp.o
 .debug_line    0x0000000000000000       0x4c /tmp/ccI3m7lf.debug.temp.o
 .debug_str     0x0000000000000000      0x291 /tmp/ccI3m7lf.debug.temp.o
 .debug_line_str
                0x0000000000000000      0x242 /tmp/ccI3m7lf.debug.temp.o
 .comment       0x0000000000000000       0x27 /tmp/ccI3m7lf.debug.temp.o
 .note.GNU-stack
                0x0000000000000000        0x0 /tmp/ccI3m7lf.debug.temp.o
 .comment       0x0000000000000000       0x27 /tmp/ccOCoL5c.debug.temp.o
 .note.GNU-stack
                0x0000000000000000        0x0 /tmp/ccOCoL5c.debug.temp.o
 .comment       0x0000000000000000       0x27 /tmp/ccF8nbHk.debug.temp.o
 .note.GNU-stack
                0x0000000000000000        0x0 /tmp/ccF8nbHk.debug.temp.o
 .comment       0x0000000000000000       0x27 /tmp/ccytkXOq.debug.temp.o
 .note.GNU-stack
                0x0000000000000000        0x0 /tmp/ccytkXOq.debug.temp.o
 .debug_info    0x0000000000000000      0x6b1 /tmp/ccgBz1VJ.debug.temp.o
 .debug_abbrev  0x0000000000000000      0x1ec /tmp/ccgBz1VJ.debug.temp.o
 .debug_line    0x0000000000000000       0x7b /tmp/ccgBz1VJ.debug.temp.o
 .debug_str     0x0000000000000000      0x6c7 /tmp/ccgBz1VJ.debug.temp.o
 .debug_line_str
                0x0000000000000000      0x2fd /tmp/ccgBz1VJ.debug.temp.o
 .comment       0x0000000000000000       0x27 /tmp/ccgBz1VJ.debug.temp.o
 .note.GNU-stack
                0x0000000000000000        0x0 /tmp/ccgBz1VJ.debug.temp.o
 .debug_info    0x0000000000000000      0xe39 /tmp/ccTx6u1P.debug.temp.o
 .debug_abbrev  0x0000000000000000      0x19c /tmp/ccTx6u1P.debug.temp.o
 .debug_line    0x0000000000000000       0x71 /tmp/ccTx6u1P.debug.temp.o
 .debug_str     0x0000000000000000      0xcb1 /tmp/ccTx6u1P.debug.temp.o
 .debug_line_str
                0x0000000000000000      0x2a0 /tmp/ccTx6u1P.debug.temp.o
 .comment       0x0000000000000000       0x27 /tmp/ccTx6u1P.debug.temp.o
 .note.GNU-stack
                0x0000000000000000        0x0 /tmp/ccTx6u1P.debug.temp.o
 .debug_info    0x0000000000000000      0x3fc /tmp/ccyFYFf5.debug.temp.o
 .debug_abbrev  0x0000000000000000      0x11a /tmp/ccyFYFf5.debug.temp.o
 .debug_line    0x0000000000000000       0x51 /tmp/ccyFYFf5.debug.temp.o
 .debug_str     0x0000000000000000      0x5e6 /tmp/ccyFYFf5.debug.temp.o
 .debug_line_str
                0x0000000000000000      0x1c0 /tmp/ccyFYFf5.debug.temp.o
 .comment       0x0000000000000000       0x27 /tmp/ccyFYFf5.debug.temp.o
 .note.GNU-stack
                0x0000000000000000        0x0 /tmp/ccyFYFf5.debug.temp.o
 .debug_info    0x0000000000000000     0x25d1 /tmp/cciX0XiW.debug.temp.o
 .debug_abbrev  0x0000000000000000      0x2c5 /tmp/cciX0XiW.debug.temp.o
 .debug_line    0x0000000000000000       0xa5 /tmp/cciX0XiW.debug.temp.o
 .debug_str     0x0000000000000000     0x1490 /tmp/cciX0XiW.debug.temp.o
 .debug_line_str
                0x0000000000000000      0x3dd /tmp/cciX0XiW.debug.temp.o
 .comment       0x0000000000000000       0x27 /tmp/cciX0XiW.debug.temp.o
 .note.GNU-stack
                0x0000000000000000        0x0 /tmp/cciX0XiW.debug.temp.o
 .debug_info    0x0000000000000000     0x2edc /tmp/cckho1bo.debug.temp.o
 .debug_abbrev  0x0000000000000000      0x2aa /tmp/cckho1bo.debug.temp.o
 .debug_line    0x0000000000000000       0x9b /tmp/cckho1bo.debug.temp.o
 .debug_str     0x0000000000000000     0x1e55 /tmp/cckho1bo.debug.temp.o
 .debug_line_str
                0x0000000000000000      0x3cb /tmp/cckho1bo.debug.temp.o
 .comment       0x0000000000000000       0x27 /tmp/cckho1bo.debug.temp.o
 .note.GNU-stack
                0x0000000000000000        0x0 /tmp/cckho1bo.debug.temp.o
 .debug_info    0x0000000000000000       0xa5 /tmp/cchMeSz0.debug.temp.o
 .debug_abbrev  0x0000000000000000       0x7b /tmp/cchMeSz0.debug.temp.o
 .debug_line    0x0000000000000000       0x48 /tmp/cchMeSz0.debug.temp.o
 .debug_str     0x0000000000000000      0x24d /tmp/cchMeSz0.debug.temp.o
 .debug_line_str
                0x0000000000000000      0x147 /tmp/cchMeSz0.debug.temp.o
 .comment       0x0000000000000000       0x27 /tmp/cchMeSz0.debug.temp.o
 .note.GNU-stack
                0x0000000000000000        0x0 /tmp/cchMeSz0.debug.temp.o
 .comment       0x0000000000000000       0x27 /tmp/ccybRwWh.debug.temp.o
 .note.GNU-stack
                0x0000000000000000        0x0 /tmp/ccybRwWh.debug.temp.o
 .note.gnu.property
                0x0000000000000000        0x0 /tmp/ccybRwWh.debug.temp.o
 .data          0x0000000000000000        0x0 /home/edk2mtk/edk2-mt6765/workspace/Build/MT6771Pkg/DEBUG_GCC5/AARCH64/MdePkg/Library/BaseMemoryLibOptDxe/BaseMemoryLibOptDxe/OUTPUT/BaseMemoryLibOptDxe.lib(SetMem.obj)
 .bss           0x0000000000000000        0x0 /home/edk2mtk/edk2-mt6765/workspace/Build/MT6771Pkg/DEBUG_GCC5/AARCH64/MdePkg/Library/BaseMemoryLibOptDxe/BaseMemoryLibOptDxe/OUTPUT/BaseMemoryLibOptDxe.lib(SetMem.obj)
 .text          0x0000000000000000       0x30 /home/edk2mtk/edk2-mt6765/workspace/Build/MT6771Pkg/DEBUG_GCC5/AARCH64/MdePkg/Library/BaseLib/BaseLib/OUTPUT/BaseLib.lib(SwitchStack.obj)
 .data          0x0000000000000000        0x0 /home/edk2mtk/edk2-mt6765/workspace/Build/MT6771Pkg/DEBUG_GCC5/AARCH64/MdePkg/Library/BaseLib/BaseLib/OUTPUT/BaseLib.lib(SwitchStack.obj)
 .bss           0x0000000000000000        0x0 /home/edk2mtk/edk2-mt6765/workspace/Build/MT6771Pkg/DEBUG_GCC5/AARCH64/MdePkg/Library/BaseLib/BaseLib/OUTPUT/BaseLib.lib(SwitchStack.obj)
 .text          0x0000000000000000        0x8 /home/edk2mtk/edk2-mt6765/workspace/Build/MT6771Pkg/DEBUG_GCC5/AARCH64/MdePkg/Library/BaseLib/BaseLib/OUTPUT/BaseLib.lib(CpuBreakpoint.obj)
 .data          0x0000000000000000        0x0 /home/edk2mtk/edk2-mt6765/workspace/Build/MT6771Pkg/DEBUG_GCC5/AARCH64/MdePkg/Library/BaseLib/BaseLib/OUTPUT/BaseLib.lib(CpuBreakpoint.obj)
 .bss           0x0000000000000000        0x0 /home/edk2mtk/edk2-mt6765/workspace/Build/MT6771Pkg/DEBUG_GCC5/AARCH64/MdePkg/Library/BaseLib/BaseLib/OUTPUT/BaseLib.lib(CpuBreakpoint.obj)
 .data          0x0000000000000000        0x0 /home/edk2mtk/edk2-mt6765/workspace/Build/MT6771Pkg/DEBUG_GCC5/AARCH64/MdePkg/Library/BaseMemoryLibOptDxe/BaseMemoryLibOptDxe/OUTPUT/BaseMemoryLibOptDxe.lib(CopyMem.obj)
 .bss           0x0000000000000000        0x0 /home/edk2mtk/edk2-mt6765/workspace/Build/MT6771Pkg/DEBUG_GCC5/AARCH64/MdePkg/Library/BaseMemoryLibOptDxe/BaseMemoryLibOptDxe/OUTPUT/BaseMemoryLibOptDxe.lib(CopyMem.obj)
 .data          0x0000000000000000        0x0 /home/edk2mtk/edk2-mt6765/workspace/Build/MT6771Pkg/DEBUG_GCC5/AARCH64/MdePkg/Library/BaseMemoryLibOptDxe/BaseMemoryLibOptDxe/OUTPUT/BaseMemoryLibOptDxe.lib(CompareGuid.obj)
 .bss           0x0000000000000000        0x0 /home/edk2mtk/edk2-mt6765/workspace/Build/MT6771Pkg/DEBUG_GCC5/AARCH64/MdePkg/Library/BaseMemoryLibOptDxe/BaseMemoryLibOptDxe/OUTPUT/BaseMemoryLibOptDxe.lib(CompareGuid.obj)
 .text          0x0000000000000000        0x0 /home/edk2mtk/edk2-mt6765/workspace/Build/MT6771Pkg/DEBUG_GCC5/AARCH64/ArmPkg/Library/ArmLib/ArmBaseLib/OUTPUT/ArmBaseLib.lib(ArmLibSupport.obj)
 .data          0x0000000000000000        0x0 /home/edk2mtk/edk2-mt6765/workspace/Build/MT6771Pkg/DEBUG_GCC5/AARCH64/ArmPkg/Library/ArmLib/ArmBaseLib/OUTPUT/ArmBaseLib.lib(ArmLibSupport.obj)
 .bss           0x0000000000000000        0x0 /home/edk2mtk/edk2-mt6765/workspace/Build/MT6771Pkg/DEBUG_GCC5/AARCH64/ArmPkg/Library/ArmLib/ArmBaseLib/OUTPUT/ArmBaseLib.lib(ArmLibSupport.obj)
 .text.ArmReadMidr
                0x0000000000000000        0x8 /home/edk2mtk/edk2-mt6765/workspace/Build/MT6771Pkg/DEBUG_GCC5/AARCH64/ArmPkg/Library/ArmLib/ArmBaseLib/OUTPUT/ArmBaseLib.lib(ArmLibSupport.obj)
 .text.ArmGetFiqState
                0x0000000000000000       0x10 /home/edk2mtk/edk2-mt6765/workspace/Build/MT6771Pkg/DEBUG_GCC5/AARCH64/ArmPkg/Library/ArmLib/ArmBaseLib/OUTPUT/ArmBaseLib.lib(ArmLibSupport.obj)
 .text.ArmWriteCpacr
                0x0000000000000000        0x8 /home/edk2mtk/edk2-mt6765/workspace/Build/MT6771Pkg/DEBUG_GCC5/AARCH64/ArmPkg/Library/ArmLib/ArmBaseLib/OUTPUT/ArmBaseLib.lib(ArmLibSupport.obj)
 .text.ArmWriteAuxCr
                0x0000000000000000       0x28 /home/edk2mtk/edk2-mt6765/workspace/Build/MT6771Pkg/DEBUG_GCC5/AARCH64/ArmPkg/Library/ArmLib/ArmBaseLib/OUTPUT/ArmBaseLib.lib(ArmLibSupport.obj)
 .text.ArmReadAuxCr
                0x0000000000000000       0x28 /home/edk2mtk/edk2-mt6765/workspace/Build/MT6771Pkg/DEBUG_GCC5/AARCH64/ArmPkg/Library/ArmLib/ArmBaseLib/OUTPUT/ArmBaseLib.lib(ArmLibSupport.obj)
 .text.ArmSetTTBR0
                0x0000000000000000       0x34 /home/edk2mtk/edk2-mt6765/workspace/Build/MT6771Pkg/DEBUG_GCC5/AARCH64/ArmPkg/Library/ArmLib/ArmBaseLib/OUTPUT/ArmBaseLib.lib(ArmLibSupport.obj)
 .text.ArmGetTTBR0BaseAddress
                0x0000000000000000       0x30 /home/edk2mtk/edk2-mt6765/workspace/Build/MT6771Pkg/DEBUG_GCC5/AARCH64/ArmPkg/Library/ArmLib/ArmBaseLib/OUTPUT/ArmBaseLib.lib(ArmLibSupport.obj)
 .text.ArmGetTCR
                0x0000000000000000       0x34 /home/edk2mtk/edk2-mt6765/workspace/Build/MT6771Pkg/DEBUG_GCC5/AARCH64/ArmPkg/Library/ArmLib/ArmBaseLib/OUTPUT/ArmBaseLib.lib(ArmLibSupport.obj)
 .text.ArmSetTCR
                0x0000000000000000       0x34 /home/edk2mtk/edk2-mt6765/workspace/Build/MT6771Pkg/DEBUG_GCC5/AARCH64/ArmPkg/Library/ArmLib/ArmBaseLib/OUTPUT/ArmBaseLib.lib(ArmLibSupport.obj)
 .text.ArmGetMAIR
                0x0000000000000000       0x34 /home/edk2mtk/edk2-mt6765/workspace/Build/MT6771Pkg/DEBUG_GCC5/AARCH64/ArmPkg/Library/ArmLib/ArmBaseLib/OUTPUT/ArmBaseLib.lib(ArmLibSupport.obj)
 .text.ArmSetMAIR
                0x0000000000000000       0x34 /home/edk2mtk/edk2-mt6765/workspace/Build/MT6771Pkg/DEBUG_GCC5/AARCH64/ArmPkg/Library/ArmLib/ArmBaseLib/OUTPUT/ArmBaseLib.lib(ArmLibSupport.obj)
 .text.ArmUpdateTranslationTableEntry
                0x0000000000000000       0x54 /home/edk2mtk/edk2-mt6765/workspace/Build/MT6771Pkg/DEBUG_GCC5/AARCH64/ArmPkg/Library/ArmLib/ArmBaseLib/OUTPUT/ArmBaseLib.lib(ArmLibSupport.obj)
 .text.ArmInvalidateTlb
                0x0000000000000000       0x38 /home/edk2mtk/edk2-mt6765/workspace/Build/MT6771Pkg/DEBUG_GCC5/AARCH64/ArmPkg/Library/ArmLib/ArmBaseLib/OUTPUT/ArmBaseLib.lib(ArmLibSupport.obj)
 .text.ArmWriteCptr
                0x0000000000000000        0x8 /home/edk2mtk/edk2-mt6765/workspace/Build/MT6771Pkg/DEBUG_GCC5/AARCH64/ArmPkg/Library/ArmLib/ArmBaseLib/OUTPUT/ArmBaseLib.lib(ArmLibSupport.obj)
 .text.ArmWriteScr
                0x0000000000000000        0xc /home/edk2mtk/edk2-mt6765/workspace/Build/MT6771Pkg/DEBUG_GCC5/AARCH64/ArmPkg/Library/ArmLib/ArmBaseLib/OUTPUT/ArmBaseLib.lib(ArmLibSupport.obj)
 .text.ArmWriteMVBar
                0x0000000000000000        0x8 /home/edk2mtk/edk2-mt6765/workspace/Build/MT6771Pkg/DEBUG_GCC5/AARCH64/ArmPkg/Library/ArmLib/ArmBaseLib/OUTPUT/ArmBaseLib.lib(ArmLibSupport.obj)
 .text.ArmCallWFE
                0x0000000000000000        0x8 /home/edk2mtk/edk2-mt6765/workspace/Build/MT6771Pkg/DEBUG_GCC5/AARCH64/ArmPkg/Library/ArmLib/ArmBaseLib/OUTPUT/ArmBaseLib.lib(ArmLibSupport.obj)
 .text.ArmCallSEV
                0x0000000000000000        0x8 /home/edk2mtk/edk2-mt6765/workspace/Build/MT6771Pkg/DEBUG_GCC5/AARCH64/ArmPkg/Library/ArmLib/ArmBaseLib/OUTPUT/ArmBaseLib.lib(ArmLibSupport.obj)
 .text.ArmReadCpuActlr
                0x0000000000000000        0x8 /home/edk2mtk/edk2-mt6765/workspace/Build/MT6771Pkg/DEBUG_GCC5/AARCH64/ArmPkg/Library/ArmLib/ArmBaseLib/OUTPUT/ArmBaseLib.lib(ArmLibSupport.obj)
 .text.ArmWriteCpuActlr
                0x0000000000000000       0x10 /home/edk2mtk/edk2-mt6765/workspace/Build/MT6771Pkg/DEBUG_GCC5/AARCH64/ArmPkg/Library/ArmLib/ArmBaseLib/OUTPUT/ArmBaseLib.lib(ArmLibSupport.obj)
 .text.ArmReadSctlr
                0x0000000000000000       0x30 /home/edk2mtk/edk2-mt6765/workspace/Build/MT6771Pkg/DEBUG_GCC5/AARCH64/ArmPkg/Library/ArmLib/ArmBaseLib/OUTPUT/ArmBaseLib.lib(ArmLibSupport.obj)
 .text.ArmWriteSctlr
                0x0000000000000000       0x30 /home/edk2mtk/edk2-mt6765/workspace/Build/MT6771Pkg/DEBUG_GCC5/AARCH64/ArmPkg/Library/ArmLib/ArmBaseLib/OUTPUT/ArmBaseLib.lib(ArmLibSupport.obj)
 .text.ArmGetPhysicalAddressBits
                0x0000000000000000       0x24 /home/edk2mtk/edk2-mt6765/workspace/Build/MT6771Pkg/DEBUG_GCC5/AARCH64/ArmPkg/Library/ArmLib/ArmBaseLib/OUTPUT/ArmBaseLib.lib(ArmLibSupport.obj)
 .text          0x0000000000000000        0x0 /home/edk2mtk/edk2-mt6765/workspace/Build/MT6771Pkg/DEBUG_GCC5/AARCH64/ArmPkg/Library/ArmLib/ArmBaseLib/OUTPUT/ArmBaseLib.lib(AArch64Support.obj)
 .data          0x0000000000000000        0x0 /home/edk2mtk/edk2-mt6765/workspace/Build/MT6771Pkg/DEBUG_GCC5/AARCH64/ArmPkg/Library/ArmLib/ArmBaseLib/OUTPUT/ArmBaseLib.lib(AArch64Support.obj)
 .bss           0x0000000000000000        0x0 /home/edk2mtk/edk2-mt6765/workspace/Build/MT6771Pkg/DEBUG_GCC5/AARCH64/ArmPkg/Library/ArmLib/ArmBaseLib/OUTPUT/ArmBaseLib.lib(AArch64Support.obj)
 .text.ArmInvalidateDataCacheEntryByMVA
                0x0000000000000000        0x8 /home/edk2mtk/edk2-mt6765/workspace/Build/MT6771Pkg/DEBUG_GCC5/AARCH64/ArmPkg/Library/ArmLib/ArmBaseLib/OUTPUT/ArmBaseLib.lib(AArch64Support.obj)
 .text.ArmCleanDataCacheEntryByMVA
                0x0000000000000000        0x8 /home/edk2mtk/edk2-mt6765/workspace/Build/MT6771Pkg/DEBUG_GCC5/AARCH64/ArmPkg/Library/ArmLib/ArmBaseLib/OUTPUT/ArmBaseLib.lib(AArch64Support.obj)
 .text.ArmCleanDataCacheEntryToPoUByMVA
                0x0000000000000000        0x8 /home/edk2mtk/edk2-mt6765/workspace/Build/MT6771Pkg/DEBUG_GCC5/AARCH64/ArmPkg/Library/ArmLib/ArmBaseLib/OUTPUT/ArmBaseLib.lib(AArch64Support.obj)
 .text.ArmInvalidateInstructionCacheEntryToPoUByMVA
                0x0000000000000000        0x8 /home/edk2mtk/edk2-mt6765/workspace/Build/MT6771Pkg/DEBUG_GCC5/AARCH64/ArmPkg/Library/ArmLib/ArmBaseLib/OUTPUT/ArmBaseLib.lib(AArch64Support.obj)
 .text.ArmInvalidateDataCacheEntryBySetWay
                0x0000000000000000        0x8 /home/edk2mtk/edk2-mt6765/workspace/Build/MT6771Pkg/DEBUG_GCC5/AARCH64/ArmPkg/Library/ArmLib/ArmBaseLib/OUTPUT/ArmBaseLib.lib(AArch64Support.obj)
 .text.ArmCleanInvalidateDataCacheEntryBySetWay
                0x0000000000000000        0x8 /home/edk2mtk/edk2-mt6765/workspace/Build/MT6771Pkg/DEBUG_GCC5/AARCH64/ArmPkg/Library/ArmLib/ArmBaseLib/OUTPUT/ArmBaseLib.lib(AArch64Support.obj)
 .text.ArmCleanDataCacheEntryBySetWay
                0x0000000000000000        0x8 /home/edk2mtk/edk2-mt6765/workspace/Build/MT6771Pkg/DEBUG_GCC5/AARCH64/ArmPkg/Library/ArmLib/ArmBaseLib/OUTPUT/ArmBaseLib.lib(AArch64Support.obj)
 .text.ArmInvalidateInstructionCache
                0x0000000000000000       0x10 /home/edk2mtk/edk2-mt6765/workspace/Build/MT6771Pkg/DEBUG_GCC5/AARCH64/ArmPkg/Library/ArmLib/ArmBaseLib/OUTPUT/ArmBaseLib.lib(AArch64Support.obj)
 .text.ArmEnableMmu
                0x0000000000000000       0x88 /home/edk2mtk/edk2-mt6765/workspace/Build/MT6771Pkg/DEBUG_GCC5/AARCH64/ArmPkg/Library/ArmLib/ArmBaseLib/OUTPUT/ArmBaseLib.lib(AArch64Support.obj)
 .text.ArmDisableMmu
                0x0000000000000000       0x74 /home/edk2mtk/edk2-mt6765/workspace/Build/MT6771Pkg/DEBUG_GCC5/AARCH64/ArmPkg/Library/ArmLib/ArmBaseLib/OUTPUT/ArmBaseLib.lib(AArch64Support.obj)
 .text.ArmDisableCachesAndMmu
                0x0000000000000000       0x6c /home/edk2mtk/edk2-mt6765/workspace/Build/MT6771Pkg/DEBUG_GCC5/AARCH64/ArmPkg/Library/ArmLib/ArmBaseLib/OUTPUT/ArmBaseLib.lib(AArch64Support.obj)
 .text.ArmMmuEnabled
                0x0000000000000000       0x34 /home/edk2mtk/edk2-mt6765/workspace/Build/MT6771Pkg/DEBUG_GCC5/AARCH64/ArmPkg/Library/ArmLib/ArmBaseLib/OUTPUT/ArmBaseLib.lib(AArch64Support.obj)
 .text.ArmEnableDataCache
                0x0000000000000000       0x68 /home/edk2mtk/edk2-mt6765/workspace/Build/MT6771Pkg/DEBUG_GCC5/AARCH64/ArmPkg/Library/ArmLib/ArmBaseLib/OUTPUT/ArmBaseLib.lib(AArch64Support.obj)
 .text.ArmDisableDataCache
                0x0000000000000000       0x68 /home/edk2mtk/edk2-mt6765/workspace/Build/MT6771Pkg/DEBUG_GCC5/AARCH64/ArmPkg/Library/ArmLib/ArmBaseLib/OUTPUT/ArmBaseLib.lib(AArch64Support.obj)
 .text.ArmEnableInstructionCache
                0x0000000000000000       0x68 /home/edk2mtk/edk2-mt6765/workspace/Build/MT6771Pkg/DEBUG_GCC5/AARCH64/ArmPkg/Library/ArmLib/ArmBaseLib/OUTPUT/ArmBaseLib.lib(AArch64Support.obj)
 .text.ArmDisableInstructionCache
                0x0000000000000000       0x68 /home/edk2mtk/edk2-mt6765/workspace/Build/MT6771Pkg/DEBUG_GCC5/AARCH64/ArmPkg/Library/ArmLib/ArmBaseLib/OUTPUT/ArmBaseLib.lib(AArch64Support.obj)
 .text.ArmEnableAlignmentCheck
                0x0000000000000000       0x58 /home/edk2mtk/edk2-mt6765/workspace/Build/MT6771Pkg/DEBUG_GCC5/AARCH64/ArmPkg/Library/ArmLib/ArmBaseLib/OUTPUT/ArmBaseLib.lib(AArch64Support.obj)
 .text.ArmDisableAlignmentCheck
                0x0000000000000000       0x68 /home/edk2mtk/edk2-mt6765/workspace/Build/MT6771Pkg/DEBUG_GCC5/AARCH64/ArmPkg/Library/ArmLib/ArmBaseLib/OUTPUT/ArmBaseLib.lib(AArch64Support.obj)
 .text.ArmEnableStackAlignmentCheck
                0x0000000000000000       0x58 /home/edk2mtk/edk2-mt6765/workspace/Build/MT6771Pkg/DEBUG_GCC5/AARCH64/ArmPkg/Library/ArmLib/ArmBaseLib/OUTPUT/ArmBaseLib.lib(AArch64Support.obj)
 .text.ArmDisableStackAlignmentCheck
                0x0000000000000000       0x68 /home/edk2mtk/edk2-mt6765/workspace/Build/MT6771Pkg/DEBUG_GCC5/AARCH64/ArmPkg/Library/ArmLib/ArmBaseLib/OUTPUT/ArmBaseLib.lib(AArch64Support.obj)
 .text.ArmEnableBranchPrediction
                0x0000000000000000        0x4 /home/edk2mtk/edk2-mt6765/workspace/Build/MT6771Pkg/DEBUG_GCC5/AARCH64/ArmPkg/Library/ArmLib/ArmBaseLib/OUTPUT/ArmBaseLib.lib(AArch64Support.obj)
 .text.ArmDisableBranchPrediction
                0x0000000000000000        0x4 /home/edk2mtk/edk2-mt6765/workspace/Build/MT6771Pkg/DEBUG_GCC5/AARCH64/ArmPkg/Library/ArmLib/ArmBaseLib/OUTPUT/ArmBaseLib.lib(AArch64Support.obj)
 .text.AArch64AllDataCachesOperation
                0x0000000000000000       0xa8 /home/edk2mtk/edk2-mt6765/workspace/Build/MT6771Pkg/DEBUG_GCC5/AARCH64/ArmPkg/Library/ArmLib/ArmBaseLib/OUTPUT/ArmBaseLib.lib(AArch64Support.obj)
 .text.ArmDataMemoryBarrier
                0x0000000000000000        0x8 /home/edk2mtk/edk2-mt6765/workspace/Build/MT6771Pkg/DEBUG_GCC5/AARCH64/ArmPkg/Library/ArmLib/ArmBaseLib/OUTPUT/ArmBaseLib.lib(AArch64Support.obj)
 .text.ArmInstructionSynchronizationBarrier
                0x0000000000000000        0x8 /home/edk2mtk/edk2-mt6765/workspace/Build/MT6771Pkg/DEBUG_GCC5/AARCH64/ArmPkg/Library/ArmLib/ArmBaseLib/OUTPUT/ArmBaseLib.lib(AArch64Support.obj)
 .text.ArmWriteVBar
                0x0000000000000000       0x34 /home/edk2mtk/edk2-mt6765/workspace/Build/MT6771Pkg/DEBUG_GCC5/AARCH64/ArmPkg/Library/ArmLib/ArmBaseLib/OUTPUT/ArmBaseLib.lib(AArch64Support.obj)
 .text.ArmReadVBar
                0x0000000000000000       0x30 /home/edk2mtk/edk2-mt6765/workspace/Build/MT6771Pkg/DEBUG_GCC5/AARCH64/ArmPkg/Library/ArmLib/ArmBaseLib/OUTPUT/ArmBaseLib.lib(AArch64Support.obj)
 .text.ArmEnableVFP
                0x0000000000000000       0x64 /home/edk2mtk/edk2-mt6765/workspace/Build/MT6771Pkg/DEBUG_GCC5/AARCH64/ArmPkg/Library/ArmLib/ArmBaseLib/OUTPUT/ArmBaseLib.lib(AArch64Support.obj)
 .text.ArmCallWFI
                0x0000000000000000        0x8 /home/edk2mtk/edk2-mt6765/workspace/Build/MT6771Pkg/DEBUG_GCC5/AARCH64/ArmPkg/Library/ArmLib/ArmBaseLib/OUTPUT/ArmBaseLib.lib(AArch64Support.obj)
 .text.ArmReadIdAA64Mmfr2
                0x0000000000000000        0x8 /home/edk2mtk/edk2-mt6765/workspace/Build/MT6771Pkg/DEBUG_GCC5/AARCH64/ArmPkg/Library/ArmLib/ArmBaseLib/OUTPUT/ArmBaseLib.lib(AArch64Support.obj)
 .text.ArmReadMpidr
                0x0000000000000000        0x8 /home/edk2mtk/edk2-mt6765/workspace/Build/MT6771Pkg/DEBUG_GCC5/AARCH64/ArmPkg/Library/ArmLib/ArmBaseLib/OUTPUT/ArmBaseLib.lib(AArch64Support.obj)
 .text.ArmReadTpidrurw
                0x0000000000000000        0x8 /home/edk2mtk/edk2-mt6765/workspace/Build/MT6771Pkg/DEBUG_GCC5/AARCH64/ArmPkg/Library/ArmLib/ArmBaseLib/OUTPUT/ArmBaseLib.lib(AArch64Support.obj)
 .text.ArmWriteTpidrurw
                0x0000000000000000        0x8 /home/edk2mtk/edk2-mt6765/workspace/Build/MT6771Pkg/DEBUG_GCC5/AARCH64/ArmPkg/Library/ArmLib/ArmBaseLib/OUTPUT/ArmBaseLib.lib(AArch64Support.obj)
 .text.ArmIsArchTimerImplemented
                0x0000000000000000        0x8 /home/edk2mtk/edk2-mt6765/workspace/Build/MT6771Pkg/DEBUG_GCC5/AARCH64/ArmPkg/Library/ArmLib/ArmBaseLib/OUTPUT/ArmBaseLib.lib(AArch64Support.obj)
 .text.ArmReadIdAA64Pfr0
                0x0000000000000000        0x8 /home/edk2mtk/edk2-mt6765/workspace/Build/MT6771Pkg/DEBUG_GCC5/AARCH64/ArmPkg/Library/ArmLib/ArmBaseLib/OUTPUT/ArmBaseLib.lib(AArch64Support.obj)
 .text.ArmWriteHcr
                0x0000000000000000        0x8 /home/edk2mtk/edk2-mt6765/workspace/Build/MT6771Pkg/DEBUG_GCC5/AARCH64/ArmPkg/Library/ArmLib/ArmBaseLib/OUTPUT/ArmBaseLib.lib(AArch64Support.obj)
 .text.ArmReadHcr
                0x0000000000000000        0x8 /home/edk2mtk/edk2-mt6765/workspace/Build/MT6771Pkg/DEBUG_GCC5/AARCH64/ArmPkg/Library/ArmLib/ArmBaseLib/OUTPUT/ArmBaseLib.lib(AArch64Support.obj)
 .text.ArmReadCurrentEL
                0x0000000000000000        0x8 /home/edk2mtk/edk2-mt6765/workspace/Build/MT6771Pkg/DEBUG_GCC5/AARCH64/ArmPkg/Library/ArmLib/ArmBaseLib/OUTPUT/ArmBaseLib.lib(AArch64Support.obj)
 .text.ArmReadCntHctl
                0x0000000000000000        0x8 /home/edk2mtk/edk2-mt6765/workspace/Build/MT6771Pkg/DEBUG_GCC5/AARCH64/ArmPkg/Library/ArmLib/ArmBaseLib/OUTPUT/ArmBaseLib.lib(AArch64Support.obj)
 .text.ArmWriteCntHctl
                0x0000000000000000        0x8 /home/edk2mtk/edk2-mt6765/workspace/Build/MT6771Pkg/DEBUG_GCC5/AARCH64/ArmPkg/Library/ArmLib/ArmBaseLib/OUTPUT/ArmBaseLib.lib(AArch64Support.obj)
 .text          0x0000000000000000        0x0 /home/edk2mtk/edk2-mt6765/workspace/Build/MT6771Pkg/DEBUG_GCC5/AARCH64/ArmPkg/Library/ArmLib/ArmBaseLib/OUTPUT/ArmBaseLib.lib(ArmLibSupportV8.obj)
 .data          0x0000000000000000        0x0 /home/edk2mtk/edk2-mt6765/workspace/Build/MT6771Pkg/DEBUG_GCC5/AARCH64/ArmPkg/Library/ArmLib/ArmBaseLib/OUTPUT/ArmBaseLib.lib(ArmLibSupportV8.obj)
 .bss           0x0000000000000000        0x0 /home/edk2mtk/edk2-mt6765/workspace/Build/MT6771Pkg/DEBUG_GCC5/AARCH64/ArmPkg/Library/ArmLib/ArmBaseLib/OUTPUT/ArmBaseLib.lib(ArmLibSupportV8.obj)
 .text.ArmIsMpCore
                0x0000000000000000       0x14 /home/edk2mtk/edk2-mt6765/workspace/Build/MT6771Pkg/DEBUG_GCC5/AARCH64/ArmPkg/Library/ArmLib/ArmBaseLib/OUTPUT/ArmBaseLib.lib(ArmLibSupportV8.obj)
 .text.ArmEnableAsynchronousAbort
                0x0000000000000000        0xc /home/edk2mtk/edk2-mt6765/workspace/Build/MT6771Pkg/DEBUG_GCC5/AARCH64/ArmPkg/Library/ArmLib/ArmBaseLib/OUTPUT/ArmBaseLib.lib(ArmLibSupportV8.obj)
 .text.ArmDisableAsynchronousAbort
                0x0000000000000000        0xc /home/edk2mtk/edk2-mt6765/workspace/Build/MT6771Pkg/DEBUG_GCC5/AARCH64/ArmPkg/Library/ArmLib/ArmBaseLib/OUTPUT/ArmBaseLib.lib(ArmLibSupportV8.obj)
 .text.ArmEnableIrq
                0x0000000000000000        0xc /home/edk2mtk/edk2-mt6765/workspace/Build/MT6771Pkg/DEBUG_GCC5/AARCH64/ArmPkg/Library/ArmLib/ArmBaseLib/OUTPUT/ArmBaseLib.lib(ArmLibSupportV8.obj)
 .text.ArmDisableIrq
                0x0000000000000000        0xc /home/edk2mtk/edk2-mt6765/workspace/Build/MT6771Pkg/DEBUG_GCC5/AARCH64/ArmPkg/Library/ArmLib/ArmBaseLib/OUTPUT/ArmBaseLib.lib(ArmLibSupportV8.obj)
 .text.ArmEnableFiq
                0x0000000000000000        0xc /home/edk2mtk/edk2-mt6765/workspace/Build/MT6771Pkg/DEBUG_GCC5/AARCH64/ArmPkg/Library/ArmLib/ArmBaseLib/OUTPUT/ArmBaseLib.lib(ArmLibSupportV8.obj)
 .text.ArmDisableFiq
                0x0000000000000000        0xc /home/edk2mtk/edk2-mt6765/workspace/Build/MT6771Pkg/DEBUG_GCC5/AARCH64/ArmPkg/Library/ArmLib/ArmBaseLib/OUTPUT/ArmBaseLib.lib(ArmLibSupportV8.obj)
 .text.ArmDisableAllExceptions
                0x0000000000000000        0xc /home/edk2mtk/edk2-mt6765/workspace/Build/MT6771Pkg/DEBUG_GCC5/AARCH64/ArmPkg/Library/ArmLib/ArmBaseLib/OUTPUT/ArmBaseLib.lib(ArmLibSupportV8.obj)
 .text.ReadCCSIDR
                0x0000000000000000       0x10 /home/edk2mtk/edk2-mt6765/workspace/Build/MT6771Pkg/DEBUG_GCC5/AARCH64/ArmPkg/Library/ArmLib/ArmBaseLib/OUTPUT/ArmBaseLib.lib(ArmLibSupportV8.obj)
 .text.ReadCLIDR
                0x0000000000000000        0x8 /home/edk2mtk/edk2-mt6765/workspace/Build/MT6771Pkg/DEBUG_GCC5/AARCH64/ArmPkg/Library/ArmLib/ArmBaseLib/OUTPUT/ArmBaseLib.lib(ArmLibSupportV8.obj)

Memory Configuration

Name             Origin             Length             Attributes
*default*        0x0000000000000000 0xffffffffffffffff

Linker script and memory map

LOAD /home/edk2mtk/edk2-mt6765/edk2/ArmPkg/Library/GccLto/liblto-aarch64.a
START GROUP
LOAD /tmp/ccxdA1fs.ltrans0.ltrans.o
LOAD /tmp/ccpPTkq2.debug.temp.o
LOAD /tmp/ccGPKs9o.debug.temp.o
LOAD /tmp/ccVsZAHn.debug.temp.o
LOAD /tmp/ccAkl1fN.debug.temp.o
LOAD /tmp/ccnfldu0.debug.temp.o
LOAD /tmp/ccZGDw2Y.debug.temp.o
LOAD /tmp/ccdQnsBr.debug.temp.o
LOAD /tmp/ccDsCCFF.debug.temp.o
LOAD /tmp/ccMuYSvh.debug.temp.o
LOAD /tmp/ccOQTl9w.debug.temp.o
LOAD /tmp/cckk5pSn.debug.temp.o
LOAD /tmp/ccx4hrK6.debug.temp.o
LOAD /tmp/cc72vN6I.debug.temp.o
LOAD /tmp/ccApUu4r.debug.temp.o
LOAD /tmp/ccDlSX5n.debug.temp.o
LOAD /tmp/ccnUqaVr.debug.temp.o
LOAD /tmp/cc4NwBjQ.debug.temp.o
LOAD /tmp/ccT0Smur.debug.temp.o
LOAD /tmp/ccVn3zR6.debug.temp.o
LOAD /tmp/ccNSSVaq.debug.temp.o
LOAD /tmp/cc6Hw3jP.debug.temp.o
LOAD /tmp/cc2VEKqY.debug.temp.o
LOAD /tmp/ccQfA8uJ.debug.temp.o
LOAD /tmp/ccsk4g4u.debug.temp.o
LOAD /tmp/ccS4iX37.debug.temp.o
LOAD /tmp/cc1sd7K2.debug.temp.o
LOAD /tmp/ccfqpuO3.debug.temp.o
LOAD /tmp/ccUaDBVn.debug.temp.o
LOAD /tmp/ccgWtLyD.debug.temp.o
LOAD /tmp/ccYEJ3vj.debug.temp.o
LOAD /tmp/ccIW0eBm.debug.temp.o
LOAD /tmp/ccUxnLdW.debug.temp.o
LOAD /tmp/ccQm4hmg.debug.temp.o
LOAD /tmp/ccI3m7lf.debug.temp.o
LOAD /tmp/ccOCoL5c.debug.temp.o
LOAD /tmp/ccF8nbHk.debug.temp.o
LOAD /tmp/ccytkXOq.debug.temp.o
LOAD /tmp/ccgBz1VJ.debug.temp.o
LOAD /tmp/ccTx6u1P.debug.temp.o
LOAD /tmp/ccyFYFf5.debug.temp.o
LOAD /tmp/cciX0XiW.debug.temp.o
LOAD /tmp/cckho1bo.debug.temp.o
LOAD /tmp/cchMeSz0.debug.temp.o
LOAD /tmp/ccybRwWh.debug.temp.o
LOAD /home/edk2mtk/edk2-mt6765/workspace/Build/MT6771Pkg/DEBUG_GCC5/AARCH64/MT6771Pkg/Drivers/SimpleFbDxe/SimpleFbDxe/OUTPUT/SimpleFbDxe.lib
LOAD /home/edk2mtk/edk2-mt6765/workspace/Build/MT6771Pkg/DEBUG_GCC5/AARCH64/MdePkg/Library/DxePcdLib/DxePcdLib/OUTPUT/DxePcdLib.lib
LOAD /home/edk2mtk/edk2-mt6765/workspace/Build/MT6771Pkg/DEBUG_GCC5/AARCH64/MdePkg/Library/BaseMemoryLibOptDxe/BaseMemoryLibOptDxe/OUTPUT/BaseMemoryLibOptDxe.lib
LOAD /home/edk2mtk/edk2-mt6765/workspace/Build/MT6771Pkg/DEBUG_GCC5/AARCH64/MdePkg/Library/BaseLib/BaseLib/OUTPUT/BaseLib.lib
LOAD /home/edk2mtk/edk2-mt6765/workspace/Build/MT6771Pkg/DEBUG_GCC5/AARCH64/MdePkg/Library/RegisterFilterLibNull/RegisterFilterLibNull/OUTPUT/FilterLibNull.lib
LOAD /home/edk2mtk/edk2-mt6765/workspace/Build/MT6771Pkg/DEBUG_GCC5/AARCH64/ArmPkg/Library/ArmLib/ArmBaseLib/OUTPUT/ArmBaseLib.lib
LOAD /home/edk2mtk/edk2-mt6765/workspace/Build/MT6771Pkg/DEBUG_GCC5/AARCH64/MdePkg/Library/BaseIoLibIntrinsic/BaseIoLibIntrinsic/OUTPUT/BaseIoLibIntrinsic.lib
LOAD /home/edk2mtk/edk2-mt6765/workspace/Build/MT6771Pkg/DEBUG_GCC5/AARCH64/ArmPkg/Library/CompilerIntrinsicsLib/CompilerIntrinsicsLib/OUTPUT/CompilerIntrinsicsLib.lib
LOAD /home/edk2mtk/edk2-mt6765/workspace/Build/MT6771Pkg/DEBUG_GCC5/AARCH64/ArmPkg/Library/ArmCacheMaintenanceLib/ArmCacheMaintenanceLib/OUTPUT/ArmCacheMaintenanceLib.lib
LOAD /home/edk2mtk/edk2-mt6765/workspace/Build/MT6771Pkg/DEBUG_GCC5/AARCH64/MdePkg/Library/BaseDebugPrintErrorLevelLib/BaseDebugPrintErrorLevelLib/OUTPUT/BaseDebugPrintErrorLevelLib.lib
LOAD /home/edk2mtk/edk2-mt6765/workspace/Build/MT6771Pkg/DEBUG_GCC5/AARCH64/MdePkg/Library/BasePrintLib/BasePrintLib/OUTPUT/BasePrintLib.lib
LOAD /home/edk2mtk/edk2-mt6765/workspace/Build/MT6771Pkg/DEBUG_GCC5/AARCH64/MT6771Pkg/Library/FrameBufferSerialPortLib/FrameBufferSerialPortLib/OUTPUT/FrameBufferSerialPortLib.lib
LOAD /home/edk2mtk/edk2-mt6765/workspace/Build/MT6771Pkg/DEBUG_GCC5/AARCH64/MdePkg/Library/BaseDebugLibSerialPort/BaseDebugLibSerialPort/OUTPUT/BaseDebugLibSerialPort.lib
LOAD /home/edk2mtk/edk2-mt6765/workspace/Build/MT6771Pkg/DEBUG_GCC5/AARCH64/MdePkg/Library/UefiMemoryAllocationLib/UefiMemoryAllocationLib/OUTPUT/UefiMemoryAllocationLib.lib
LOAD /home/edk2mtk/edk2-mt6765/workspace/Build/MT6771Pkg/DEBUG_GCC5/AARCH64/MdePkg/Library/UefiRuntimeServicesTableLib/UefiRuntimeServicesTableLib/OUTPUT/UefiRuntimeServicesTableLib.lib
LOAD /home/edk2mtk/edk2-mt6765/workspace/Build/MT6771Pkg/DEBUG_GCC5/AARCH64/MdePkg/Library/UefiDevicePathLib/UefiDevicePathLib/OUTPUT/UefiDevicePathLib.lib
LOAD /home/edk2mtk/edk2-mt6765/workspace/Build/MT6771Pkg/DEBUG_GCC5/AARCH64/MdePkg/Library/UefiBootServicesTableLib/UefiBootServicesTableLib/OUTPUT/UefiBootServicesTableLib.lib
LOAD /home/edk2mtk/edk2-mt6765/workspace/Build/MT6771Pkg/DEBUG_GCC5/AARCH64/MdePkg/Library/UefiLib/UefiLib/OUTPUT/UefiLib.lib
LOAD /home/edk2mtk/edk2-mt6765/workspace/Build/MT6771Pkg/DEBUG_GCC5/AARCH64/MdePkg/Library/DxeHobLib/DxeHobLib/OUTPUT/DxeHobLib.lib
LOAD /home/edk2mtk/edk2-mt6765/workspace/Build/MT6771Pkg/DEBUG_GCC5/AARCH64/MdeModulePkg/Library/DxeReportStatusCodeLib/DxeReportStatusCodeLib/OUTPUT/DxeReportStatusCodeLib.lib
LOAD /home/edk2mtk/edk2-mt6765/workspace/Build/MT6771Pkg/DEBUG_GCC5/AARCH64/MdePkg/Library/UefiDriverEntryPoint/UefiDriverEntryPoint/OUTPUT/UefiDriverEntryPoint.lib
LOAD /home/edk2mtk/edk2-mt6765/workspace/Build/MT6771Pkg/DEBUG_GCC5/AARCH64/MT6771Pkg/Library/FrameBufferBltLib/FrameBufferBltLib/OUTPUT/FrameBufferBltLib.lib
LOAD /home/edk2mtk/edk2-mt6765/workspace/Build/MT6771Pkg/DEBUG_GCC5/AARCH64/MdePkg/Library/BaseStackCheckLib/BaseStackCheckLib/OUTPUT/BaseStackCheckLib.lib
END GROUP
                0x0000000000000228                . = PECOFF_HEADER_SIZE

.gnu.version_d  0x0000000000000228        0x0
 .gnu.version_d
                0x0000000000000228        0x0 /home/edk2mtk/edk2-mt6765/edk2/ArmPkg/Library/GccLto/liblto-aarch64.a

.gnu.version    0x0000000000000228        0x0
 .gnu.version   0x0000000000000228        0x0 /home/edk2mtk/edk2-mt6765/edk2/ArmPkg/Library/GccLto/liblto-aarch64.a

.gnu.version_r  0x0000000000000228        0x0
 .gnu.version_r
                0x0000000000000228        0x0 /home/edk2mtk/edk2-mt6765/edk2/ArmPkg/Library/GccLto/liblto-aarch64.a

.text           0x0000000000001000     0x3798
 *(.text .text.* .stub .gnu.linkonce.t.*)
 .text.DisplaySetMode
                0x0000000000001000        0x8 /tmp/ccxdA1fs.ltrans0.ltrans.o
 .text.HighBitSet32
                0x0000000000001008       0x2c /tmp/ccxdA1fs.ltrans0.ltrans.o
 .text.AsciiStrnLenS
                0x0000000000001034       0x3c /tmp/ccxdA1fs.ltrans0.ltrans.o
 .text.BasePrintLibFillBuffer
                0x0000000000001070       0x34 /tmp/ccxdA1fs.ltrans0.ltrans.o
 .text.WriteBackInvalidateDataCacheRange.isra.0
                0x00000000000010a4       0x60 /tmp/ccxdA1fs.ltrans0.ltrans.o
 .text.FbConFlush
                0x0000000000001104       0x10 /tmp/ccxdA1fs.ltrans0.ltrans.o
 .text.BaseDebugLibSerialPortConstructor
                0x0000000000001114       0x7c /tmp/ccxdA1fs.ltrans0.ltrans.o
 .text.SerialPortWrite.isra.0
                0x0000000000001190      0x3e8 /tmp/ccxdA1fs.ltrans0.ltrans.o
 .text.BasePrintLibSPrint.constprop.0
                0x0000000000001578       0x98 /tmp/ccxdA1fs.ltrans0.ltrans.o
 .text.BasePrintLibSPrintMarker.constprop.0
                0x0000000000001610      0xb50 /tmp/ccxdA1fs.ltrans0.ltrans.o
 .text.AsciiSPrint.constprop.0
                0x0000000000002160       0xac /tmp/ccxdA1fs.ltrans0.ltrans.o
 .text.DebugAssert
                0x000000000000220c       0x80 /tmp/ccxdA1fs.ltrans0.ltrans.o
 .text.ZeroMem.isra.0
                0x000000000000228c       0x6c /tmp/ccxdA1fs.ltrans0.ltrans.o
 .text.AsciiStrLen
                0x00000000000022f8       0x70 /tmp/ccxdA1fs.ltrans0.ltrans.o
 .text.DebugPrint
                0x0000000000002368       0xd0 /tmp/ccxdA1fs.ltrans0.ltrans.o
 .text.DisplayQueryMode
                0x0000000000002438       0xe8 /tmp/ccxdA1fs.ltrans0.ltrans.o
 .text.ReadUnaligned16
                0x0000000000002520       0x5c /tmp/ccxdA1fs.ltrans0.ltrans.o
 .text.CompareGuid.constprop.0
                0x000000000000257c       0x44 /tmp/ccxdA1fs.ltrans0.ltrans.o
 .text.SetMem64.isra.0
                0x00000000000025c0       0x98 /tmp/ccxdA1fs.ltrans0.ltrans.o
 .text.SetMem32.isra.0
                0x0000000000002658       0x98 /tmp/ccxdA1fs.ltrans0.ltrans.o
 .text.SetMem.isra.0
                0x00000000000026f0       0x5c /tmp/ccxdA1fs.ltrans0.ltrans.o
 .text.CopyMem.isra.0
                0x000000000000274c       0x9c /tmp/ccxdA1fs.ltrans0.ltrans.o
 .text.DisplayBlt
                0x00000000000027e8      0x698 /tmp/ccxdA1fs.ltrans0.ltrans.o
 .text.FrameBufferBltConfigure.constprop.0
                0x0000000000002e80      0x280 /tmp/ccxdA1fs.ltrans0.ltrans.o
 .text.memcpy   0x0000000000003100       0x20 /tmp/ccxdA1fs.ltrans0.ltrans.o
                0x0000000000003100                memcpy
 .text._ModuleEntryPoint
                0x0000000000003120      0x400 /tmp/ccxdA1fs.ltrans0.ltrans.o
                0x0000000000003120                _ModuleEntryPoint
 .text.__stack_chk_fail
                0x0000000000003520       0x24 /tmp/ccxdA1fs.ltrans0.ltrans.o
                0x0000000000003520                __stack_chk_fail
 *fill*         0x0000000000003544        0xc 
 .text          0x0000000000003550      0x200 /home/edk2mtk/edk2-mt6765/workspace/Build/MT6771Pkg/DEBUG_GCC5/AARCH64/MdePkg/Library/BaseMemoryLibOptDxe/BaseMemoryLibOptDxe/OUTPUT/BaseMemoryLibOptDxe.lib(SetMem.obj)
                0x0000000000003550                InternalMemSetMem16
                0x000000000000355c                InternalMemSetMem32
                0x0000000000003568                InternalMemSetMem64
                0x0000000000003574                InternalMemZeroMem
                0x000000000000357c                InternalMemSetMem
 .text          0x0000000000003750      0x218 /home/edk2mtk/edk2-mt6765/workspace/Build/MT6771Pkg/DEBUG_GCC5/AARCH64/MdePkg/Library/BaseMemoryLibOptDxe/BaseMemoryLibOptDxe/OUTPUT/BaseMemoryLibOptDxe.lib(CopyMem.obj)
                0x00000000000038bc                InternalMemCopyMem
 *fill*         0x0000000000003968       0x18 
 .text          0x0000000000003980       0x20 /home/edk2mtk/edk2-mt6765/workspace/Build/MT6771Pkg/DEBUG_GCC5/AARCH64/MdePkg/Library/BaseMemoryLibOptDxe/BaseMemoryLibOptDxe/OUTPUT/BaseMemoryLibOptDxe.lib(CompareGuid.obj)
                0x0000000000003980                InternalMemCompareGuid
 .text.ArmCacheInfo
                0x00000000000039a0        0x8 /home/edk2mtk/edk2-mt6765/workspace/Build/MT6771Pkg/DEBUG_GCC5/AARCH64/ArmPkg/Library/ArmLib/ArmBaseLib/OUTPUT/ArmBaseLib.lib(ArmLibSupport.obj)
                0x00000000000039a0                ArmCacheInfo
 .text.ArmGetInterruptState
                0x00000000000039a8       0x10 /home/edk2mtk/edk2-mt6765/workspace/Build/MT6771Pkg/DEBUG_GCC5/AARCH64/ArmPkg/Library/ArmLib/ArmBaseLib/OUTPUT/ArmBaseLib.lib(ArmLibSupport.obj)
                0x00000000000039a8                ArmGetInterruptState
 .text.ArmCleanInvalidateDataCacheEntryByMVA
                0x00000000000039b8        0x8 /home/edk2mtk/edk2-mt6765/workspace/Build/MT6771Pkg/DEBUG_GCC5/AARCH64/ArmPkg/Library/ArmLib/ArmBaseLib/OUTPUT/ArmBaseLib.lib(AArch64Support.obj)
                0x00000000000039b8                ArmCleanInvalidateDataCacheEntryByMVA
 .text.ArmDataSynchronizationBarrier
                0x00000000000039c0        0x8 /home/edk2mtk/edk2-mt6765/workspace/Build/MT6771Pkg/DEBUG_GCC5/AARCH64/ArmPkg/Library/ArmLib/ArmBaseLib/OUTPUT/ArmBaseLib.lib(AArch64Support.obj)
                0x00000000000039c0                ArmDataSynchronizationBarrier
 .text.ArmEnableInterrupts
                0x00000000000039c8        0xc /home/edk2mtk/edk2-mt6765/workspace/Build/MT6771Pkg/DEBUG_GCC5/AARCH64/ArmPkg/Library/ArmLib/ArmBaseLib/OUTPUT/ArmBaseLib.lib(ArmLibSupportV8.obj)
                0x00000000000039c8                ArmEnableInterrupts
 .text.ArmDisableInterrupts
                0x00000000000039d4        0xc /home/edk2mtk/edk2-mt6765/workspace/Build/MT6771Pkg/DEBUG_GCC5/AARCH64/ArmPkg/Library/ArmLib/ArmBaseLib/OUTPUT/ArmBaseLib.lib(ArmLibSupportV8.obj)
                0x00000000000039d4                ArmDisableInterrupts
 *(.rodata .rodata.* .gnu.linkonce.r.*)
 .rodata.BasePrintLibSPrintMarker.constprop.0.str1.1
                0x00000000000039e0      0x9b5 /tmp/ccxdA1fs.ltrans0.ltrans.o
                                        0x195 (size before relaxing)
 *fill*         0x0000000000004395        0x3 
 .rodata.BasePrintLibSPrintMarker.constprop.0
                0x0000000000004398       0x5e /tmp/ccxdA1fs.ltrans0.ltrans.o
 .rodata.AsciiSPrint.constprop.0.str1.1
                0x00000000000043f6        0x0 /tmp/ccxdA1fs.ltrans0.ltrans.o
                                         0x18 (size before relaxing)
 .rodata.DebugAssert.str1.1
                0x00000000000043f6        0x0 /tmp/ccxdA1fs.ltrans0.ltrans.o
                                          0xc (size before relaxing)
 .rodata.ZeroMem.isra.0.str1.1
                0x00000000000043f6        0x0 /tmp/ccxdA1fs.ltrans0.ltrans.o
                                         0x89 (size before relaxing)
 .rodata.AsciiStrLen.str1.1
                0x00000000000043f6        0x0 /tmp/ccxdA1fs.ltrans0.ltrans.o
                                         0x77 (size before relaxing)
 .rodata.DisplayQueryMode.str1.1
                0x00000000000043f6        0x0 /tmp/ccxdA1fs.ltrans0.ltrans.o
                                         0x8e (size before relaxing)
 .rodata.ReadUnaligned16.str1.1
                0x00000000000043f6        0x0 /tmp/ccxdA1fs.ltrans0.ltrans.o
                                         0x46 (size before relaxing)
 .rodata.CompareGuid.constprop.0.str1.1
                0x00000000000043f6        0x0 /tmp/ccxdA1fs.ltrans0.ltrans.o
                                         0x69 (size before relaxing)
 .rodata.SetMem64.isra.0.str1.1
                0x00000000000043f6        0x0 /tmp/ccxdA1fs.ltrans0.ltrans.o
                                         0xba (size before relaxing)
 .rodata.SetMem32.isra.0.str1.1
                0x00000000000043f6        0x0 /tmp/ccxdA1fs.ltrans0.ltrans.o
                                         0x54 (size before relaxing)
 .rodata.SetMem.isra.0.str1.1
                0x00000000000043f6        0x0 /tmp/ccxdA1fs.ltrans0.ltrans.o
                                         0x52 (size before relaxing)
 .rodata.CopyMem.isra.0.str1.1
                0x00000000000043f6        0x0 /tmp/ccxdA1fs.ltrans0.ltrans.o
                                         0xd4 (size before relaxing)
 .rodata.DisplayBlt.str1.1
                0x00000000000043f6        0x0 /tmp/ccxdA1fs.ltrans0.ltrans.o
                                         0xc4 (size before relaxing)
 .rodata.FrameBufferBltConfigure.constprop.0.str1.1
                0x00000000000043f6        0x0 /tmp/ccxdA1fs.ltrans0.ltrans.o
                                         0xf4 (size before relaxing)
 .rodata._ModuleEntryPoint.str1.1
                0x00000000000043f6        0x0 /tmp/ccxdA1fs.ltrans0.ltrans.o
                                        0x1a5 (size before relaxing)
 .rodata.__stack_chk_fail.str1.1
                0x00000000000043f6        0x0 /tmp/ccxdA1fs.ltrans0.ltrans.o
                                         0x2e (size before relaxing)
 .rodata.mHexStr
                0x00000000000043f6       0x10 /tmp/ccxdA1fs.ltrans0.ltrans.o
 .rodata.mWarningString
                0x0000000000004406       0x96 /tmp/ccxdA1fs.ltrans0.ltrans.o
 .rodata.mErrorString
                0x000000000000449c      0x2b5 /tmp/ccxdA1fs.ltrans0.ltrans.o
 *fill*         0x0000000000004751        0x3 
 .rodata.mBgrPixelMasks
                0x0000000000004754       0x10 /tmp/ccxdA1fs.ltrans0.ltrans.o
 .rodata.mRgbPixelMasks
                0x0000000000004764       0x10 /tmp/ccxdA1fs.ltrans0.ltrans.o
 *(.got .got.*)
 *fill*         0x0000000000004774        0x4 
 .got           0x0000000000004778        0x8 /home/edk2mtk/edk2-mt6765/edk2/ArmPkg/Library/GccLto/liblto-aarch64.a
                0x0000000000004778                _GLOBAL_OFFSET_TABLE_
 .got.plt       0x0000000000004780       0x18 /home/edk2mtk/edk2-mt6765/edk2/ArmPkg/Library/GccLto/liblto-aarch64.a
 *:AutoGen.obj(.data.g*Guid)

.plt            0x0000000000004798        0x0
 .plt           0x0000000000004798        0x0 /home/edk2mtk/edk2-mt6765/edk2/ArmPkg/Library/GccLto/liblto-aarch64.a

.data           0x0000000000005000      0x3e0
 *(.data .data.* .gnu.linkonce.d.*)
 .data.rel.ro   0x0000000000005000        0x0 /home/edk2mtk/edk2-mt6765/edk2/ArmPkg/Library/GccLto/liblto-aarch64.a
 .data.__stack_chk_guard
                0x0000000000005000        0x8 /tmp/ccxdA1fs.ltrans0.ltrans.o
                0x0000000000005000                __stack_chk_guard
 .data.font5x12
                0x0000000000005008      0x300 /tmp/ccxdA1fs.ltrans0.ltrans.o
 .data.gEfiHobListGuid
                0x0000000000005308       0x10 /tmp/ccxdA1fs.ltrans0.ltrans.o
 .data.gEfiGraphicsOutputProtocolGuid
                0x0000000000005318       0x10 /tmp/ccxdA1fs.ltrans0.ltrans.o
 .data.mDisplayDevicePath
                0x0000000000005328       0x18 /tmp/ccxdA1fs.ltrans0.ltrans.o
 .data.gEfiDevicePathProtocolGuid
                0x0000000000005340       0x10 /tmp/ccxdA1fs.ltrans0.ltrans.o
 .data.mDisplay
                0x0000000000005350       0x20 /tmp/ccxdA1fs.ltrans0.ltrans.o
 *(.bss .bss.*)
 .bss.m_Color   0x0000000000005370       0x10 /tmp/ccxdA1fs.ltrans0.ltrans.o
 .bss.m_MaxPosition
                0x0000000000005380       0x10 /tmp/ccxdA1fs.ltrans0.ltrans.o
 .bss.m_Position
                0x0000000000005390       0x10 /tmp/ccxdA1fs.ltrans0.ltrans.o
 .bss.m_Initialized
                0x00000000000053a0        0x1 /tmp/ccxdA1fs.ltrans0.ltrans.o
 *fill*         0x00000000000053a1        0x7 
 .bss.gRT       0x00000000000053a8        0x8 /tmp/ccxdA1fs.ltrans0.ltrans.o
 .bss.gImageHandle
                0x00000000000053b0        0x8 /tmp/ccxdA1fs.ltrans0.ltrans.o
 .bss.mHobList  0x00000000000053b8        0x8 /tmp/ccxdA1fs.ltrans0.ltrans.o
 .bss.mFrameBufferBltLibConfigureSize
                0x00000000000053c0        0x8 /tmp/ccxdA1fs.ltrans0.ltrans.o
 .bss.mFrameBufferBltLibConfigure
                0x00000000000053c8        0x8 /tmp/ccxdA1fs.ltrans0.ltrans.o
 .bss.gBS       0x00000000000053d0        0x8 /tmp/ccxdA1fs.ltrans0.ltrans.o
 .bss.gST       0x00000000000053d8        0x8 /tmp/ccxdA1fs.ltrans0.ltrans.o

.dynbss         0x00000000000053e0        0x0
 .dynbss        0x00000000000053e0        0x0 /home/edk2mtk/edk2-mt6765/edk2/ArmPkg/Library/GccLto/liblto-aarch64.a

.eh_frame
 *(.eh_frame)

.rela           0x00000000000053e0       0x48
 *(.rela .rela.*)
 .rela.got      0x00000000000053e0        0x0 /home/edk2mtk/edk2-mt6765/edk2/ArmPkg/Library/GccLto/liblto-aarch64.a
 .rela.plt      0x00000000000053e0        0x0 /home/edk2mtk/edk2-mt6765/edk2/ArmPkg/Library/GccLto/liblto-aarch64.a
 .rela.bss      0x00000000000053e0        0x0 /home/edk2mtk/edk2-mt6765/edk2/ArmPkg/Library/GccLto/liblto-aarch64.a
 .rela.data.rel.ro
                0x00000000000053e0        0x0 /home/edk2mtk/edk2-mt6765/edk2/ArmPkg/Library/GccLto/liblto-aarch64.a
 .rela.ifunc    0x00000000000053e0        0x0 /home/edk2mtk/edk2-mt6765/edk2/ArmPkg/Library/GccLto/liblto-aarch64.a
 .rela.data.mDisplay
                0x00000000000053e0       0x48 /home/edk2mtk/edk2-mt6765/edk2/ArmPkg/Library/GccLto/liblto-aarch64.a

.hii
 *(.hii)

.build-id       0x0000000000005428       0x24
 *(.note.gnu.build-id)
 .note.gnu.build-id
                0x0000000000005428       0x24 /home/edk2mtk/edk2-mt6765/edk2/ArmPkg/Library/GccLto/liblto-aarch64.a

/DISCARD/
 *(.note.GNU-stack)
 *(.gnu_debuglink)
 *(.interp)
 *(.dynsym)
 *(.dynstr)
 *(.dynamic)
 *(.hash .gnu.hash)
 *(.comment)
                0x0000000000000228                PECOFF_HEADER_SIZE = 0x228
OUTPUT(/home/edk2mtk/edk2-mt6765/workspace/Build/MT6771Pkg/DEBUG_GCC5/AARCH64/MT6771Pkg/Drivers/SimpleFbDxe/SimpleFbDxe/DEBUG/SimpleFbDxe.dll elf64-littleaarch64)
LOAD linker stubs

.debug_info     0x0000000000000000    0x158e6
 .debug_info    0x0000000000000000     0x2d6d /tmp/ccxdA1fs.ltrans0.ltrans.o
 .debug_info    0x0000000000002d6d       0xf7 /tmp/ccpPTkq2.debug.temp.o
                0x0000000000002d6d                memcpy.c.a022bb0b
 .debug_info    0x0000000000002e64       0xb4 /tmp/ccGPKs9o.debug.temp.o
                0x0000000000002e64                memset.c.347e7144
 .debug_info    0x0000000000002f18     0x1949 /tmp/ccVsZAHn.debug.temp.o
                0x0000000000002f18                DriverEntryPoint.c.aed905de
 .debug_info    0x0000000000004861      0x12f /tmp/ccAkl1fN.debug.temp.o
                0x0000000000004861                BaseStackCheckGcc.c.e2264bbe
 .debug_info    0x0000000000004990     0x1ddb /tmp/ccnfldu0.debug.temp.o
                0x0000000000004990                AutoGen.c.c493d750
 .debug_info    0x000000000000676b     0x1d6d /tmp/ccZGDw2Y.debug.temp.o
                0x000000000000676b                SimpleFbDxe.c.4d2914ef
 .debug_info    0x00000000000084d8      0x109 /tmp/ccdQnsBr.debug.temp.o
                0x00000000000084d8                ZeroMemWrapper.c.9d1deddc
 .debug_info    0x00000000000085e1      0x260 /tmp/ccMuYSvh.debug.temp.o
                0x00000000000085e1                ArmCacheMaintenanceLib.c.9a3ca372
 .debug_info    0x0000000000008841      0x3d9 /tmp/ccOQTl9w.debug.temp.o
                0x0000000000008841                DebugLib.c.446090d2
 .debug_info    0x0000000000008c1a     0x135e /tmp/cckk5pSn.debug.temp.o
                0x0000000000008c1a                MemoryAllocationLib.c.cc5a5fc6
 .debug_info    0x0000000000009f78     0x173e /tmp/ccx4hrK6.debug.temp.o
                0x0000000000009f78                UefiRuntimeServicesTableLib.c.b47200ac
 .debug_info    0x000000000000b6b6     0x1767 /tmp/cc72vN6I.debug.temp.o
                0x000000000000b6b6                UefiBootServicesTableLib.c.f2114479
 .debug_info    0x000000000000ce1d     0x25d1 /tmp/ccApUu4r.debug.temp.o
                0x000000000000ce1d                UefiLib.c.a6379151
 .debug_info    0x000000000000f3ee     0x20f4 /tmp/ccDlSX5n.debug.temp.o
                0x000000000000f3ee                HobLib.c.69301aa6
 .debug_info    0x00000000000114e2      0x8cd /tmp/ccnUqaVr.debug.temp.o
                0x00000000000114e2                FrameBufferBltLib.c.7dfc9747
 .debug_info    0x0000000000011daf      0x232 /tmp/cc4NwBjQ.debug.temp.o
                0x0000000000011daf                MemLibGuid.c.6afc2aec
 .debug_info    0x0000000000011fe1      0x119 /tmp/ccT0Smur.debug.temp.o
                0x0000000000011fe1                SetMem64Wrapper.c.1f08d039
 .debug_info    0x00000000000120fa      0x124 /tmp/ccVn3zR6.debug.temp.o
                0x00000000000120fa                SetMem32Wrapper.c.e3cd3595
 .debug_info    0x000000000001221e      0x17f /tmp/ccNSSVaq.debug.temp.o
                0x000000000001221e                SetMemWrapper.c.506fca8a
 .debug_info    0x000000000001239d      0x11e /tmp/cc6Hw3jP.debug.temp.o
                0x000000000001239d                CopyMemWrapper.c.a155aadd
 .debug_info    0x00000000000124bb       0xbb /tmp/cc2VEKqY.debug.temp.o
                0x00000000000124bb                HighBitSet32.c.8982ba33
 .debug_info    0x0000000000012576      0x7ae /tmp/ccQfA8uJ.debug.temp.o
                0x0000000000012576                String.c.abace36a
 .debug_info    0x0000000000012d24      0x28d /tmp/ccsk4g4u.debug.temp.o
                0x0000000000012d24                Unaligned.c.7190595f
 .debug_info    0x0000000000012fb1     0x10b5 /tmp/ccfqpuO3.debug.temp.o
                0x0000000000012fb1                SafeString.c.001dd263
 .debug_info    0x0000000000014066      0x2db /tmp/ccUaDBVn.debug.temp.o
                0x0000000000014066                Math64.c.59b243f1
 .debug_info    0x0000000000014341      0x156 /tmp/ccQm4hmg.debug.temp.o
                0x0000000000014341                ArmLib.c.ed55ba41
 .debug_info    0x0000000000014497      0x5c4 /tmp/ccOCoL5c.debug.temp.o
                0x0000000000014497                PrintLib.c.76efccd8
 .debug_info    0x0000000000014a5b      0x7a1 /tmp/ccF8nbHk.debug.temp.o
                0x0000000000014a5b                PrintLibInternal.c.c2f63578
 .debug_info    0x00000000000151fc      0x5c4 /tmp/ccytkXOq.debug.temp.o
                0x00000000000151fc                FrameBufferSerialPortLib.c.6d1e4d4b
 .debug_info    0x00000000000157c0      0x126 /tmp/ccybRwWh.debug.temp.o
                0x00000000000157c0                DivU64x32Remainder.c.d33f1bed

.debug_abbrev   0x0000000000000000     0x2eb5
 .debug_abbrev  0x0000000000000000      0x283 /tmp/ccxdA1fs.ltrans0.ltrans.o
 .debug_abbrev  0x0000000000000283       0xb0 /tmp/ccpPTkq2.debug.temp.o
 .debug_abbrev  0x0000000000000333       0x7d /tmp/ccGPKs9o.debug.temp.o
 .debug_abbrev  0x00000000000003b0      0x25a /tmp/ccVsZAHn.debug.temp.o
 .debug_abbrev  0x000000000000060a       0xf9 /tmp/ccAkl1fN.debug.temp.o
 .debug_abbrev  0x0000000000000703      0x2d3 /tmp/ccnfldu0.debug.temp.o
 .debug_abbrev  0x00000000000009d6      0x2ba /tmp/ccZGDw2Y.debug.temp.o
 .debug_abbrev  0x0000000000000c90       0xbe /tmp/ccdQnsBr.debug.temp.o
 .debug_abbrev  0x0000000000000d4e       0xfe /tmp/ccMuYSvh.debug.temp.o
 .debug_abbrev  0x0000000000000e4c      0x1a2 /tmp/ccOQTl9w.debug.temp.o
 .debug_abbrev  0x0000000000000fee      0x271 /tmp/cckk5pSn.debug.temp.o
 .debug_abbrev  0x000000000000125f      0x1d7 /tmp/ccx4hrK6.debug.temp.o
 .debug_abbrev  0x0000000000001436      0x207 /tmp/cc72vN6I.debug.temp.o
 .debug_abbrev  0x000000000000163d      0x2f7 /tmp/ccApUu4r.debug.temp.o
 .debug_abbrev  0x0000000000001934      0x2d3 /tmp/ccDlSX5n.debug.temp.o
 .debug_abbrev  0x0000000000001c07      0x209 /tmp/ccnUqaVr.debug.temp.o
 .debug_abbrev  0x0000000000001e10      0x10b /tmp/cc4NwBjQ.debug.temp.o
 .debug_abbrev  0x0000000000001f1b       0xbe /tmp/ccT0Smur.debug.temp.o
 .debug_abbrev  0x0000000000001fd9       0xbe /tmp/ccVn3zR6.debug.temp.o
 .debug_abbrev  0x0000000000002097       0xd4 /tmp/ccNSSVaq.debug.temp.o
 .debug_abbrev  0x000000000000216b       0xc4 /tmp/cc6Hw3jP.debug.temp.o
 .debug_abbrev  0x000000000000222f       0x6d /tmp/cc2VEKqY.debug.temp.o
 .debug_abbrev  0x000000000000229c      0x15d /tmp/ccQfA8uJ.debug.temp.o
 .debug_abbrev  0x00000000000023f9       0xd5 /tmp/ccsk4g4u.debug.temp.o
 .debug_abbrev  0x00000000000024ce      0x1cd /tmp/ccfqpuO3.debug.temp.o
 .debug_abbrev  0x000000000000269b       0xd6 /tmp/ccUaDBVn.debug.temp.o
 .debug_abbrev  0x0000000000002771       0xf5 /tmp/ccQm4hmg.debug.temp.o
 .debug_abbrev  0x0000000000002866      0x178 /tmp/ccOCoL5c.debug.temp.o
 .debug_abbrev  0x00000000000029de      0x1d4 /tmp/ccF8nbHk.debug.temp.o
 .debug_abbrev  0x0000000000002bb2      0x24b /tmp/ccytkXOq.debug.temp.o
 .debug_abbrev  0x0000000000002dfd       0xb8 /tmp/ccybRwWh.debug.temp.o

.debug_loclists
                0x0000000000000000     0x4032
 .debug_loclists
                0x0000000000000000     0x4032 /tmp/ccxdA1fs.ltrans0.ltrans.o

.debug_aranges  0x0000000000000000      0x220
 .debug_aranges
                0x0000000000000000      0x220 /tmp/ccxdA1fs.ltrans0.ltrans.o

.debug_rnglists
                0x0000000000000000      0x329
 .debug_rnglists
                0x0000000000000000      0x329 /tmp/ccxdA1fs.ltrans0.ltrans.o

.debug_line     0x0000000000000000     0x2994
 .debug_line    0x0000000000000000     0x1d6b /tmp/ccxdA1fs.ltrans0.ltrans.o
 .debug_line    0x0000000000001d6b       0x3a /tmp/ccpPTkq2.debug.temp.o
 .debug_line    0x0000000000001da5       0x3a /tmp/ccGPKs9o.debug.temp.o
 .debug_line    0x0000000000001ddf       0x93 /tmp/ccVsZAHn.debug.temp.o
 .debug_line    0x0000000000001e72       0x5a /tmp/ccAkl1fN.debug.temp.o
 .debug_line    0x0000000000001ecc       0x93 /tmp/ccnfldu0.debug.temp.o
 .debug_line    0x0000000000001f5f       0xa6 /tmp/ccZGDw2Y.debug.temp.o
 .debug_line    0x0000000000002005       0x51 /tmp/ccdQnsBr.debug.temp.o
 .debug_line    0x0000000000002056       0x55 /tmp/ccMuYSvh.debug.temp.o
 .debug_line    0x00000000000020ab       0x77 /tmp/ccOQTl9w.debug.temp.o
 .debug_line    0x0000000000002122       0x7b /tmp/cckk5pSn.debug.temp.o
 .debug_line    0x000000000000219d       0x7b /tmp/ccx4hrK6.debug.temp.o
 .debug_line    0x0000000000002218       0x80 /tmp/cc72vN6I.debug.temp.o
 .debug_line    0x0000000000002298       0xb1 /tmp/ccApUu4r.debug.temp.o
 .debug_line    0x0000000000002349       0x9c /tmp/ccDlSX5n.debug.temp.o
 .debug_line    0x00000000000023e5       0x7a /tmp/ccnUqaVr.debug.temp.o
 .debug_line    0x000000000000245f       0x5e /tmp/cc4NwBjQ.debug.temp.o
 .debug_line    0x00000000000024bd       0x51 /tmp/ccT0Smur.debug.temp.o
 .debug_line    0x000000000000250e       0x51 /tmp/ccVn3zR6.debug.temp.o
 .debug_line    0x000000000000255f       0x56 /tmp/ccNSSVaq.debug.temp.o
 .debug_line    0x00000000000025b5       0x51 /tmp/cc6Hw3jP.debug.temp.o
 .debug_line    0x0000000000002606       0x43 /tmp/cc2VEKqY.debug.temp.o
 .debug_line    0x0000000000002649       0x63 /tmp/ccQfA8uJ.debug.temp.o
 .debug_line    0x00000000000026ac       0x51 /tmp/ccsk4g4u.debug.temp.o
 .debug_line    0x00000000000026fd       0x6d /tmp/ccfqpuO3.debug.temp.o
 .debug_line    0x000000000000276a       0x4c /tmp/ccUaDBVn.debug.temp.o
 .debug_line    0x00000000000027b6       0x4c /tmp/ccQm4hmg.debug.temp.o
 .debug_line    0x0000000000002802       0x5f /tmp/ccOCoL5c.debug.temp.o
 .debug_line    0x0000000000002861       0x6d /tmp/ccF8nbHk.debug.temp.o
 .debug_line    0x00000000000028ce       0x75 /tmp/ccytkXOq.debug.temp.o
 .debug_line    0x0000000000002943       0x51 /tmp/ccybRwWh.debug.temp.o

.debug_str      0x0000000000000000     0x4884
 .debug_str     0x0000000000000000     0x4884 /tmp/ccxdA1fs.ltrans0.ltrans.o
                                        0x1d4 (size before relaxing)
 .debug_str     0x0000000000004884        0x0 /tmp/ccpPTkq2.debug.temp.o
                                        0x238 (size before relaxing)
 .debug_str     0x0000000000004884        0x0 /tmp/ccGPKs9o.debug.temp.o
                                        0x22c (size before relaxing)
 .debug_str     0x0000000000004884        0x0 /tmp/ccVsZAHn.debug.temp.o
                                       0x14d1 (size before relaxing)
 .debug_str     0x0000000000004884        0x0 /tmp/ccAkl1fN.debug.temp.o
                                        0x2e8 (size before relaxing)
 .debug_str     0x0000000000004884        0x0 /tmp/ccnfldu0.debug.temp.o
                                       0x1daa (size before relaxing)
 .debug_str     0x0000000000004884        0x0 /tmp/ccZGDw2Y.debug.temp.o
                                       0x1915 (size before relaxing)
 .debug_str     0x0000000000004884        0x0 /tmp/ccdQnsBr.debug.temp.o
                                        0x27f (size before relaxing)
 .debug_str     0x0000000000004884        0x0 /tmp/ccMuYSvh.debug.temp.o
                                        0x4d6 (size before relaxing)
 .debug_str     0x0000000000004884        0x0 /tmp/ccOQTl9w.debug.temp.o
                                        0x50a (size before relaxing)
 .debug_str     0x0000000000004884        0x0 /tmp/cckk5pSn.debug.temp.o
                                        0xf6e (size before relaxing)
 .debug_str     0x0000000000004884        0x0 /tmp/ccx4hrK6.debug.temp.o
                                       0x132e (size before relaxing)
 .debug_str     0x0000000000004884        0x0 /tmp/cc72vN6I.debug.temp.o
                                       0x1338 (size before relaxing)
 .debug_str     0x0000000000004884        0x0 /tmp/ccApUu4r.debug.temp.o
                                       0x1c1d (size before relaxing)
 .debug_str     0x0000000000004884        0x0 /tmp/ccDlSX5n.debug.temp.o
                                       0x1936 (size before relaxing)
 .debug_str     0x0000000000004884        0x0 /tmp/ccnUqaVr.debug.temp.o
                                        0x743 (size before relaxing)
 .debug_str     0x0000000000004884        0x0 /tmp/cc4NwBjQ.debug.temp.o
                                        0x31c (size before relaxing)
 .debug_str     0x0000000000004884        0x0 /tmp/ccT0Smur.debug.temp.o
                                        0x287 (size before relaxing)
 .debug_str     0x0000000000004884        0x0 /tmp/ccVn3zR6.debug.temp.o
                                        0x28e (size before relaxing)
 .debug_str     0x0000000000004884        0x0 /tmp/ccNSSVaq.debug.temp.o
                                        0x2a1 (size before relaxing)
 .debug_str     0x0000000000004884        0x0 /tmp/cc6Hw3jP.debug.temp.o
                                        0x297 (size before relaxing)
 .debug_str     0x0000000000004884        0x0 /tmp/cc2VEKqY.debug.temp.o
                                        0x252 (size before relaxing)
 .debug_str     0x0000000000004884        0x0 /tmp/ccQfA8uJ.debug.temp.o
                                        0x6fb (size before relaxing)
 .debug_str     0x0000000000004884        0x0 /tmp/ccsk4g4u.debug.temp.o
                                        0x33b (size before relaxing)
 .debug_str     0x0000000000004884        0x0 /tmp/ccfqpuO3.debug.temp.o
                                        0x847 (size before relaxing)
 .debug_str     0x0000000000004884        0x0 /tmp/ccUaDBVn.debug.temp.o
                                        0x3d1 (size before relaxing)
 .debug_str     0x0000000000004884        0x0 /tmp/ccQm4hmg.debug.temp.o
                                        0x312 (size before relaxing)
 .debug_str     0x0000000000004884        0x0 /tmp/ccOCoL5c.debug.temp.o
                                        0x493 (size before relaxing)
 .debug_str     0x0000000000004884        0x0 /tmp/ccF8nbHk.debug.temp.o
                                        0x695 (size before relaxing)
 .debug_str     0x0000000000004884        0x0 /tmp/ccytkXOq.debug.temp.o
                                        0x6d2 (size before relaxing)
 .debug_str     0x0000000000004884        0x0 /tmp/ccybRwWh.debug.temp.o
                                        0x2a4 (size before relaxing)

.debug_line_str
                0x0000000000000000     0x1e67
 .debug_line_str
                0x0000000000000000     0x1e67 /tmp/ccxdA1fs.ltrans0.ltrans.o
                                        0x816 (size before relaxing)
 .debug_line_str
                0x0000000000001e67        0x0 /tmp/ccpPTkq2.debug.temp.o
                                        0x11c (size before relaxing)
 .debug_line_str
                0x0000000000001e67        0x0 /tmp/ccGPKs9o.debug.temp.o
                                        0x11c (size before relaxing)
 .debug_line_str
                0x0000000000001e67        0x0 /tmp/ccVsZAHn.debug.temp.o
                                        0x379 (size before relaxing)
 .debug_line_str
                0x0000000000001e67        0x0 /tmp/ccAkl1fN.debug.temp.o
                                        0x23d (size before relaxing)
 .debug_line_str
                0x0000000000001e67        0x0 /tmp/ccnfldu0.debug.temp.o
                                        0x368 (size before relaxing)
 .debug_line_str
                0x0000000000001e67        0x0 /tmp/ccZGDw2Y.debug.temp.o
                                        0x3b3 (size before relaxing)
 .debug_line_str
                0x0000000000001e67        0x0 /tmp/ccdQnsBr.debug.temp.o
                                        0x1bd (size before relaxing)
 .debug_line_str
                0x0000000000001e67        0x0 /tmp/ccMuYSvh.debug.temp.o
                                        0x206 (size before relaxing)
 .debug_line_str
                0x0000000000001e67        0x0 /tmp/ccOQTl9w.debug.temp.o
                                        0x2c3 (size before relaxing)
 .debug_line_str
                0x0000000000001e67        0x0 /tmp/cckk5pSn.debug.temp.o
                                        0x2c7 (size before relaxing)
 .debug_line_str
                0x0000000000001e67        0x0 /tmp/ccx4hrK6.debug.temp.o
                                        0x2db (size before relaxing)
 .debug_line_str
                0x0000000000001e67        0x0 /tmp/cc72vN6I.debug.temp.o
                                        0x2e4 (size before relaxing)
 .debug_line_str
                0x0000000000001e67        0x0 /tmp/ccApUu4r.debug.temp.o
                                        0x37a (size before relaxing)
 .debug_line_str
                0x0000000000001e67        0x0 /tmp/ccDlSX5n.debug.temp.o
                                        0x343 (size before relaxing)
 .debug_line_str
                0x0000000000001e67        0x0 /tmp/ccnUqaVr.debug.temp.o
                                        0x2d1 (size before relaxing)
 .debug_line_str
                0x0000000000001e67        0x0 /tmp/cc4NwBjQ.debug.temp.o
                                        0x234 (size before relaxing)
 .debug_line_str
                0x0000000000001e67        0x0 /tmp/ccT0Smur.debug.temp.o
                                        0x1bf (size before relaxing)
 .debug_line_str
                0x0000000000001e67        0x0 /tmp/ccVn3zR6.debug.temp.o
                                        0x1bf (size before relaxing)
 .debug_line_str
                0x0000000000001e67        0x0 /tmp/ccNSSVaq.debug.temp.o
                                        0x1cb (size before relaxing)
 .debug_line_str
                0x0000000000001e67        0x0 /tmp/cc6Hw3jP.debug.temp.o
                                        0x1bd (size before relaxing)
 .debug_line_str
                0x0000000000001e67        0x0 /tmp/cc2VEKqY.debug.temp.o
                                        0x136 (size before relaxing)
 .debug_line_str
                0x0000000000001e67        0x0 /tmp/ccQfA8uJ.debug.temp.o
                                        0x220 (size before relaxing)
 .debug_line_str
                0x0000000000001e67        0x0 /tmp/ccsk4g4u.debug.temp.o
                                        0x183 (size before relaxing)
 .debug_line_str
                0x0000000000001e67        0x0 /tmp/ccfqpuO3.debug.temp.o
                                        0x24b (size before relaxing)
 .debug_line_str
                0x0000000000001e67        0x0 /tmp/ccUaDBVn.debug.temp.o
                                        0x16a (size before relaxing)
 .debug_line_str
                0x0000000000001e67        0x0 /tmp/ccQm4hmg.debug.temp.o
                                        0x169 (size before relaxing)
 .debug_line_str
                0x0000000000001e67        0x0 /tmp/ccOCoL5c.debug.temp.o
                                        0x1d6 (size before relaxing)
 .debug_line_str
                0x0000000000001e67        0x0 /tmp/ccF8nbHk.debug.temp.o
                                        0x270 (size before relaxing)
 .debug_line_str
                0x0000000000001e67        0x0 /tmp/ccytkXOq.debug.temp.o
                                        0x2ef (size before relaxing)
 .debug_line_str
                0x0000000000001e67        0x0 /tmp/ccybRwWh.debug.temp.o
                                        0x196 (size before relaxing)

.debug_frame    0x0000000000000000      0x598
 .debug_frame   0x0000000000000000      0x598 /tmp/ccxdA1fs.ltrans0.ltrans.o
