Archive member included to satisfy reference by file (symbol)

/home/edk2mtk/edk2-mt6765/workspace/Build/MT6771Pkg/DEBUG_GCC5/AARCH64/ArmPkg/Library/CompilerIntrinsicsLib/CompilerIntrinsicsLib/OUTPUT/CompilerIntrinsicsLib.lib(memcpy.obj)
                              /home/edk2mtk/edk2-mt6765/edk2/ArmPkg/Library/GccLto/liblto-aarch64.a (memcpy)
/home/edk2mtk/edk2-mt6765/workspace/Build/MT6771Pkg/DEBUG_GCC5/AARCH64/ArmPkg/Library/CompilerIntrinsicsLib/CompilerIntrinsicsLib/OUTPUT/CompilerIntrinsicsLib.lib(memset.obj)
                              /home/edk2mtk/edk2-mt6765/edk2/ArmPkg/Library/GccLto/liblto-aarch64.a (memset)
/home/edk2mtk/edk2-mt6765/workspace/Build/MT6771Pkg/DEBUG_GCC5/AARCH64/MdePkg/Library/UefiDriverEntryPoint/UefiDriverEntryPoint/OUTPUT/UefiDriverEntryPoint.lib(DriverEntryPoint.obj)
                              (_ModuleEntryPoint)
/home/edk2mtk/edk2-mt6765/workspace/Build/MT6771Pkg/DEBUG_GCC5/AARCH64/MdePkg/Library/BaseStackCheckLib/BaseStackCheckLib/OUTPUT/BaseStackCheckLib.lib(BaseStackCheckGcc.obj)
                              /home/edk2mtk/edk2-mt6765/edk2/ArmPkg/Library/GccLto/liblto-aarch64.a (__stack_chk_fail)
/home/edk2mtk/edk2-mt6765/workspace/Build/MT6771Pkg/DEBUG_GCC5/AARCH64/MT6771Pkg/Drivers/LogoDxe/LogoDxe/OUTPUT/LogoDxe.lib(AutoGen.obj)
                              DriverEntryPoint.obj (symbol from plugin) (ProcessLibraryConstructorList)
/home/edk2mtk/edk2-mt6765/workspace/Build/MT6771Pkg/DEBUG_GCC5/AARCH64/MT6771Pkg/Drivers/LogoDxe/LogoDxe/OUTPUT/LogoDxe.lib(Logo.obj)
                              AutoGen.obj (symbol from plugin) (InitializeLogo)
/home/edk2mtk/edk2-mt6765/workspace/Build/MT6771Pkg/DEBUG_GCC5/AARCH64/MdePkg/Library/BaseLib/BaseLib/OUTPUT/BaseLib.lib(CpuDeadLoop.obj)
                              BaseStackCheckGcc.obj (symbol from plugin) (CpuDeadLoop)
/home/edk2mtk/edk2-mt6765/workspace/Build/MT6771Pkg/DEBUG_GCC5/AARCH64/MdePkg/Library/BaseLib/BaseLib/OUTPUT/BaseLib.lib(SwitchStack.obj)
                              CpuDeadLoop.obj (symbol from plugin) (CpuPause)
/home/edk2mtk/edk2-mt6765/workspace/Build/MT6771Pkg/DEBUG_GCC5/AARCH64/MdePkg/Library/BaseLib/BaseLib/OUTPUT/BaseLib.lib(CpuBreakpoint.obj)
                              BaseStackCheckGcc.obj (symbol from plugin) (CpuBreakpoint)
/home/edk2mtk/edk2-mt6765/workspace/Build/MT6771Pkg/DEBUG_GCC5/AARCH64/MdePkg/Library/BaseDebugLibSerialPort/BaseDebugLibSerialPort/OUTPUT/BaseDebugLibSerialPort.lib(DebugLib.obj)
                              AutoGen.obj (symbol from plugin) (BaseDebugLibSerialPortConstructor)
/home/edk2mtk/edk2-mt6765/workspace/Build/MT6771Pkg/DEBUG_GCC5/AARCH64/MdePkg/Library/UefiRuntimeServicesTableLib/UefiRuntimeServicesTableLib/OUTPUT/UefiRuntimeServicesTableLib.lib(UefiRuntimeServicesTableLib.obj)
                              AutoGen.obj (symbol from plugin) (UefiRuntimeServicesTableLibConstructor)
/home/edk2mtk/edk2-mt6765/workspace/Build/MT6771Pkg/DEBUG_GCC5/AARCH64/MdePkg/Library/UefiBootServicesTableLib/UefiBootServicesTableLib/OUTPUT/UefiBootServicesTableLib.lib(UefiBootServicesTableLib.obj)
                              AutoGen.obj (symbol from plugin) (UefiBootServicesTableLibConstructor)
/home/edk2mtk/edk2-mt6765/workspace/Build/MT6771Pkg/DEBUG_GCC5/AARCH64/MdePkg/Library/UefiLib/UefiLib/OUTPUT/UefiLib.lib(UefiLib.obj)
                              AutoGen.obj (symbol from plugin) (UefiLibConstructor)
/home/edk2mtk/edk2-mt6765/workspace/Build/MT6771Pkg/DEBUG_GCC5/AARCH64/MdePkg/Library/DxeHobLib/DxeHobLib/OUTPUT/DxeHobLib.lib(HobLib.obj)
                              AutoGen.obj (symbol from plugin) (HobLibConstructor)
/home/edk2mtk/edk2-mt6765/workspace/Build/MT6771Pkg/DEBUG_GCC5/AARCH64/MdePkg/Library/BaseMemoryLibOptDxe/BaseMemoryLibOptDxe/OUTPUT/BaseMemoryLibOptDxe.lib(MemLibGuid.obj)
                              UefiLib.obj (symbol from plugin) (CompareGuid)
/home/edk2mtk/edk2-mt6765/workspace/Build/MT6771Pkg/DEBUG_GCC5/AARCH64/MdePkg/Library/BaseMemoryLibOptDxe/BaseMemoryLibOptDxe/OUTPUT/BaseMemoryLibOptDxe.lib(ZeroMemWrapper.obj)
                              UefiLib.obj (symbol from plugin) (ZeroMem)
/home/edk2mtk/edk2-mt6765/workspace/Build/MT6771Pkg/DEBUG_GCC5/AARCH64/MdePkg/Library/BaseMemoryLibOptDxe/BaseMemoryLibOptDxe/OUTPUT/BaseMemoryLibOptDxe.lib(SetMemWrapper.obj)
                              DebugLib.obj (symbol from plugin) (SetMem)
/home/edk2mtk/edk2-mt6765/workspace/Build/MT6771Pkg/DEBUG_GCC5/AARCH64/MdePkg/Library/BaseMemoryLibOptDxe/BaseMemoryLibOptDxe/OUTPUT/BaseMemoryLibOptDxe.lib(CopyMemWrapper.obj)
                              UefiLib.obj (symbol from plugin) (CopyMem)
/home/edk2mtk/edk2-mt6765/workspace/Build/MT6771Pkg/DEBUG_GCC5/AARCH64/MdePkg/Library/BaseMemoryLibOptDxe/BaseMemoryLibOptDxe/OUTPUT/BaseMemoryLibOptDxe.lib(SetMem.obj)
                              ZeroMemWrapper.obj (symbol from plugin) (InternalMemZeroMem)
/home/edk2mtk/edk2-mt6765/workspace/Build/MT6771Pkg/DEBUG_GCC5/AARCH64/MdePkg/Library/BaseMemoryLibOptDxe/BaseMemoryLibOptDxe/OUTPUT/BaseMemoryLibOptDxe.lib(CopyMem.obj)
                              MemLibGuid.obj (symbol from plugin) (InternalMemCopyMem)
/home/edk2mtk/edk2-mt6765/workspace/Build/MT6771Pkg/DEBUG_GCC5/AARCH64/MdePkg/Library/BaseMemoryLibOptDxe/BaseMemoryLibOptDxe/OUTPUT/BaseMemoryLibOptDxe.lib(CompareGuid.obj)
                              MemLibGuid.obj (symbol from plugin) (InternalMemCompareGuid)
/home/edk2mtk/edk2-mt6765/workspace/Build/MT6771Pkg/DEBUG_GCC5/AARCH64/MdePkg/Library/BaseMemoryLibOptDxe/BaseMemoryLibOptDxe/OUTPUT/BaseMemoryLibOptDxe.lib(SetMem64Wrapper.obj)
                              SetMemWrapper.obj (symbol from plugin) (SetMem64)
/home/edk2mtk/edk2-mt6765/workspace/Build/MT6771Pkg/DEBUG_GCC5/AARCH64/MdePkg/Library/BaseLib/BaseLib/OUTPUT/BaseLib.lib(String.obj)
                              UefiLib.obj (symbol from plugin) (StrSize)
/home/edk2mtk/edk2-mt6765/workspace/Build/MT6771Pkg/DEBUG_GCC5/AARCH64/MdePkg/Library/BaseLib/BaseLib/OUTPUT/BaseLib.lib(Unaligned.obj)
                              UefiLib.obj (symbol from plugin) (ReadUnaligned24)
/home/edk2mtk/edk2-mt6765/workspace/Build/MT6771Pkg/DEBUG_GCC5/AARCH64/MdePkg/Library/BaseLib/BaseLib/OUTPUT/BaseLib.lib(RShiftU64.obj)
                              Unaligned.obj (symbol from plugin) (RShiftU64)
/home/edk2mtk/edk2-mt6765/workspace/Build/MT6771Pkg/DEBUG_GCC5/AARCH64/MdePkg/Library/BaseLib/BaseLib/OUTPUT/BaseLib.lib(LShiftU64.obj)
                              Unaligned.obj (symbol from plugin) (LShiftU64)
/home/edk2mtk/edk2-mt6765/workspace/Build/MT6771Pkg/DEBUG_GCC5/AARCH64/MdePkg/Library/BaseLib/BaseLib/OUTPUT/BaseLib.lib(SafeString.obj)
                              String.obj (symbol from plugin) (StrDecimalToUintnS)
/home/edk2mtk/edk2-mt6765/workspace/Build/MT6771Pkg/DEBUG_GCC5/AARCH64/MdePkg/Library/BaseLib/BaseLib/OUTPUT/BaseLib.lib(Math64.obj)
                              LShiftU64.obj (symbol from plugin) (InternalMathLShiftU64)
/home/edk2mtk/edk2-mt6765/workspace/Build/MT6771Pkg/DEBUG_GCC5/AARCH64/MdePkg/Library/BaseLib/BaseLib/OUTPUT/BaseLib.lib(SwapBytes32.obj)
                              SafeString.obj (symbol from plugin) (SwapBytes32)
/home/edk2mtk/edk2-mt6765/workspace/Build/MT6771Pkg/DEBUG_GCC5/AARCH64/MdePkg/Library/BaseLib/BaseLib/OUTPUT/BaseLib.lib(SwapBytes16.obj)
                              SafeString.obj (symbol from plugin) (SwapBytes16)
/home/edk2mtk/edk2-mt6765/workspace/Build/MT6771Pkg/DEBUG_GCC5/AARCH64/MdePkg/Library/BaseLib/BaseLib/OUTPUT/BaseLib.lib(MultU64x32.obj)
                              SafeString.obj (symbol from plugin) (MultU64x32)
/home/edk2mtk/edk2-mt6765/workspace/Build/MT6771Pkg/DEBUG_GCC5/AARCH64/MdePkg/Library/BaseLib/BaseLib/OUTPUT/BaseLib.lib(DivU64x32.obj)
                              SafeString.obj (symbol from plugin) (DivU64x32)
/home/edk2mtk/edk2-mt6765/workspace/Build/MT6771Pkg/DEBUG_GCC5/AARCH64/MdePkg/Library/BaseDebugPrintErrorLevelLib/BaseDebugPrintErrorLevelLib/OUTPUT/BaseDebugPrintErrorLevelLib.lib(BaseDebugPrintErrorLevelLib.obj)
                              DebugLib.obj (symbol from plugin) (GetDebugPrintErrorLevel)
/home/edk2mtk/edk2-mt6765/workspace/Build/MT6771Pkg/DEBUG_GCC5/AARCH64/MdePkg/Library/BasePrintLib/BasePrintLib/OUTPUT/BasePrintLib.lib(PrintLib.obj)
                              DebugLib.obj (symbol from plugin) (AsciiVSPrint)
/home/edk2mtk/edk2-mt6765/workspace/Build/MT6771Pkg/DEBUG_GCC5/AARCH64/MdePkg/Library/BasePrintLib/BasePrintLib/OUTPUT/BasePrintLib.lib(PrintLibInternal.obj)
                              PrintLib.obj (symbol from plugin) (BasePrintLibConvertValueToStringS)
/home/edk2mtk/edk2-mt6765/workspace/Build/MT6771Pkg/DEBUG_GCC5/AARCH64/MT6771Pkg/Library/FrameBufferSerialPortLib/FrameBufferSerialPortLib/OUTPUT/FrameBufferSerialPortLib.lib(FrameBufferSerialPortLib.obj)
                              DebugLib.obj (symbol from plugin) (SerialPortInitialize)
/home/edk2mtk/edk2-mt6765/workspace/Build/MT6771Pkg/DEBUG_GCC5/AARCH64/MdePkg/Library/UefiMemoryAllocationLib/UefiMemoryAllocationLib/OUTPUT/UefiMemoryAllocationLib.lib(MemoryAllocationLib.obj)
                              UefiLib.obj (symbol from plugin) (AllocatePool)
/home/edk2mtk/edk2-mt6765/workspace/Build/MT6771Pkg/DEBUG_GCC5/AARCH64/MdePkg/Library/UefiDevicePathLib/UefiDevicePathLib/OUTPUT/UefiDevicePathLib.lib(DevicePathUtilities.obj)
                              UefiLib.obj (symbol from plugin) (DevicePathType)
/home/edk2mtk/edk2-mt6765/workspace/Build/MT6771Pkg/DEBUG_GCC5/AARCH64/MdePkg/Library/UefiDevicePathLib/UefiDevicePathLib/OUTPUT/UefiDevicePathLib.lib(DevicePathUtilitiesDxeSmm.obj)
                              DevicePathUtilities.obj (symbol from plugin) (DevicePathFromHandle)
/home/edk2mtk/edk2-mt6765/workspace/Build/MT6771Pkg/DEBUG_GCC5/AARCH64/MdePkg/Library/UefiDevicePathLib/UefiDevicePathLib/OUTPUT/UefiDevicePathLib.lib(UefiDevicePathLib.obj)
                              DevicePathUtilities.obj (symbol from plugin) (GetDevicePathSize)
/home/edk2mtk/edk2-mt6765/workspace/Build/MT6771Pkg/DEBUG_GCC5/AARCH64/MdePkg/Library/UefiDevicePathLib/UefiDevicePathLib/OUTPUT/UefiDevicePathLib.lib(DevicePathToText.obj)
                              UefiDevicePathLib.obj (symbol from plugin) (UefiDevicePathLibConvertDeviceNodeToText)
/home/edk2mtk/edk2-mt6765/workspace/Build/MT6771Pkg/DEBUG_GCC5/AARCH64/MdePkg/Library/UefiDevicePathLib/UefiDevicePathLib/OUTPUT/UefiDevicePathLib.lib(DevicePathFromText.obj)
                              UefiDevicePathLib.obj (symbol from plugin) (UefiDevicePathLibConvertTextToDeviceNode)
/home/edk2mtk/edk2-mt6765/workspace/Build/MT6771Pkg/DEBUG_GCC5/AARCH64/MdePkg/Library/BaseLib/BaseLib/OUTPUT/BaseLib.lib(SwapBytes64.obj)
                              DevicePathFromText.obj (symbol from plugin) (SwapBytes64)
/home/edk2mtk/edk2-mt6765/workspace/Build/MT6771Pkg/DEBUG_GCC5/AARCH64/MdePkg/Library/BaseLib/BaseLib/OUTPUT/BaseLib.lib(DivU64x32Remainder.obj)
                              PrintLibInternal.obj (symbol from plugin) (DivU64x32Remainder)
/home/edk2mtk/edk2-mt6765/workspace/Build/MT6771Pkg/DEBUG_GCC5/AARCH64/ArmPkg/Library/ArmLib/ArmBaseLib/OUTPUT/ArmBaseLib.lib(ArmLibSupport.obj)
                              FrameBufferSerialPortLib.obj (symbol from plugin) (ArmGetInterruptState)
/home/edk2mtk/edk2-mt6765/workspace/Build/MT6771Pkg/DEBUG_GCC5/AARCH64/ArmPkg/Library/ArmLib/ArmBaseLib/OUTPUT/ArmBaseLib.lib(ArmLibSupportV8.obj)
                              FrameBufferSerialPortLib.obj (symbol from plugin) (ArmEnableInterrupts)
/home/edk2mtk/edk2-mt6765/workspace/Build/MT6771Pkg/DEBUG_GCC5/AARCH64/ArmPkg/Library/ArmCacheMaintenanceLib/ArmCacheMaintenanceLib/OUTPUT/ArmCacheMaintenanceLib.lib(ArmCacheMaintenanceLib.obj)
                              FrameBufferSerialPortLib.obj (symbol from plugin) (WriteBackInvalidateDataCacheRange)
/home/edk2mtk/edk2-mt6765/workspace/Build/MT6771Pkg/DEBUG_GCC5/AARCH64/ArmPkg/Library/ArmLib/ArmBaseLib/OUTPUT/ArmBaseLib.lib(ArmLib.obj)
                              ArmCacheMaintenanceLib.obj (symbol from plugin) (ArmDataCacheLineLength)
/home/edk2mtk/edk2-mt6765/workspace/Build/MT6771Pkg/DEBUG_GCC5/AARCH64/ArmPkg/Library/ArmLib/ArmBaseLib/OUTPUT/ArmBaseLib.lib(AArch64Support.obj)
                              ArmCacheMaintenanceLib.obj (symbol from plugin) (ArmInvalidateDataCacheEntryByMVA)

Merging object attributes


Merging program properties


Discarded input sections

 .text          0x0000000000000000       0x10 /home/edk2mtk/edk2-mt6765/edk2/ArmPkg/Library/GccLto/liblto-aarch64.a
 .data          0x0000000000000000        0x0 /home/edk2mtk/edk2-mt6765/edk2/ArmPkg/Library/GccLto/liblto-aarch64.a
 .bss           0x0000000000000000        0x0 /home/edk2mtk/edk2-mt6765/edk2/ArmPkg/Library/GccLto/liblto-aarch64.a
 .text          0x0000000000000000        0x0 /tmp/cc9yFSHB.ltrans0.ltrans.o
 .data          0x0000000000000000        0x0 /tmp/cc9yFSHB.ltrans0.ltrans.o
 .bss           0x0000000000000000        0x0 /tmp/cc9yFSHB.ltrans0.ltrans.o
 .text._DriverUnloadHandler
                0x0000000000000000        0x8 /tmp/cc9yFSHB.ltrans0.ltrans.o
 .text.DebugPrintLevelEnabled.constprop.0
                0x0000000000000000        0x8 /tmp/cc9yFSHB.ltrans0.ltrans.o
 .text.DebugAssertEnabled
                0x0000000000000000        0x8 /tmp/cc9yFSHB.ltrans0.ltrans.o
 .text.DebugPrintEnabled
                0x0000000000000000        0x8 /tmp/cc9yFSHB.ltrans0.ltrans.o
 .text.__memset
                0x0000000000000000       0x1c /tmp/cc9yFSHB.ltrans0.ltrans.o
 .comment       0x0000000000000000       0x27 /tmp/cc9yFSHB.ltrans0.ltrans.o
 .note.GNU-stack
                0x0000000000000000        0x0 /tmp/cc9yFSHB.ltrans0.ltrans.o
 .comment       0x0000000000000000       0x27 /tmp/ccZDCdK8.debug.temp.o
 .note.GNU-stack
                0x0000000000000000        0x0 /tmp/ccZDCdK8.debug.temp.o
 .comment       0x0000000000000000       0x27 /tmp/ccJCjqL8.debug.temp.o
 .note.GNU-stack
                0x0000000000000000        0x0 /tmp/ccJCjqL8.debug.temp.o
 .comment       0x0000000000000000       0x27 /tmp/ccanPxLr.debug.temp.o
 .note.GNU-stack
                0x0000000000000000        0x0 /tmp/ccanPxLr.debug.temp.o
 .comment       0x0000000000000000       0x27 /tmp/ccVQAL5N.debug.temp.o
 .note.GNU-stack
                0x0000000000000000        0x0 /tmp/ccVQAL5N.debug.temp.o
 .comment       0x0000000000000000       0x27 /tmp/ccKnlNGm.debug.temp.o
 .note.GNU-stack
                0x0000000000000000        0x0 /tmp/ccKnlNGm.debug.temp.o
 .comment       0x0000000000000000       0x27 /tmp/ccbkbnJQ.debug.temp.o
 .note.GNU-stack
                0x0000000000000000        0x0 /tmp/ccbkbnJQ.debug.temp.o
 .debug_info    0x0000000000000000       0xa3 /tmp/ccmtdiIr.debug.temp.o
 .debug_abbrev  0x0000000000000000       0x76 /tmp/ccmtdiIr.debug.temp.o
 .debug_line    0x0000000000000000       0x4c /tmp/ccmtdiIr.debug.temp.o
 .debug_str     0x0000000000000000      0x244 /tmp/ccmtdiIr.debug.temp.o
 .debug_line_str
                0x0000000000000000      0x174 /tmp/ccmtdiIr.debug.temp.o
 .comment       0x0000000000000000       0x27 /tmp/ccmtdiIr.debug.temp.o
 .note.GNU-stack
                0x0000000000000000        0x0 /tmp/ccmtdiIr.debug.temp.o
 .comment       0x0000000000000000       0x27 /tmp/cclV5AfO.debug.temp.o
 .note.GNU-stack
                0x0000000000000000        0x0 /tmp/cclV5AfO.debug.temp.o
 .comment       0x0000000000000000       0x27 /tmp/cchE2OdV.debug.temp.o
 .note.GNU-stack
                0x0000000000000000        0x0 /tmp/cchE2OdV.debug.temp.o
 .comment       0x0000000000000000       0x27 /tmp/ccjIUHj1.debug.temp.o
 .note.GNU-stack
                0x0000000000000000        0x0 /tmp/ccjIUHj1.debug.temp.o
 .comment       0x0000000000000000       0x27 /tmp/ccD36TO3.debug.temp.o
 .note.GNU-stack
                0x0000000000000000        0x0 /tmp/ccD36TO3.debug.temp.o
 .comment       0x0000000000000000       0x27 /tmp/ccdolXz1.debug.temp.o
 .note.GNU-stack
                0x0000000000000000        0x0 /tmp/ccdolXz1.debug.temp.o
 .comment       0x0000000000000000       0x27 /tmp/ccCBf1J7.debug.temp.o
 .note.GNU-stack
                0x0000000000000000        0x0 /tmp/ccCBf1J7.debug.temp.o
 .debug_info    0x0000000000000000      0x109 /tmp/ccSyze0l.debug.temp.o
 .debug_abbrev  0x0000000000000000       0xbe /tmp/ccSyze0l.debug.temp.o
 .debug_line    0x0000000000000000       0x51 /tmp/ccSyze0l.debug.temp.o
 .debug_str     0x0000000000000000      0x27f /tmp/ccSyze0l.debug.temp.o
 .debug_line_str
                0x0000000000000000      0x1bd /tmp/ccSyze0l.debug.temp.o
 .comment       0x0000000000000000       0x27 /tmp/ccSyze0l.debug.temp.o
 .note.GNU-stack
                0x0000000000000000        0x0 /tmp/ccSyze0l.debug.temp.o
 .debug_info    0x0000000000000000      0x17f /tmp/ccm27bj4.debug.temp.o
 .debug_abbrev  0x0000000000000000       0xd4 /tmp/ccm27bj4.debug.temp.o
 .debug_line    0x0000000000000000       0x56 /tmp/ccm27bj4.debug.temp.o
 .debug_str     0x0000000000000000      0x2a1 /tmp/ccm27bj4.debug.temp.o
 .debug_line_str
                0x0000000000000000      0x1cb /tmp/ccm27bj4.debug.temp.o
 .comment       0x0000000000000000       0x27 /tmp/ccm27bj4.debug.temp.o
 .note.GNU-stack
                0x0000000000000000        0x0 /tmp/ccm27bj4.debug.temp.o
 .debug_info    0x0000000000000000      0x11e /tmp/ccsZtoob.debug.temp.o
 .debug_abbrev  0x0000000000000000       0xc4 /tmp/ccsZtoob.debug.temp.o
 .debug_line    0x0000000000000000       0x51 /tmp/ccsZtoob.debug.temp.o
 .debug_str     0x0000000000000000      0x297 /tmp/ccsZtoob.debug.temp.o
 .debug_line_str
                0x0000000000000000      0x1bd /tmp/ccsZtoob.debug.temp.o
 .comment       0x0000000000000000       0x27 /tmp/ccsZtoob.debug.temp.o
 .note.GNU-stack
                0x0000000000000000        0x0 /tmp/ccsZtoob.debug.temp.o
 .debug_info    0x0000000000000000      0x119 /tmp/cckl19pM.debug.temp.o
 .debug_abbrev  0x0000000000000000       0xbe /tmp/cckl19pM.debug.temp.o
 .debug_line    0x0000000000000000       0x51 /tmp/cckl19pM.debug.temp.o
 .debug_str     0x0000000000000000      0x287 /tmp/cckl19pM.debug.temp.o
 .debug_line_str
                0x0000000000000000      0x1bf /tmp/cckl19pM.debug.temp.o
 .comment       0x0000000000000000       0x27 /tmp/cckl19pM.debug.temp.o
 .note.GNU-stack
                0x0000000000000000        0x0 /tmp/cckl19pM.debug.temp.o
 .comment       0x0000000000000000       0x27 /tmp/cclYWoAg.debug.temp.o
 .note.GNU-stack
                0x0000000000000000        0x0 /tmp/cclYWoAg.debug.temp.o
 .comment       0x0000000000000000       0x27 /tmp/ccOERboj.debug.temp.o
 .note.GNU-stack
                0x0000000000000000        0x0 /tmp/ccOERboj.debug.temp.o
 .debug_info    0x0000000000000000      0x105 /tmp/ccD7AR6Y.debug.temp.o
 .debug_abbrev  0x0000000000000000       0xb8 /tmp/ccD7AR6Y.debug.temp.o
 .debug_line    0x0000000000000000       0x51 /tmp/ccD7AR6Y.debug.temp.o
 .debug_str     0x0000000000000000      0x284 /tmp/ccD7AR6Y.debug.temp.o
 .debug_line_str
                0x0000000000000000      0x184 /tmp/ccD7AR6Y.debug.temp.o
 .comment       0x0000000000000000       0x27 /tmp/ccD7AR6Y.debug.temp.o
 .note.GNU-stack
                0x0000000000000000        0x0 /tmp/ccD7AR6Y.debug.temp.o
 .debug_info    0x0000000000000000      0x105 /tmp/ccclpmXG.debug.temp.o
 .debug_abbrev  0x0000000000000000       0xb8 /tmp/ccclpmXG.debug.temp.o
 .debug_line    0x0000000000000000       0x51 /tmp/ccclpmXG.debug.temp.o
 .debug_str     0x0000000000000000      0x284 /tmp/ccclpmXG.debug.temp.o
 .debug_line_str
                0x0000000000000000      0x184 /tmp/ccclpmXG.debug.temp.o
 .comment       0x0000000000000000       0x27 /tmp/ccclpmXG.debug.temp.o
 .note.GNU-stack
                0x0000000000000000        0x0 /tmp/ccclpmXG.debug.temp.o
 .comment       0x0000000000000000       0x27 /tmp/ccjGGM4X.debug.temp.o
 .note.GNU-stack
                0x0000000000000000        0x0 /tmp/ccjGGM4X.debug.temp.o
 .comment       0x0000000000000000       0x27 /tmp/cceCIjo5.debug.temp.o
 .note.GNU-stack
                0x0000000000000000        0x0 /tmp/cceCIjo5.debug.temp.o
 .debug_info    0x0000000000000000       0xc2 /tmp/ccsenaz8.debug.temp.o
 .debug_abbrev  0x0000000000000000       0x8e /tmp/ccsenaz8.debug.temp.o
 .debug_line    0x0000000000000000       0x4c /tmp/ccsenaz8.debug.temp.o
 .debug_str     0x0000000000000000      0x25f /tmp/ccsenaz8.debug.temp.o
 .debug_line_str
                0x0000000000000000      0x174 /tmp/ccsenaz8.debug.temp.o
 .comment       0x0000000000000000       0x27 /tmp/ccsenaz8.debug.temp.o
 .note.GNU-stack
                0x0000000000000000        0x0 /tmp/ccsenaz8.debug.temp.o
 .debug_info    0x0000000000000000       0x8f /tmp/ccc3H8Yz.debug.temp.o
 .debug_abbrev  0x0000000000000000       0x5d /tmp/ccc3H8Yz.debug.temp.o
 .debug_line    0x0000000000000000       0x43 /tmp/ccc3H8Yz.debug.temp.o
 .debug_str     0x0000000000000000      0x235 /tmp/ccc3H8Yz.debug.temp.o
 .debug_line_str
                0x0000000000000000      0x134 /tmp/ccc3H8Yz.debug.temp.o
 .comment       0x0000000000000000       0x27 /tmp/ccc3H8Yz.debug.temp.o
 .note.GNU-stack
                0x0000000000000000        0x0 /tmp/ccc3H8Yz.debug.temp.o
 .debug_info    0x0000000000000000       0xc6 /tmp/cc0pFvMt.debug.temp.o
 .debug_abbrev  0x0000000000000000       0x8e /tmp/cc0pFvMt.debug.temp.o
 .debug_line    0x0000000000000000       0x48 /tmp/cc0pFvMt.debug.temp.o
 .debug_str     0x0000000000000000      0x26b /tmp/cc0pFvMt.debug.temp.o
 .debug_line_str
                0x0000000000000000      0x145 /tmp/cc0pFvMt.debug.temp.o
 .comment       0x0000000000000000       0x27 /tmp/cc0pFvMt.debug.temp.o
 .note.GNU-stack
                0x0000000000000000        0x0 /tmp/cc0pFvMt.debug.temp.o
 .debug_info    0x0000000000000000      0x110 /tmp/ccftaOtw.debug.temp.o
 .debug_abbrev  0x0000000000000000       0xb8 /tmp/ccftaOtw.debug.temp.o
 .debug_line    0x0000000000000000       0x51 /tmp/ccftaOtw.debug.temp.o
 .debug_str     0x0000000000000000      0x28e /tmp/ccftaOtw.debug.temp.o
 .debug_line_str
                0x0000000000000000      0x184 /tmp/ccftaOtw.debug.temp.o
 .comment       0x0000000000000000       0x27 /tmp/ccftaOtw.debug.temp.o
 .note.GNU-stack
                0x0000000000000000        0x0 /tmp/ccftaOtw.debug.temp.o
 .debug_info    0x0000000000000000       0xb8 /tmp/ccZFF8Bp.debug.temp.o
 .debug_abbrev  0x0000000000000000       0x8e /tmp/ccZFF8Bp.debug.temp.o
 .debug_line    0x0000000000000000       0x4c /tmp/ccZFF8Bp.debug.temp.o
 .debug_str     0x0000000000000000      0x291 /tmp/ccZFF8Bp.debug.temp.o
 .debug_line_str
                0x0000000000000000      0x242 /tmp/ccZFF8Bp.debug.temp.o
 .comment       0x0000000000000000       0x27 /tmp/ccZFF8Bp.debug.temp.o
 .note.GNU-stack
                0x0000000000000000        0x0 /tmp/ccZFF8Bp.debug.temp.o
 .comment       0x0000000000000000       0x27 /tmp/ccaiwQKP.debug.temp.o
 .note.GNU-stack
                0x0000000000000000        0x0 /tmp/ccaiwQKP.debug.temp.o
 .comment       0x0000000000000000       0x27 /tmp/cch3v2zE.debug.temp.o
 .note.GNU-stack
                0x0000000000000000        0x0 /tmp/cch3v2zE.debug.temp.o
 .comment       0x0000000000000000       0x27 /tmp/ccMEh2eh.debug.temp.o
 .note.GNU-stack
                0x0000000000000000        0x0 /tmp/ccMEh2eh.debug.temp.o
 .debug_info    0x0000000000000000     0x135e /tmp/cc1rmsXg.debug.temp.o
 .debug_abbrev  0x0000000000000000      0x271 /tmp/cc1rmsXg.debug.temp.o
 .debug_line    0x0000000000000000       0x7b /tmp/cc1rmsXg.debug.temp.o
 .debug_str     0x0000000000000000      0xf6e /tmp/cc1rmsXg.debug.temp.o
 .debug_line_str
                0x0000000000000000      0x2c7 /tmp/cc1rmsXg.debug.temp.o
 .comment       0x0000000000000000       0x27 /tmp/cc1rmsXg.debug.temp.o
 .note.GNU-stack
                0x0000000000000000        0x0 /tmp/cc1rmsXg.debug.temp.o
 .debug_info    0x0000000000000000      0x6b1 /tmp/ccNf71Qs.debug.temp.o
 .debug_abbrev  0x0000000000000000      0x1ec /tmp/ccNf71Qs.debug.temp.o
 .debug_line    0x0000000000000000       0x7b /tmp/ccNf71Qs.debug.temp.o
 .debug_str     0x0000000000000000      0x6c7 /tmp/ccNf71Qs.debug.temp.o
 .debug_line_str
                0x0000000000000000      0x2fd /tmp/ccNf71Qs.debug.temp.o
 .comment       0x0000000000000000       0x27 /tmp/ccNf71Qs.debug.temp.o
 .note.GNU-stack
                0x0000000000000000        0x0 /tmp/ccNf71Qs.debug.temp.o
 .debug_info    0x0000000000000000      0xe39 /tmp/ccVuTt93.debug.temp.o
 .debug_abbrev  0x0000000000000000      0x19c /tmp/ccVuTt93.debug.temp.o
 .debug_line    0x0000000000000000       0x71 /tmp/ccVuTt93.debug.temp.o
 .debug_str     0x0000000000000000      0xcb1 /tmp/ccVuTt93.debug.temp.o
 .debug_line_str
                0x0000000000000000      0x2a0 /tmp/ccVuTt93.debug.temp.o
 .comment       0x0000000000000000       0x27 /tmp/ccVuTt93.debug.temp.o
 .note.GNU-stack
                0x0000000000000000        0x0 /tmp/ccVuTt93.debug.temp.o
 .debug_info    0x0000000000000000      0x3fc /tmp/ccu2PmGv.debug.temp.o
 .debug_abbrev  0x0000000000000000      0x11a /tmp/ccu2PmGv.debug.temp.o
 .debug_line    0x0000000000000000       0x51 /tmp/ccu2PmGv.debug.temp.o
 .debug_str     0x0000000000000000      0x5e6 /tmp/ccu2PmGv.debug.temp.o
 .debug_line_str
                0x0000000000000000      0x1c0 /tmp/ccu2PmGv.debug.temp.o
 .comment       0x0000000000000000       0x27 /tmp/ccu2PmGv.debug.temp.o
 .note.GNU-stack
                0x0000000000000000        0x0 /tmp/ccu2PmGv.debug.temp.o
 .debug_info    0x0000000000000000     0x25d1 /tmp/ccuiOG1d.debug.temp.o
 .debug_abbrev  0x0000000000000000      0x2c5 /tmp/ccuiOG1d.debug.temp.o
 .debug_line    0x0000000000000000       0xa5 /tmp/ccuiOG1d.debug.temp.o
 .debug_str     0x0000000000000000     0x1490 /tmp/ccuiOG1d.debug.temp.o
 .debug_line_str
                0x0000000000000000      0x3dd /tmp/ccuiOG1d.debug.temp.o
 .comment       0x0000000000000000       0x27 /tmp/ccuiOG1d.debug.temp.o
 .note.GNU-stack
                0x0000000000000000        0x0 /tmp/ccuiOG1d.debug.temp.o
 .debug_info    0x0000000000000000     0x2edc /tmp/ccLVoBi6.debug.temp.o
 .debug_abbrev  0x0000000000000000      0x2aa /tmp/ccLVoBi6.debug.temp.o
 .debug_line    0x0000000000000000       0x9b /tmp/ccLVoBi6.debug.temp.o
 .debug_str     0x0000000000000000     0x1e55 /tmp/ccLVoBi6.debug.temp.o
 .debug_line_str
                0x0000000000000000      0x3cb /tmp/ccLVoBi6.debug.temp.o
 .comment       0x0000000000000000       0x27 /tmp/ccLVoBi6.debug.temp.o
 .note.GNU-stack
                0x0000000000000000        0x0 /tmp/ccLVoBi6.debug.temp.o
 .debug_info    0x0000000000000000       0xa5 /tmp/ccBMyaSt.debug.temp.o
 .debug_abbrev  0x0000000000000000       0x7b /tmp/ccBMyaSt.debug.temp.o
 .debug_line    0x0000000000000000       0x48 /tmp/ccBMyaSt.debug.temp.o
 .debug_str     0x0000000000000000      0x24d /tmp/ccBMyaSt.debug.temp.o
 .debug_line_str
                0x0000000000000000      0x147 /tmp/ccBMyaSt.debug.temp.o
 .comment       0x0000000000000000       0x27 /tmp/ccBMyaSt.debug.temp.o
 .note.GNU-stack
                0x0000000000000000        0x0 /tmp/ccBMyaSt.debug.temp.o
 .comment       0x0000000000000000       0x27 /tmp/ccGAKo5h.debug.temp.o
 .note.GNU-stack
                0x0000000000000000        0x0 /tmp/ccGAKo5h.debug.temp.o
 .comment       0x0000000000000000       0x27 /tmp/cc9Foftg.debug.temp.o
 .note.GNU-stack
                0x0000000000000000        0x0 /tmp/cc9Foftg.debug.temp.o
 .comment       0x0000000000000000       0x27 /tmp/ccLnQMwB.debug.temp.o
 .note.GNU-stack
                0x0000000000000000        0x0 /tmp/ccLnQMwB.debug.temp.o
 .note.gnu.property
                0x0000000000000000        0x0 /tmp/ccLnQMwB.debug.temp.o
 .text          0x0000000000000000       0x30 /home/edk2mtk/edk2-mt6765/workspace/Build/MT6771Pkg/DEBUG_GCC5/AARCH64/MdePkg/Library/BaseLib/BaseLib/OUTPUT/BaseLib.lib(SwitchStack.obj)
 .data          0x0000000000000000        0x0 /home/edk2mtk/edk2-mt6765/workspace/Build/MT6771Pkg/DEBUG_GCC5/AARCH64/MdePkg/Library/BaseLib/BaseLib/OUTPUT/BaseLib.lib(SwitchStack.obj)
 .bss           0x0000000000000000        0x0 /home/edk2mtk/edk2-mt6765/workspace/Build/MT6771Pkg/DEBUG_GCC5/AARCH64/MdePkg/Library/BaseLib/BaseLib/OUTPUT/BaseLib.lib(SwitchStack.obj)
 .text          0x0000000000000000        0x8 /home/edk2mtk/edk2-mt6765/workspace/Build/MT6771Pkg/DEBUG_GCC5/AARCH64/MdePkg/Library/BaseLib/BaseLib/OUTPUT/BaseLib.lib(CpuBreakpoint.obj)
 .data          0x0000000000000000        0x0 /home/edk2mtk/edk2-mt6765/workspace/Build/MT6771Pkg/DEBUG_GCC5/AARCH64/MdePkg/Library/BaseLib/BaseLib/OUTPUT/BaseLib.lib(CpuBreakpoint.obj)
 .bss           0x0000000000000000        0x0 /home/edk2mtk/edk2-mt6765/workspace/Build/MT6771Pkg/DEBUG_GCC5/AARCH64/MdePkg/Library/BaseLib/BaseLib/OUTPUT/BaseLib.lib(CpuBreakpoint.obj)
 .text          0x0000000000000000      0x200 /home/edk2mtk/edk2-mt6765/workspace/Build/MT6771Pkg/DEBUG_GCC5/AARCH64/MdePkg/Library/BaseMemoryLibOptDxe/BaseMemoryLibOptDxe/OUTPUT/BaseMemoryLibOptDxe.lib(SetMem.obj)
 .data          0x0000000000000000        0x0 /home/edk2mtk/edk2-mt6765/workspace/Build/MT6771Pkg/DEBUG_GCC5/AARCH64/MdePkg/Library/BaseMemoryLibOptDxe/BaseMemoryLibOptDxe/OUTPUT/BaseMemoryLibOptDxe.lib(SetMem.obj)
 .bss           0x0000000000000000        0x0 /home/edk2mtk/edk2-mt6765/workspace/Build/MT6771Pkg/DEBUG_GCC5/AARCH64/MdePkg/Library/BaseMemoryLibOptDxe/BaseMemoryLibOptDxe/OUTPUT/BaseMemoryLibOptDxe.lib(SetMem.obj)
 .text          0x0000000000000000      0x218 /home/edk2mtk/edk2-mt6765/workspace/Build/MT6771Pkg/DEBUG_GCC5/AARCH64/MdePkg/Library/BaseMemoryLibOptDxe/BaseMemoryLibOptDxe/OUTPUT/BaseMemoryLibOptDxe.lib(CopyMem.obj)
 .data          0x0000000000000000        0x0 /home/edk2mtk/edk2-mt6765/workspace/Build/MT6771Pkg/DEBUG_GCC5/AARCH64/MdePkg/Library/BaseMemoryLibOptDxe/BaseMemoryLibOptDxe/OUTPUT/BaseMemoryLibOptDxe.lib(CopyMem.obj)
 .bss           0x0000000000000000        0x0 /home/edk2mtk/edk2-mt6765/workspace/Build/MT6771Pkg/DEBUG_GCC5/AARCH64/MdePkg/Library/BaseMemoryLibOptDxe/BaseMemoryLibOptDxe/OUTPUT/BaseMemoryLibOptDxe.lib(CopyMem.obj)
 .data          0x0000000000000000        0x0 /home/edk2mtk/edk2-mt6765/workspace/Build/MT6771Pkg/DEBUG_GCC5/AARCH64/MdePkg/Library/BaseMemoryLibOptDxe/BaseMemoryLibOptDxe/OUTPUT/BaseMemoryLibOptDxe.lib(CompareGuid.obj)
 .bss           0x0000000000000000        0x0 /home/edk2mtk/edk2-mt6765/workspace/Build/MT6771Pkg/DEBUG_GCC5/AARCH64/MdePkg/Library/BaseMemoryLibOptDxe/BaseMemoryLibOptDxe/OUTPUT/BaseMemoryLibOptDxe.lib(CompareGuid.obj)
 .text          0x0000000000000000        0x0 /home/edk2mtk/edk2-mt6765/workspace/Build/MT6771Pkg/DEBUG_GCC5/AARCH64/ArmPkg/Library/ArmLib/ArmBaseLib/OUTPUT/ArmBaseLib.lib(ArmLibSupport.obj)
 .data          0x0000000000000000        0x0 /home/edk2mtk/edk2-mt6765/workspace/Build/MT6771Pkg/DEBUG_GCC5/AARCH64/ArmPkg/Library/ArmLib/ArmBaseLib/OUTPUT/ArmBaseLib.lib(ArmLibSupport.obj)
 .bss           0x0000000000000000        0x0 /home/edk2mtk/edk2-mt6765/workspace/Build/MT6771Pkg/DEBUG_GCC5/AARCH64/ArmPkg/Library/ArmLib/ArmBaseLib/OUTPUT/ArmBaseLib.lib(ArmLibSupport.obj)
 .text.ArmReadMidr
                0x0000000000000000        0x8 /home/edk2mtk/edk2-mt6765/workspace/Build/MT6771Pkg/DEBUG_GCC5/AARCH64/ArmPkg/Library/ArmLib/ArmBaseLib/OUTPUT/ArmBaseLib.lib(ArmLibSupport.obj)
 .text.ArmGetFiqState
                0x0000000000000000       0x10 /home/edk2mtk/edk2-mt6765/workspace/Build/MT6771Pkg/DEBUG_GCC5/AARCH64/ArmPkg/Library/ArmLib/ArmBaseLib/OUTPUT/ArmBaseLib.lib(ArmLibSupport.obj)
 .text.ArmWriteCpacr
                0x0000000000000000        0x8 /home/edk2mtk/edk2-mt6765/workspace/Build/MT6771Pkg/DEBUG_GCC5/AARCH64/ArmPkg/Library/ArmLib/ArmBaseLib/OUTPUT/ArmBaseLib.lib(ArmLibSupport.obj)
 .text.ArmWriteAuxCr
                0x0000000000000000       0x28 /home/edk2mtk/edk2-mt6765/workspace/Build/MT6771Pkg/DEBUG_GCC5/AARCH64/ArmPkg/Library/ArmLib/ArmBaseLib/OUTPUT/ArmBaseLib.lib(ArmLibSupport.obj)
 .text.ArmReadAuxCr
                0x0000000000000000       0x28 /home/edk2mtk/edk2-mt6765/workspace/Build/MT6771Pkg/DEBUG_GCC5/AARCH64/ArmPkg/Library/ArmLib/ArmBaseLib/OUTPUT/ArmBaseLib.lib(ArmLibSupport.obj)
 .text.ArmSetTTBR0
                0x0000000000000000       0x34 /home/edk2mtk/edk2-mt6765/workspace/Build/MT6771Pkg/DEBUG_GCC5/AARCH64/ArmPkg/Library/ArmLib/ArmBaseLib/OUTPUT/ArmBaseLib.lib(ArmLibSupport.obj)
 .text.ArmGetTTBR0BaseAddress
                0x0000000000000000       0x30 /home/edk2mtk/edk2-mt6765/workspace/Build/MT6771Pkg/DEBUG_GCC5/AARCH64/ArmPkg/Library/ArmLib/ArmBaseLib/OUTPUT/ArmBaseLib.lib(ArmLibSupport.obj)
 .text.ArmGetTCR
                0x0000000000000000       0x34 /home/edk2mtk/edk2-mt6765/workspace/Build/MT6771Pkg/DEBUG_GCC5/AARCH64/ArmPkg/Library/ArmLib/ArmBaseLib/OUTPUT/ArmBaseLib.lib(ArmLibSupport.obj)
 .text.ArmSetTCR
                0x0000000000000000       0x34 /home/edk2mtk/edk2-mt6765/workspace/Build/MT6771Pkg/DEBUG_GCC5/AARCH64/ArmPkg/Library/ArmLib/ArmBaseLib/OUTPUT/ArmBaseLib.lib(ArmLibSupport.obj)
 .text.ArmGetMAIR
                0x0000000000000000       0x34 /home/edk2mtk/edk2-mt6765/workspace/Build/MT6771Pkg/DEBUG_GCC5/AARCH64/ArmPkg/Library/ArmLib/ArmBaseLib/OUTPUT/ArmBaseLib.lib(ArmLibSupport.obj)
 .text.ArmSetMAIR
                0x0000000000000000       0x34 /home/edk2mtk/edk2-mt6765/workspace/Build/MT6771Pkg/DEBUG_GCC5/AARCH64/ArmPkg/Library/ArmLib/ArmBaseLib/OUTPUT/ArmBaseLib.lib(ArmLibSupport.obj)
 .text.ArmUpdateTranslationTableEntry
                0x0000000000000000       0x54 /home/edk2mtk/edk2-mt6765/workspace/Build/MT6771Pkg/DEBUG_GCC5/AARCH64/ArmPkg/Library/ArmLib/ArmBaseLib/OUTPUT/ArmBaseLib.lib(ArmLibSupport.obj)
 .text.ArmInvalidateTlb
                0x0000000000000000       0x38 /home/edk2mtk/edk2-mt6765/workspace/Build/MT6771Pkg/DEBUG_GCC5/AARCH64/ArmPkg/Library/ArmLib/ArmBaseLib/OUTPUT/ArmBaseLib.lib(ArmLibSupport.obj)
 .text.ArmWriteCptr
                0x0000000000000000        0x8 /home/edk2mtk/edk2-mt6765/workspace/Build/MT6771Pkg/DEBUG_GCC5/AARCH64/ArmPkg/Library/ArmLib/ArmBaseLib/OUTPUT/ArmBaseLib.lib(ArmLibSupport.obj)
 .text.ArmWriteScr
                0x0000000000000000        0xc /home/edk2mtk/edk2-mt6765/workspace/Build/MT6771Pkg/DEBUG_GCC5/AARCH64/ArmPkg/Library/ArmLib/ArmBaseLib/OUTPUT/ArmBaseLib.lib(ArmLibSupport.obj)
 .text.ArmWriteMVBar
                0x0000000000000000        0x8 /home/edk2mtk/edk2-mt6765/workspace/Build/MT6771Pkg/DEBUG_GCC5/AARCH64/ArmPkg/Library/ArmLib/ArmBaseLib/OUTPUT/ArmBaseLib.lib(ArmLibSupport.obj)
 .text.ArmCallWFE
                0x0000000000000000        0x8 /home/edk2mtk/edk2-mt6765/workspace/Build/MT6771Pkg/DEBUG_GCC5/AARCH64/ArmPkg/Library/ArmLib/ArmBaseLib/OUTPUT/ArmBaseLib.lib(ArmLibSupport.obj)
 .text.ArmCallSEV
                0x0000000000000000        0x8 /home/edk2mtk/edk2-mt6765/workspace/Build/MT6771Pkg/DEBUG_GCC5/AARCH64/ArmPkg/Library/ArmLib/ArmBaseLib/OUTPUT/ArmBaseLib.lib(ArmLibSupport.obj)
 .text.ArmReadCpuActlr
                0x0000000000000000        0x8 /home/edk2mtk/edk2-mt6765/workspace/Build/MT6771Pkg/DEBUG_GCC5/AARCH64/ArmPkg/Library/ArmLib/ArmBaseLib/OUTPUT/ArmBaseLib.lib(ArmLibSupport.obj)
 .text.ArmWriteCpuActlr
                0x0000000000000000       0x10 /home/edk2mtk/edk2-mt6765/workspace/Build/MT6771Pkg/DEBUG_GCC5/AARCH64/ArmPkg/Library/ArmLib/ArmBaseLib/OUTPUT/ArmBaseLib.lib(ArmLibSupport.obj)
 .text.ArmReadSctlr
                0x0000000000000000       0x30 /home/edk2mtk/edk2-mt6765/workspace/Build/MT6771Pkg/DEBUG_GCC5/AARCH64/ArmPkg/Library/ArmLib/ArmBaseLib/OUTPUT/ArmBaseLib.lib(ArmLibSupport.obj)
 .text.ArmWriteSctlr
                0x0000000000000000       0x30 /home/edk2mtk/edk2-mt6765/workspace/Build/MT6771Pkg/DEBUG_GCC5/AARCH64/ArmPkg/Library/ArmLib/ArmBaseLib/OUTPUT/ArmBaseLib.lib(ArmLibSupport.obj)
 .text.ArmGetPhysicalAddressBits
                0x0000000000000000       0x24 /home/edk2mtk/edk2-mt6765/workspace/Build/MT6771Pkg/DEBUG_GCC5/AARCH64/ArmPkg/Library/ArmLib/ArmBaseLib/OUTPUT/ArmBaseLib.lib(ArmLibSupport.obj)
 .text          0x0000000000000000        0x0 /home/edk2mtk/edk2-mt6765/workspace/Build/MT6771Pkg/DEBUG_GCC5/AARCH64/ArmPkg/Library/ArmLib/ArmBaseLib/OUTPUT/ArmBaseLib.lib(ArmLibSupportV8.obj)
 .data          0x0000000000000000        0x0 /home/edk2mtk/edk2-mt6765/workspace/Build/MT6771Pkg/DEBUG_GCC5/AARCH64/ArmPkg/Library/ArmLib/ArmBaseLib/OUTPUT/ArmBaseLib.lib(ArmLibSupportV8.obj)
 .bss           0x0000000000000000        0x0 /home/edk2mtk/edk2-mt6765/workspace/Build/MT6771Pkg/DEBUG_GCC5/AARCH64/ArmPkg/Library/ArmLib/ArmBaseLib/OUTPUT/ArmBaseLib.lib(ArmLibSupportV8.obj)
 .text.ArmIsMpCore
                0x0000000000000000       0x14 /home/edk2mtk/edk2-mt6765/workspace/Build/MT6771Pkg/DEBUG_GCC5/AARCH64/ArmPkg/Library/ArmLib/ArmBaseLib/OUTPUT/ArmBaseLib.lib(ArmLibSupportV8.obj)
 .text.ArmEnableAsynchronousAbort
                0x0000000000000000        0xc /home/edk2mtk/edk2-mt6765/workspace/Build/MT6771Pkg/DEBUG_GCC5/AARCH64/ArmPkg/Library/ArmLib/ArmBaseLib/OUTPUT/ArmBaseLib.lib(ArmLibSupportV8.obj)
 .text.ArmDisableAsynchronousAbort
                0x0000000000000000        0xc /home/edk2mtk/edk2-mt6765/workspace/Build/MT6771Pkg/DEBUG_GCC5/AARCH64/ArmPkg/Library/ArmLib/ArmBaseLib/OUTPUT/ArmBaseLib.lib(ArmLibSupportV8.obj)
 .text.ArmEnableIrq
                0x0000000000000000        0xc /home/edk2mtk/edk2-mt6765/workspace/Build/MT6771Pkg/DEBUG_GCC5/AARCH64/ArmPkg/Library/ArmLib/ArmBaseLib/OUTPUT/ArmBaseLib.lib(ArmLibSupportV8.obj)
 .text.ArmDisableIrq
                0x0000000000000000        0xc /home/edk2mtk/edk2-mt6765/workspace/Build/MT6771Pkg/DEBUG_GCC5/AARCH64/ArmPkg/Library/ArmLib/ArmBaseLib/OUTPUT/ArmBaseLib.lib(ArmLibSupportV8.obj)
 .text.ArmEnableFiq
                0x0000000000000000        0xc /home/edk2mtk/edk2-mt6765/workspace/Build/MT6771Pkg/DEBUG_GCC5/AARCH64/ArmPkg/Library/ArmLib/ArmBaseLib/OUTPUT/ArmBaseLib.lib(ArmLibSupportV8.obj)
 .text.ArmDisableFiq
                0x0000000000000000        0xc /home/edk2mtk/edk2-mt6765/workspace/Build/MT6771Pkg/DEBUG_GCC5/AARCH64/ArmPkg/Library/ArmLib/ArmBaseLib/OUTPUT/ArmBaseLib.lib(ArmLibSupportV8.obj)
 .text.ArmDisableAllExceptions
                0x0000000000000000        0xc /home/edk2mtk/edk2-mt6765/workspace/Build/MT6771Pkg/DEBUG_GCC5/AARCH64/ArmPkg/Library/ArmLib/ArmBaseLib/OUTPUT/ArmBaseLib.lib(ArmLibSupportV8.obj)
 .text.ReadCCSIDR
                0x0000000000000000       0x10 /home/edk2mtk/edk2-mt6765/workspace/Build/MT6771Pkg/DEBUG_GCC5/AARCH64/ArmPkg/Library/ArmLib/ArmBaseLib/OUTPUT/ArmBaseLib.lib(ArmLibSupportV8.obj)
 .text.ReadCLIDR
                0x0000000000000000        0x8 /home/edk2mtk/edk2-mt6765/workspace/Build/MT6771Pkg/DEBUG_GCC5/AARCH64/ArmPkg/Library/ArmLib/ArmBaseLib/OUTPUT/ArmBaseLib.lib(ArmLibSupportV8.obj)
 .text          0x0000000000000000        0x0 /home/edk2mtk/edk2-mt6765/workspace/Build/MT6771Pkg/DEBUG_GCC5/AARCH64/ArmPkg/Library/ArmLib/ArmBaseLib/OUTPUT/ArmBaseLib.lib(AArch64Support.obj)
 .data          0x0000000000000000        0x0 /home/edk2mtk/edk2-mt6765/workspace/Build/MT6771Pkg/DEBUG_GCC5/AARCH64/ArmPkg/Library/ArmLib/ArmBaseLib/OUTPUT/ArmBaseLib.lib(AArch64Support.obj)
 .bss           0x0000000000000000        0x0 /home/edk2mtk/edk2-mt6765/workspace/Build/MT6771Pkg/DEBUG_GCC5/AARCH64/ArmPkg/Library/ArmLib/ArmBaseLib/OUTPUT/ArmBaseLib.lib(AArch64Support.obj)
 .text.ArmInvalidateDataCacheEntryByMVA
                0x0000000000000000        0x8 /home/edk2mtk/edk2-mt6765/workspace/Build/MT6771Pkg/DEBUG_GCC5/AARCH64/ArmPkg/Library/ArmLib/ArmBaseLib/OUTPUT/ArmBaseLib.lib(AArch64Support.obj)
 .text.ArmCleanDataCacheEntryByMVA
                0x0000000000000000        0x8 /home/edk2mtk/edk2-mt6765/workspace/Build/MT6771Pkg/DEBUG_GCC5/AARCH64/ArmPkg/Library/ArmLib/ArmBaseLib/OUTPUT/ArmBaseLib.lib(AArch64Support.obj)
 .text.ArmCleanDataCacheEntryToPoUByMVA
                0x0000000000000000        0x8 /home/edk2mtk/edk2-mt6765/workspace/Build/MT6771Pkg/DEBUG_GCC5/AARCH64/ArmPkg/Library/ArmLib/ArmBaseLib/OUTPUT/ArmBaseLib.lib(AArch64Support.obj)
 .text.ArmInvalidateInstructionCacheEntryToPoUByMVA
                0x0000000000000000        0x8 /home/edk2mtk/edk2-mt6765/workspace/Build/MT6771Pkg/DEBUG_GCC5/AARCH64/ArmPkg/Library/ArmLib/ArmBaseLib/OUTPUT/ArmBaseLib.lib(AArch64Support.obj)
 .text.ArmInvalidateDataCacheEntryBySetWay
                0x0000000000000000        0x8 /home/edk2mtk/edk2-mt6765/workspace/Build/MT6771Pkg/DEBUG_GCC5/AARCH64/ArmPkg/Library/ArmLib/ArmBaseLib/OUTPUT/ArmBaseLib.lib(AArch64Support.obj)
 .text.ArmCleanInvalidateDataCacheEntryBySetWay
                0x0000000000000000        0x8 /home/edk2mtk/edk2-mt6765/workspace/Build/MT6771Pkg/DEBUG_GCC5/AARCH64/ArmPkg/Library/ArmLib/ArmBaseLib/OUTPUT/ArmBaseLib.lib(AArch64Support.obj)
 .text.ArmCleanDataCacheEntryBySetWay
                0x0000000000000000        0x8 /home/edk2mtk/edk2-mt6765/workspace/Build/MT6771Pkg/DEBUG_GCC5/AARCH64/ArmPkg/Library/ArmLib/ArmBaseLib/OUTPUT/ArmBaseLib.lib(AArch64Support.obj)
 .text.ArmInvalidateInstructionCache
                0x0000000000000000       0x10 /home/edk2mtk/edk2-mt6765/workspace/Build/MT6771Pkg/DEBUG_GCC5/AARCH64/ArmPkg/Library/ArmLib/ArmBaseLib/OUTPUT/ArmBaseLib.lib(AArch64Support.obj)
 .text.ArmEnableMmu
                0x0000000000000000       0x88 /home/edk2mtk/edk2-mt6765/workspace/Build/MT6771Pkg/DEBUG_GCC5/AARCH64/ArmPkg/Library/ArmLib/ArmBaseLib/OUTPUT/ArmBaseLib.lib(AArch64Support.obj)
 .text.ArmDisableMmu
                0x0000000000000000       0x74 /home/edk2mtk/edk2-mt6765/workspace/Build/MT6771Pkg/DEBUG_GCC5/AARCH64/ArmPkg/Library/ArmLib/ArmBaseLib/OUTPUT/ArmBaseLib.lib(AArch64Support.obj)
 .text.ArmDisableCachesAndMmu
                0x0000000000000000       0x6c /home/edk2mtk/edk2-mt6765/workspace/Build/MT6771Pkg/DEBUG_GCC5/AARCH64/ArmPkg/Library/ArmLib/ArmBaseLib/OUTPUT/ArmBaseLib.lib(AArch64Support.obj)
 .text.ArmMmuEnabled
                0x0000000000000000       0x34 /home/edk2mtk/edk2-mt6765/workspace/Build/MT6771Pkg/DEBUG_GCC5/AARCH64/ArmPkg/Library/ArmLib/ArmBaseLib/OUTPUT/ArmBaseLib.lib(AArch64Support.obj)
 .text.ArmEnableDataCache
                0x0000000000000000       0x68 /home/edk2mtk/edk2-mt6765/workspace/Build/MT6771Pkg/DEBUG_GCC5/AARCH64/ArmPkg/Library/ArmLib/ArmBaseLib/OUTPUT/ArmBaseLib.lib(AArch64Support.obj)
 .text.ArmDisableDataCache
                0x0000000000000000       0x68 /home/edk2mtk/edk2-mt6765/workspace/Build/MT6771Pkg/DEBUG_GCC5/AARCH64/ArmPkg/Library/ArmLib/ArmBaseLib/OUTPUT/ArmBaseLib.lib(AArch64Support.obj)
 .text.ArmEnableInstructionCache
                0x0000000000000000       0x68 /home/edk2mtk/edk2-mt6765/workspace/Build/MT6771Pkg/DEBUG_GCC5/AARCH64/ArmPkg/Library/ArmLib/ArmBaseLib/OUTPUT/ArmBaseLib.lib(AArch64Support.obj)
 .text.ArmDisableInstructionCache
                0x0000000000000000       0x68 /home/edk2mtk/edk2-mt6765/workspace/Build/MT6771Pkg/DEBUG_GCC5/AARCH64/ArmPkg/Library/ArmLib/ArmBaseLib/OUTPUT/ArmBaseLib.lib(AArch64Support.obj)
 .text.ArmEnableAlignmentCheck
                0x0000000000000000       0x58 /home/edk2mtk/edk2-mt6765/workspace/Build/MT6771Pkg/DEBUG_GCC5/AARCH64/ArmPkg/Library/ArmLib/ArmBaseLib/OUTPUT/ArmBaseLib.lib(AArch64Support.obj)
 .text.ArmDisableAlignmentCheck
                0x0000000000000000       0x68 /home/edk2mtk/edk2-mt6765/workspace/Build/MT6771Pkg/DEBUG_GCC5/AARCH64/ArmPkg/Library/ArmLib/ArmBaseLib/OUTPUT/ArmBaseLib.lib(AArch64Support.obj)
 .text.ArmEnableStackAlignmentCheck
                0x0000000000000000       0x58 /home/edk2mtk/edk2-mt6765/workspace/Build/MT6771Pkg/DEBUG_GCC5/AARCH64/ArmPkg/Library/ArmLib/ArmBaseLib/OUTPUT/ArmBaseLib.lib(AArch64Support.obj)
 .text.ArmDisableStackAlignmentCheck
                0x0000000000000000       0x68 /home/edk2mtk/edk2-mt6765/workspace/Build/MT6771Pkg/DEBUG_GCC5/AARCH64/ArmPkg/Library/ArmLib/ArmBaseLib/OUTPUT/ArmBaseLib.lib(AArch64Support.obj)
 .text.ArmEnableBranchPrediction
                0x0000000000000000        0x4 /home/edk2mtk/edk2-mt6765/workspace/Build/MT6771Pkg/DEBUG_GCC5/AARCH64/ArmPkg/Library/ArmLib/ArmBaseLib/OUTPUT/ArmBaseLib.lib(AArch64Support.obj)
 .text.ArmDisableBranchPrediction
                0x0000000000000000        0x4 /home/edk2mtk/edk2-mt6765/workspace/Build/MT6771Pkg/DEBUG_GCC5/AARCH64/ArmPkg/Library/ArmLib/ArmBaseLib/OUTPUT/ArmBaseLib.lib(AArch64Support.obj)
 .text.AArch64AllDataCachesOperation
                0x0000000000000000       0xa8 /home/edk2mtk/edk2-mt6765/workspace/Build/MT6771Pkg/DEBUG_GCC5/AARCH64/ArmPkg/Library/ArmLib/ArmBaseLib/OUTPUT/ArmBaseLib.lib(AArch64Support.obj)
 .text.ArmDataMemoryBarrier
                0x0000000000000000        0x8 /home/edk2mtk/edk2-mt6765/workspace/Build/MT6771Pkg/DEBUG_GCC5/AARCH64/ArmPkg/Library/ArmLib/ArmBaseLib/OUTPUT/ArmBaseLib.lib(AArch64Support.obj)
 .text.ArmInstructionSynchronizationBarrier
                0x0000000000000000        0x8 /home/edk2mtk/edk2-mt6765/workspace/Build/MT6771Pkg/DEBUG_GCC5/AARCH64/ArmPkg/Library/ArmLib/ArmBaseLib/OUTPUT/ArmBaseLib.lib(AArch64Support.obj)
 .text.ArmWriteVBar
                0x0000000000000000       0x34 /home/edk2mtk/edk2-mt6765/workspace/Build/MT6771Pkg/DEBUG_GCC5/AARCH64/ArmPkg/Library/ArmLib/ArmBaseLib/OUTPUT/ArmBaseLib.lib(AArch64Support.obj)
 .text.ArmReadVBar
                0x0000000000000000       0x30 /home/edk2mtk/edk2-mt6765/workspace/Build/MT6771Pkg/DEBUG_GCC5/AARCH64/ArmPkg/Library/ArmLib/ArmBaseLib/OUTPUT/ArmBaseLib.lib(AArch64Support.obj)
 .text.ArmEnableVFP
                0x0000000000000000       0x64 /home/edk2mtk/edk2-mt6765/workspace/Build/MT6771Pkg/DEBUG_GCC5/AARCH64/ArmPkg/Library/ArmLib/ArmBaseLib/OUTPUT/ArmBaseLib.lib(AArch64Support.obj)
 .text.ArmCallWFI
                0x0000000000000000        0x8 /home/edk2mtk/edk2-mt6765/workspace/Build/MT6771Pkg/DEBUG_GCC5/AARCH64/ArmPkg/Library/ArmLib/ArmBaseLib/OUTPUT/ArmBaseLib.lib(AArch64Support.obj)
 .text.ArmReadIdAA64Mmfr2
                0x0000000000000000        0x8 /home/edk2mtk/edk2-mt6765/workspace/Build/MT6771Pkg/DEBUG_GCC5/AARCH64/ArmPkg/Library/ArmLib/ArmBaseLib/OUTPUT/ArmBaseLib.lib(AArch64Support.obj)
 .text.ArmReadMpidr
                0x0000000000000000        0x8 /home/edk2mtk/edk2-mt6765/workspace/Build/MT6771Pkg/DEBUG_GCC5/AARCH64/ArmPkg/Library/ArmLib/ArmBaseLib/OUTPUT/ArmBaseLib.lib(AArch64Support.obj)
 .text.ArmReadTpidrurw
                0x0000000000000000        0x8 /home/edk2mtk/edk2-mt6765/workspace/Build/MT6771Pkg/DEBUG_GCC5/AARCH64/ArmPkg/Library/ArmLib/ArmBaseLib/OUTPUT/ArmBaseLib.lib(AArch64Support.obj)
 .text.ArmWriteTpidrurw
                0x0000000000000000        0x8 /home/edk2mtk/edk2-mt6765/workspace/Build/MT6771Pkg/DEBUG_GCC5/AARCH64/ArmPkg/Library/ArmLib/ArmBaseLib/OUTPUT/ArmBaseLib.lib(AArch64Support.obj)
 .text.ArmIsArchTimerImplemented
                0x0000000000000000        0x8 /home/edk2mtk/edk2-mt6765/workspace/Build/MT6771Pkg/DEBUG_GCC5/AARCH64/ArmPkg/Library/ArmLib/ArmBaseLib/OUTPUT/ArmBaseLib.lib(AArch64Support.obj)
 .text.ArmReadIdAA64Pfr0
                0x0000000000000000        0x8 /home/edk2mtk/edk2-mt6765/workspace/Build/MT6771Pkg/DEBUG_GCC5/AARCH64/ArmPkg/Library/ArmLib/ArmBaseLib/OUTPUT/ArmBaseLib.lib(AArch64Support.obj)
 .text.ArmWriteHcr
                0x0000000000000000        0x8 /home/edk2mtk/edk2-mt6765/workspace/Build/MT6771Pkg/DEBUG_GCC5/AARCH64/ArmPkg/Library/ArmLib/ArmBaseLib/OUTPUT/ArmBaseLib.lib(AArch64Support.obj)
 .text.ArmReadHcr
                0x0000000000000000        0x8 /home/edk2mtk/edk2-mt6765/workspace/Build/MT6771Pkg/DEBUG_GCC5/AARCH64/ArmPkg/Library/ArmLib/ArmBaseLib/OUTPUT/ArmBaseLib.lib(AArch64Support.obj)
 .text.ArmReadCurrentEL
                0x0000000000000000        0x8 /home/edk2mtk/edk2-mt6765/workspace/Build/MT6771Pkg/DEBUG_GCC5/AARCH64/ArmPkg/Library/ArmLib/ArmBaseLib/OUTPUT/ArmBaseLib.lib(AArch64Support.obj)
 .text.ArmReadCntHctl
                0x0000000000000000        0x8 /home/edk2mtk/edk2-mt6765/workspace/Build/MT6771Pkg/DEBUG_GCC5/AARCH64/ArmPkg/Library/ArmLib/ArmBaseLib/OUTPUT/ArmBaseLib.lib(AArch64Support.obj)
 .text.ArmWriteCntHctl
                0x0000000000000000        0x8 /home/edk2mtk/edk2-mt6765/workspace/Build/MT6771Pkg/DEBUG_GCC5/AARCH64/ArmPkg/Library/ArmLib/ArmBaseLib/OUTPUT/ArmBaseLib.lib(AArch64Support.obj)

Memory Configuration

Name             Origin             Length             Attributes
*default*        0x0000000000000000 0xffffffffffffffff

Linker script and memory map

LOAD /home/edk2mtk/edk2-mt6765/edk2/ArmPkg/Library/GccLto/liblto-aarch64.a
START GROUP
LOAD /tmp/cc9yFSHB.ltrans0.ltrans.o
LOAD /tmp/ccZDCdK8.debug.temp.o
LOAD /tmp/ccJCjqL8.debug.temp.o
LOAD /tmp/ccanPxLr.debug.temp.o
LOAD /tmp/ccVQAL5N.debug.temp.o
LOAD /tmp/ccKnlNGm.debug.temp.o
LOAD /tmp/ccbkbnJQ.debug.temp.o
LOAD /tmp/ccmtdiIr.debug.temp.o
LOAD /tmp/cclV5AfO.debug.temp.o
LOAD /tmp/cchE2OdV.debug.temp.o
LOAD /tmp/ccjIUHj1.debug.temp.o
LOAD /tmp/ccD36TO3.debug.temp.o
LOAD /tmp/ccdolXz1.debug.temp.o
LOAD /tmp/ccCBf1J7.debug.temp.o
LOAD /tmp/ccSyze0l.debug.temp.o
LOAD /tmp/ccm27bj4.debug.temp.o
LOAD /tmp/ccsZtoob.debug.temp.o
LOAD /tmp/cckl19pM.debug.temp.o
LOAD /tmp/cclYWoAg.debug.temp.o
LOAD /tmp/ccOERboj.debug.temp.o
LOAD /tmp/ccD7AR6Y.debug.temp.o
LOAD /tmp/ccclpmXG.debug.temp.o
LOAD /tmp/ccjGGM4X.debug.temp.o
LOAD /tmp/cceCIjo5.debug.temp.o
LOAD /tmp/ccsenaz8.debug.temp.o
LOAD /tmp/ccc3H8Yz.debug.temp.o
LOAD /tmp/cc0pFvMt.debug.temp.o
LOAD /tmp/ccftaOtw.debug.temp.o
LOAD /tmp/ccZFF8Bp.debug.temp.o
LOAD /tmp/ccaiwQKP.debug.temp.o
LOAD /tmp/cch3v2zE.debug.temp.o
LOAD /tmp/ccMEh2eh.debug.temp.o
LOAD /tmp/cc1rmsXg.debug.temp.o
LOAD /tmp/ccNf71Qs.debug.temp.o
LOAD /tmp/ccVuTt93.debug.temp.o
LOAD /tmp/ccu2PmGv.debug.temp.o
LOAD /tmp/ccuiOG1d.debug.temp.o
LOAD /tmp/ccLVoBi6.debug.temp.o
LOAD /tmp/ccBMyaSt.debug.temp.o
LOAD /tmp/ccGAKo5h.debug.temp.o
LOAD /tmp/cc9Foftg.debug.temp.o
LOAD /tmp/ccLnQMwB.debug.temp.o
LOAD /home/edk2mtk/edk2-mt6765/workspace/Build/MT6771Pkg/DEBUG_GCC5/AARCH64/MT6771Pkg/Drivers/LogoDxe/LogoDxe/OUTPUT/LogoDxe.lib
LOAD /home/edk2mtk/edk2-mt6765/workspace/Build/MT6771Pkg/DEBUG_GCC5/AARCH64/MdePkg/Library/BaseMemoryLibOptDxe/BaseMemoryLibOptDxe/OUTPUT/BaseMemoryLibOptDxe.lib
LOAD /home/edk2mtk/edk2-mt6765/workspace/Build/MT6771Pkg/DEBUG_GCC5/AARCH64/MdePkg/Library/DxePcdLib/DxePcdLib/OUTPUT/DxePcdLib.lib
LOAD /home/edk2mtk/edk2-mt6765/workspace/Build/MT6771Pkg/DEBUG_GCC5/AARCH64/MdePkg/Library/BaseLib/BaseLib/OUTPUT/BaseLib.lib
LOAD /home/edk2mtk/edk2-mt6765/workspace/Build/MT6771Pkg/DEBUG_GCC5/AARCH64/ArmPkg/Library/ArmLib/ArmBaseLib/OUTPUT/ArmBaseLib.lib
LOAD /home/edk2mtk/edk2-mt6765/workspace/Build/MT6771Pkg/DEBUG_GCC5/AARCH64/MdePkg/Library/RegisterFilterLibNull/RegisterFilterLibNull/OUTPUT/FilterLibNull.lib
LOAD /home/edk2mtk/edk2-mt6765/workspace/Build/MT6771Pkg/DEBUG_GCC5/AARCH64/ArmPkg/Library/ArmCacheMaintenanceLib/ArmCacheMaintenanceLib/OUTPUT/ArmCacheMaintenanceLib.lib
LOAD /home/edk2mtk/edk2-mt6765/workspace/Build/MT6771Pkg/DEBUG_GCC5/AARCH64/MdePkg/Library/BaseIoLibIntrinsic/BaseIoLibIntrinsic/OUTPUT/BaseIoLibIntrinsic.lib
LOAD /home/edk2mtk/edk2-mt6765/workspace/Build/MT6771Pkg/DEBUG_GCC5/AARCH64/ArmPkg/Library/CompilerIntrinsicsLib/CompilerIntrinsicsLib/OUTPUT/CompilerIntrinsicsLib.lib
LOAD /home/edk2mtk/edk2-mt6765/workspace/Build/MT6771Pkg/DEBUG_GCC5/AARCH64/MdePkg/Library/BaseDebugPrintErrorLevelLib/BaseDebugPrintErrorLevelLib/OUTPUT/BaseDebugPrintErrorLevelLib.lib
LOAD /home/edk2mtk/edk2-mt6765/workspace/Build/MT6771Pkg/DEBUG_GCC5/AARCH64/MdePkg/Library/BasePrintLib/BasePrintLib/OUTPUT/BasePrintLib.lib
LOAD /home/edk2mtk/edk2-mt6765/workspace/Build/MT6771Pkg/DEBUG_GCC5/AARCH64/MT6771Pkg/Library/FrameBufferSerialPortLib/FrameBufferSerialPortLib/OUTPUT/FrameBufferSerialPortLib.lib
LOAD /home/edk2mtk/edk2-mt6765/workspace/Build/MT6771Pkg/DEBUG_GCC5/AARCH64/MdePkg/Library/BaseDebugLibSerialPort/BaseDebugLibSerialPort/OUTPUT/BaseDebugLibSerialPort.lib
LOAD /home/edk2mtk/edk2-mt6765/workspace/Build/MT6771Pkg/DEBUG_GCC5/AARCH64/MdePkg/Library/UefiMemoryAllocationLib/UefiMemoryAllocationLib/OUTPUT/UefiMemoryAllocationLib.lib
LOAD /home/edk2mtk/edk2-mt6765/workspace/Build/MT6771Pkg/DEBUG_GCC5/AARCH64/MdePkg/Library/UefiRuntimeServicesTableLib/UefiRuntimeServicesTableLib/OUTPUT/UefiRuntimeServicesTableLib.lib
LOAD /home/edk2mtk/edk2-mt6765/workspace/Build/MT6771Pkg/DEBUG_GCC5/AARCH64/MdePkg/Library/UefiDevicePathLib/UefiDevicePathLib/OUTPUT/UefiDevicePathLib.lib
LOAD /home/edk2mtk/edk2-mt6765/workspace/Build/MT6771Pkg/DEBUG_GCC5/AARCH64/MdePkg/Library/UefiBootServicesTableLib/UefiBootServicesTableLib/OUTPUT/UefiBootServicesTableLib.lib
LOAD /home/edk2mtk/edk2-mt6765/workspace/Build/MT6771Pkg/DEBUG_GCC5/AARCH64/MdePkg/Library/UefiLib/UefiLib/OUTPUT/UefiLib.lib
LOAD /home/edk2mtk/edk2-mt6765/workspace/Build/MT6771Pkg/DEBUG_GCC5/AARCH64/MdePkg/Library/DxeHobLib/DxeHobLib/OUTPUT/DxeHobLib.lib
LOAD /home/edk2mtk/edk2-mt6765/workspace/Build/MT6771Pkg/DEBUG_GCC5/AARCH64/MdePkg/Library/UefiDriverEntryPoint/UefiDriverEntryPoint/OUTPUT/UefiDriverEntryPoint.lib
LOAD /home/edk2mtk/edk2-mt6765/workspace/Build/MT6771Pkg/DEBUG_GCC5/AARCH64/MdePkg/Library/BaseStackCheckLib/BaseStackCheckLib/OUTPUT/BaseStackCheckLib.lib
LOAD /home/edk2mtk/edk2-mt6765/workspace/Build/MT6771Pkg/DEBUG_GCC5/AARCH64/MT6771Pkg/Drivers/LogoDxe/LogoDxe/OUTPUT/LogoDxehii.lib
END GROUP
                0x0000000000000228                . = PECOFF_HEADER_SIZE

.gnu.version_d  0x0000000000000228        0x0
 .gnu.version_d
                0x0000000000000228        0x0 /home/edk2mtk/edk2-mt6765/edk2/ArmPkg/Library/GccLto/liblto-aarch64.a

.gnu.version    0x0000000000000228        0x0
 .gnu.version   0x0000000000000228        0x0 /home/edk2mtk/edk2-mt6765/edk2/ArmPkg/Library/GccLto/liblto-aarch64.a

.gnu.version_r  0x0000000000000228        0x0
 .gnu.version_r
                0x0000000000000228        0x0 /home/edk2mtk/edk2-mt6765/edk2/ArmPkg/Library/GccLto/liblto-aarch64.a

.text           0x0000000000001000     0x2118
 *(.text .text.* .stub .gnu.linkonce.t.*)
 .text.GetImage
                0x0000000000001000       0x74 /tmp/cc9yFSHB.ltrans0.ltrans.o
 .text.AsciiStrnLenS
                0x0000000000001074       0x3c /tmp/cc9yFSHB.ltrans0.ltrans.o
 .text.BasePrintLibFillBuffer
                0x00000000000010b0       0x34 /tmp/cc9yFSHB.ltrans0.ltrans.o
 .text.BaseDebugLibSerialPortConstructor
                0x00000000000010e4       0x7c /tmp/cc9yFSHB.ltrans0.ltrans.o
 .text.FbConFlush
                0x0000000000001160       0x58 /tmp/cc9yFSHB.ltrans0.ltrans.o
 .text.SerialPortWrite.isra.0
                0x00000000000011b8      0x3e8 /tmp/cc9yFSHB.ltrans0.ltrans.o
 .text.DebugAssert
                0x00000000000015a0       0x80 /tmp/cc9yFSHB.ltrans0.ltrans.o
 .text.CompareGuid.constprop.0
                0x0000000000001620       0x44 /tmp/cc9yFSHB.ltrans0.ltrans.o
 .text.AsciiStrLen
                0x0000000000001664       0x70 /tmp/cc9yFSHB.ltrans0.ltrans.o
 .text.ReadUnaligned16
                0x00000000000016d4       0x5c /tmp/cc9yFSHB.ltrans0.ltrans.o
 .text.BasePrintLibSPrintMarker.constprop.0
                0x0000000000001730      0xb50 /tmp/cc9yFSHB.ltrans0.ltrans.o
 .text.DebugPrint.constprop.0
                0x0000000000002280       0xc0 /tmp/cc9yFSHB.ltrans0.ltrans.o
 .text.AsciiSPrint.constprop.0
                0x0000000000002340       0xac /tmp/cc9yFSHB.ltrans0.ltrans.o
 .text.BasePrintLibSPrint.constprop.0
                0x00000000000023ec       0x98 /tmp/cc9yFSHB.ltrans0.ltrans.o
 .text.memcpy   0x0000000000002484       0x20 /tmp/cc9yFSHB.ltrans0.ltrans.o
                0x0000000000002484                memcpy
 .text._ModuleEntryPoint
                0x00000000000024a4      0x2c0 /tmp/cc9yFSHB.ltrans0.ltrans.o
                0x00000000000024a4                _ModuleEntryPoint
 .text.__stack_chk_fail
                0x0000000000002764       0x24 /tmp/cc9yFSHB.ltrans0.ltrans.o
                0x0000000000002764                __stack_chk_fail
 *fill*         0x0000000000002788       0x18 
 .text          0x00000000000027a0       0x20 /home/edk2mtk/edk2-mt6765/workspace/Build/MT6771Pkg/DEBUG_GCC5/AARCH64/MdePkg/Library/BaseMemoryLibOptDxe/BaseMemoryLibOptDxe/OUTPUT/BaseMemoryLibOptDxe.lib(CompareGuid.obj)
                0x00000000000027a0                InternalMemCompareGuid
 .text.ArmCacheInfo
                0x00000000000027c0        0x8 /home/edk2mtk/edk2-mt6765/workspace/Build/MT6771Pkg/DEBUG_GCC5/AARCH64/ArmPkg/Library/ArmLib/ArmBaseLib/OUTPUT/ArmBaseLib.lib(ArmLibSupport.obj)
                0x00000000000027c0                ArmCacheInfo
 .text.ArmGetInterruptState
                0x00000000000027c8       0x10 /home/edk2mtk/edk2-mt6765/workspace/Build/MT6771Pkg/DEBUG_GCC5/AARCH64/ArmPkg/Library/ArmLib/ArmBaseLib/OUTPUT/ArmBaseLib.lib(ArmLibSupport.obj)
                0x00000000000027c8                ArmGetInterruptState
 .text.ArmEnableInterrupts
                0x00000000000027d8        0xc /home/edk2mtk/edk2-mt6765/workspace/Build/MT6771Pkg/DEBUG_GCC5/AARCH64/ArmPkg/Library/ArmLib/ArmBaseLib/OUTPUT/ArmBaseLib.lib(ArmLibSupportV8.obj)
                0x00000000000027d8                ArmEnableInterrupts
 .text.ArmDisableInterrupts
                0x00000000000027e4        0xc /home/edk2mtk/edk2-mt6765/workspace/Build/MT6771Pkg/DEBUG_GCC5/AARCH64/ArmPkg/Library/ArmLib/ArmBaseLib/OUTPUT/ArmBaseLib.lib(ArmLibSupportV8.obj)
                0x00000000000027e4                ArmDisableInterrupts
 .text.ArmCleanInvalidateDataCacheEntryByMVA
                0x00000000000027f0        0x8 /home/edk2mtk/edk2-mt6765/workspace/Build/MT6771Pkg/DEBUG_GCC5/AARCH64/ArmPkg/Library/ArmLib/ArmBaseLib/OUTPUT/ArmBaseLib.lib(AArch64Support.obj)
                0x00000000000027f0                ArmCleanInvalidateDataCacheEntryByMVA
 .text.ArmDataSynchronizationBarrier
                0x00000000000027f8        0x8 /home/edk2mtk/edk2-mt6765/workspace/Build/MT6771Pkg/DEBUG_GCC5/AARCH64/ArmPkg/Library/ArmLib/ArmBaseLib/OUTPUT/ArmBaseLib.lib(AArch64Support.obj)
                0x00000000000027f8                ArmDataSynchronizationBarrier
 *(.rodata .rodata.* .gnu.linkonce.r.*)
 .rodata.DebugAssert.str1.1
                0x0000000000002800      0x538 /tmp/cc9yFSHB.ltrans0.ltrans.o
                                         0x20 (size before relaxing)
 .rodata.CompareGuid.constprop.0.str1.1
                0x0000000000002d38        0x0 /tmp/cc9yFSHB.ltrans0.ltrans.o
                                         0x69 (size before relaxing)
 .rodata.AsciiStrLen.str1.1
                0x0000000000002d38        0x0 /tmp/cc9yFSHB.ltrans0.ltrans.o
                                         0x77 (size before relaxing)
 .rodata.ReadUnaligned16.str1.1
                0x0000000000002d38        0x0 /tmp/cc9yFSHB.ltrans0.ltrans.o
                                         0x5d (size before relaxing)
 .rodata.BasePrintLibSPrintMarker.constprop.0.str1.1
                0x0000000000002d38        0x0 /tmp/cc9yFSHB.ltrans0.ltrans.o
                                        0x17e (size before relaxing)
 .rodata.BasePrintLibSPrintMarker.constprop.0
                0x0000000000002d38       0x5e /tmp/cc9yFSHB.ltrans0.ltrans.o
 .rodata._ModuleEntryPoint.str1.1
                0x0000000000002d96        0x0 /tmp/cc9yFSHB.ltrans0.ltrans.o
                                        0x22f (size before relaxing)
 .rodata.__stack_chk_fail.str1.1
                0x0000000000002d96        0x0 /tmp/cc9yFSHB.ltrans0.ltrans.o
                                         0x2e (size before relaxing)
 .rodata.mHexStr
                0x0000000000002d96       0x10 /tmp/cc9yFSHB.ltrans0.ltrans.o
 .rodata.mWarningString
                0x0000000000002da6       0x96 /tmp/cc9yFSHB.ltrans0.ltrans.o
 .rodata.mErrorString
                0x0000000000002e3c      0x2b5 /tmp/cc9yFSHB.ltrans0.ltrans.o
 *(.got .got.*)
 *fill*         0x00000000000030f1        0x7 
 .got           0x00000000000030f8        0x8 /home/edk2mtk/edk2-mt6765/edk2/ArmPkg/Library/GccLto/liblto-aarch64.a
                0x00000000000030f8                _GLOBAL_OFFSET_TABLE_
 .got.plt       0x0000000000003100       0x18 /home/edk2mtk/edk2-mt6765/edk2/ArmPkg/Library/GccLto/liblto-aarch64.a
 *:AutoGen.obj(.data.g*Guid)

.plt            0x0000000000003118        0x0
 .plt           0x0000000000003118        0x0 /home/edk2mtk/edk2-mt6765/edk2/ArmPkg/Library/GccLto/liblto-aarch64.a

.data           0x0000000000004000      0x3d0
 *(.data .data.* .gnu.linkonce.d.*)
 .data.rel.ro   0x0000000000004000        0x0 /home/edk2mtk/edk2-mt6765/edk2/ArmPkg/Library/GccLto/liblto-aarch64.a
 .data.__stack_chk_guard
                0x0000000000004000        0x8 /tmp/cc9yFSHB.ltrans0.ltrans.o
                0x0000000000004000                __stack_chk_guard
 .data.font5x12
                0x0000000000004008      0x300 /tmp/cc9yFSHB.ltrans0.ltrans.o
 .data.gEfiHobListGuid
                0x0000000000004308       0x10 /tmp/cc9yFSHB.ltrans0.ltrans.o
 .data.mPlatformLogo
                0x0000000000004318        0x8 /tmp/cc9yFSHB.ltrans0.ltrans.o
 .data.gEdkiiPlatformLogoProtocolGuid
                0x0000000000004320       0x10 /tmp/cc9yFSHB.ltrans0.ltrans.o
 .data.gEfiHiiPackageListProtocolGuid
                0x0000000000004330       0x10 /tmp/cc9yFSHB.ltrans0.ltrans.o
 .data.gEfiHiiImageExProtocolGuid
                0x0000000000004340       0x10 /tmp/cc9yFSHB.ltrans0.ltrans.o
 .data.gEfiHiiDatabaseProtocolGuid
                0x0000000000004350       0x10 /tmp/cc9yFSHB.ltrans0.ltrans.o
 *(.bss .bss.*)
 .bss.m_Color   0x0000000000004360       0x10 /tmp/cc9yFSHB.ltrans0.ltrans.o
 .bss.m_MaxPosition
                0x0000000000004370       0x10 /tmp/cc9yFSHB.ltrans0.ltrans.o
 .bss.m_Position
                0x0000000000004380       0x10 /tmp/cc9yFSHB.ltrans0.ltrans.o
 .bss.m_Initialized
                0x0000000000004390        0x1 /tmp/cc9yFSHB.ltrans0.ltrans.o
 *fill*         0x0000000000004391        0x7 
 .bss.gRT       0x0000000000004398        0x8 /tmp/cc9yFSHB.ltrans0.ltrans.o
 .bss.gImageHandle
                0x00000000000043a0        0x8 /tmp/cc9yFSHB.ltrans0.ltrans.o
 .bss.mHobList  0x00000000000043a8        0x8 /tmp/cc9yFSHB.ltrans0.ltrans.o
 .bss.mHiiHandle
                0x00000000000043b0        0x8 /tmp/cc9yFSHB.ltrans0.ltrans.o
 .bss.mHiiImageEx
                0x00000000000043b8        0x8 /tmp/cc9yFSHB.ltrans0.ltrans.o
 .bss.gBS       0x00000000000043c0        0x8 /tmp/cc9yFSHB.ltrans0.ltrans.o
 .bss.gST       0x00000000000043c8        0x8 /tmp/cc9yFSHB.ltrans0.ltrans.o

.eh_frame
 *(.eh_frame)

.rela           0x00000000000043d0       0x18
 *(.rela .rela.*)
 .rela.got      0x00000000000043d0        0x0 /home/edk2mtk/edk2-mt6765/edk2/ArmPkg/Library/GccLto/liblto-aarch64.a
 .rela.plt      0x00000000000043d0        0x0 /home/edk2mtk/edk2-mt6765/edk2/ArmPkg/Library/GccLto/liblto-aarch64.a
 .rela.bss      0x00000000000043d0        0x0 /home/edk2mtk/edk2-mt6765/edk2/ArmPkg/Library/GccLto/liblto-aarch64.a
 .rela.data.rel.ro
                0x00000000000043d0        0x0 /home/edk2mtk/edk2-mt6765/edk2/ArmPkg/Library/GccLto/liblto-aarch64.a
 .rela.ifunc    0x00000000000043d0        0x0 /home/edk2mtk/edk2-mt6765/edk2/ArmPkg/Library/GccLto/liblto-aarch64.a
 .rela.data.mPlatformLogo
                0x00000000000043d0       0x18 /home/edk2mtk/edk2-mt6765/edk2/ArmPkg/Library/GccLto/liblto-aarch64.a

.hii            0x0000000000005000    0x73e82
 *(.hii)
 .hii           0x0000000000005000    0x73e82 /home/edk2mtk/edk2-mt6765/workspace/Build/MT6771Pkg/DEBUG_GCC5/AARCH64/MT6771Pkg/Drivers/LogoDxe/LogoDxe/OUTPUT/LogoDxehii.lib
                0x0000000000005000                _binary__home_edk2mtk_edk2_mt6765_workspace_Build_MT6771Pkg_DEBUG_GCC5_AARCH64_MT6771Pkg_Drivers_LogoDxe_LogoDxe_OUTPUT_LogoDxehii_rc_start
                0x0000000000078e82                _binary__home_edk2mtk_edk2_mt6765_workspace_Build_MT6771Pkg_DEBUG_GCC5_AARCH64_MT6771Pkg_Drivers_LogoDxe_LogoDxe_OUTPUT_LogoDxehii_rc_end

.dynbss         0x0000000000078e82        0x0
 .dynbss        0x0000000000078e82        0x0 /home/edk2mtk/edk2-mt6765/edk2/ArmPkg/Library/GccLto/liblto-aarch64.a

.build-id       0x0000000000078e84       0x24
 *(.note.gnu.build-id)
 .note.gnu.build-id
                0x0000000000078e84       0x24 /home/edk2mtk/edk2-mt6765/edk2/ArmPkg/Library/GccLto/liblto-aarch64.a

/DISCARD/
 *(.note.GNU-stack)
 *(.gnu_debuglink)
 *(.interp)
 *(.dynsym)
 *(.dynstr)
 *(.dynamic)
 *(.hash .gnu.hash)
 *(.comment)
                0x0000000000000228                PECOFF_HEADER_SIZE = 0x228
OUTPUT(/home/edk2mtk/edk2-mt6765/workspace/Build/MT6771Pkg/DEBUG_GCC5/AARCH64/MT6771Pkg/Drivers/LogoDxe/LogoDxe/DEBUG/LogoDxe.dll elf64-littleaarch64)
LOAD linker stubs

.debug_info     0x0000000000000000    0x12853
 .debug_info    0x0000000000000000     0x1a8d /tmp/cc9yFSHB.ltrans0.ltrans.o
 .debug_info    0x0000000000001a8d       0xf7 /tmp/ccZDCdK8.debug.temp.o
                0x0000000000001a8d                memcpy.c.a022bb0b
 .debug_info    0x0000000000001b84       0xb4 /tmp/ccJCjqL8.debug.temp.o
                0x0000000000001b84                memset.c.347e7144
 .debug_info    0x0000000000001c38     0x1949 /tmp/ccanPxLr.debug.temp.o
                0x0000000000001c38                DriverEntryPoint.c.aed905de
 .debug_info    0x0000000000003581      0x12f /tmp/ccVQAL5N.debug.temp.o
                0x0000000000003581                BaseStackCheckGcc.c.e2264bbe
 .debug_info    0x00000000000036b0     0x1da5 /tmp/ccKnlNGm.debug.temp.o
                0x00000000000036b0                AutoGen.c.c446e6aa
 .debug_info    0x0000000000005455     0x22b9 /tmp/ccbkbnJQ.debug.temp.o
                0x0000000000005455                Logo.c.610ef284
 .debug_info    0x000000000000770e      0x3d9 /tmp/cclV5AfO.debug.temp.o
                0x000000000000770e                DebugLib.c.446090d2
 .debug_info    0x0000000000007ae7     0x173e /tmp/cchE2OdV.debug.temp.o
                0x0000000000007ae7                UefiRuntimeServicesTableLib.c.b47200ac
 .debug_info    0x0000000000009225     0x1767 /tmp/ccjIUHj1.debug.temp.o
                0x0000000000009225                UefiBootServicesTableLib.c.f2114479
 .debug_info    0x000000000000a98c     0x25d1 /tmp/ccD36TO3.debug.temp.o
                0x000000000000a98c                UefiLib.c.a6379151
 .debug_info    0x000000000000cf5d     0x20f4 /tmp/ccdolXz1.debug.temp.o
                0x000000000000cf5d                HobLib.c.69301aa6
 .debug_info    0x000000000000f051      0x232 /tmp/ccCBf1J7.debug.temp.o
                0x000000000000f051                MemLibGuid.c.6afc2aec
 .debug_info    0x000000000000f283      0x7ae /tmp/cclYWoAg.debug.temp.o
                0x000000000000f283                String.c.abace36a
 .debug_info    0x000000000000fa31      0x28d /tmp/ccOERboj.debug.temp.o
                0x000000000000fa31                Unaligned.c.7190595f
 .debug_info    0x000000000000fcbe     0x10b5 /tmp/ccjGGM4X.debug.temp.o
                0x000000000000fcbe                SafeString.c.001dd263
 .debug_info    0x0000000000010d73      0x2db /tmp/cceCIjo5.debug.temp.o
                0x0000000000010d73                Math64.c.59b243f1
 .debug_info    0x000000000001104e      0x5c4 /tmp/ccaiwQKP.debug.temp.o
                0x000000000001104e                PrintLib.c.76efccd8
 .debug_info    0x0000000000011612      0x7a1 /tmp/cch3v2zE.debug.temp.o
                0x0000000000011612                PrintLibInternal.c.c2f63578
 .debug_info    0x0000000000011db3      0x5c4 /tmp/ccMEh2eh.debug.temp.o
                0x0000000000011db3                FrameBufferSerialPortLib.c.6d1e4d4b
 .debug_info    0x0000000000012377      0x126 /tmp/ccGAKo5h.debug.temp.o
                0x0000000000012377                DivU64x32Remainder.c.d33f1bed
 .debug_info    0x000000000001249d      0x260 /tmp/cc9Foftg.debug.temp.o
                0x000000000001249d                ArmCacheMaintenanceLib.c.9a3ca372
 .debug_info    0x00000000000126fd      0x156 /tmp/ccLnQMwB.debug.temp.o
                0x00000000000126fd                ArmLib.c.ed55ba41

.debug_abbrev   0x0000000000000000     0x25bb
 .debug_abbrev  0x0000000000000000      0x274 /tmp/cc9yFSHB.ltrans0.ltrans.o
 .debug_abbrev  0x0000000000000274       0xb0 /tmp/ccZDCdK8.debug.temp.o
 .debug_abbrev  0x0000000000000324       0x7d /tmp/ccJCjqL8.debug.temp.o
 .debug_abbrev  0x00000000000003a1      0x25a /tmp/ccanPxLr.debug.temp.o
 .debug_abbrev  0x00000000000005fb       0xf9 /tmp/ccVQAL5N.debug.temp.o
 .debug_abbrev  0x00000000000006f4      0x2d4 /tmp/ccKnlNGm.debug.temp.o
 .debug_abbrev  0x00000000000009c8      0x287 /tmp/ccbkbnJQ.debug.temp.o
 .debug_abbrev  0x0000000000000c4f      0x1a2 /tmp/cclV5AfO.debug.temp.o
 .debug_abbrev  0x0000000000000df1      0x1d7 /tmp/cchE2OdV.debug.temp.o
 .debug_abbrev  0x0000000000000fc8      0x207 /tmp/ccjIUHj1.debug.temp.o
 .debug_abbrev  0x00000000000011cf      0x2f7 /tmp/ccD36TO3.debug.temp.o
 .debug_abbrev  0x00000000000014c6      0x2d3 /tmp/ccdolXz1.debug.temp.o
 .debug_abbrev  0x0000000000001799      0x10b /tmp/ccCBf1J7.debug.temp.o
 .debug_abbrev  0x00000000000018a4      0x15d /tmp/cclYWoAg.debug.temp.o
 .debug_abbrev  0x0000000000001a01       0xd5 /tmp/ccOERboj.debug.temp.o
 .debug_abbrev  0x0000000000001ad6      0x1cd /tmp/ccjGGM4X.debug.temp.o
 .debug_abbrev  0x0000000000001ca3       0xd6 /tmp/cceCIjo5.debug.temp.o
 .debug_abbrev  0x0000000000001d79      0x178 /tmp/ccaiwQKP.debug.temp.o
 .debug_abbrev  0x0000000000001ef1      0x1d4 /tmp/cch3v2zE.debug.temp.o
 .debug_abbrev  0x00000000000020c5      0x24b /tmp/ccMEh2eh.debug.temp.o
 .debug_abbrev  0x0000000000002310       0xb8 /tmp/ccGAKo5h.debug.temp.o
 .debug_abbrev  0x00000000000023c8       0xfe /tmp/cc9Foftg.debug.temp.o
 .debug_abbrev  0x00000000000024c6       0xf5 /tmp/ccLnQMwB.debug.temp.o

.debug_loclists
                0x0000000000000000     0x274b
 .debug_loclists
                0x0000000000000000     0x274b /tmp/cc9yFSHB.ltrans0.ltrans.o

.debug_aranges  0x0000000000000000      0x180
 .debug_aranges
                0x0000000000000000      0x180 /tmp/cc9yFSHB.ltrans0.ltrans.o

.debug_rnglists
                0x0000000000000000      0x23f
 .debug_rnglists
                0x0000000000000000      0x23f /tmp/cc9yFSHB.ltrans0.ltrans.o

.debug_line     0x0000000000000000     0x1b6e
 .debug_line    0x0000000000000000     0x1212 /tmp/cc9yFSHB.ltrans0.ltrans.o
 .debug_line    0x0000000000001212       0x3a /tmp/ccZDCdK8.debug.temp.o
 .debug_line    0x000000000000124c       0x3a /tmp/ccJCjqL8.debug.temp.o
 .debug_line    0x0000000000001286       0x93 /tmp/ccanPxLr.debug.temp.o
 .debug_line    0x0000000000001319       0x5a /tmp/ccVQAL5N.debug.temp.o
 .debug_line    0x0000000000001373       0x93 /tmp/ccKnlNGm.debug.temp.o
 .debug_line    0x0000000000001406       0xab /tmp/ccbkbnJQ.debug.temp.o
 .debug_line    0x00000000000014b1       0x77 /tmp/cclV5AfO.debug.temp.o
 .debug_line    0x0000000000001528       0x7b /tmp/cchE2OdV.debug.temp.o
 .debug_line    0x00000000000015a3       0x80 /tmp/ccjIUHj1.debug.temp.o
 .debug_line    0x0000000000001623       0xb1 /tmp/ccD36TO3.debug.temp.o
 .debug_line    0x00000000000016d4       0x9c /tmp/ccdolXz1.debug.temp.o
 .debug_line    0x0000000000001770       0x5e /tmp/ccCBf1J7.debug.temp.o
 .debug_line    0x00000000000017ce       0x63 /tmp/cclYWoAg.debug.temp.o
 .debug_line    0x0000000000001831       0x51 /tmp/ccOERboj.debug.temp.o
 .debug_line    0x0000000000001882       0x6d /tmp/ccjGGM4X.debug.temp.o
 .debug_line    0x00000000000018ef       0x4c /tmp/cceCIjo5.debug.temp.o
 .debug_line    0x000000000000193b       0x5f /tmp/ccaiwQKP.debug.temp.o
 .debug_line    0x000000000000199a       0x6d /tmp/cch3v2zE.debug.temp.o
 .debug_line    0x0000000000001a07       0x75 /tmp/ccMEh2eh.debug.temp.o
 .debug_line    0x0000000000001a7c       0x51 /tmp/ccGAKo5h.debug.temp.o
 .debug_line    0x0000000000001acd       0x55 /tmp/cc9Foftg.debug.temp.o
 .debug_line    0x0000000000001b22       0x4c /tmp/ccLnQMwB.debug.temp.o

.debug_str      0x0000000000000000     0x4943
 .debug_str     0x0000000000000000     0x4943 /tmp/cc9yFSHB.ltrans0.ltrans.o
                                        0x1d4 (size before relaxing)
 .debug_str     0x0000000000004943        0x0 /tmp/ccZDCdK8.debug.temp.o
                                        0x238 (size before relaxing)
 .debug_str     0x0000000000004943        0x0 /tmp/ccJCjqL8.debug.temp.o
                                        0x22c (size before relaxing)
 .debug_str     0x0000000000004943        0x0 /tmp/ccanPxLr.debug.temp.o
                                       0x14d1 (size before relaxing)
 .debug_str     0x0000000000004943        0x0 /tmp/ccVQAL5N.debug.temp.o
                                        0x2e8 (size before relaxing)
 .debug_str     0x0000000000004943        0x0 /tmp/ccKnlNGm.debug.temp.o
                                       0x1d4d (size before relaxing)
 .debug_str     0x0000000000004943        0x0 /tmp/ccbkbnJQ.debug.temp.o
                                       0x1e29 (size before relaxing)
 .debug_str     0x0000000000004943        0x0 /tmp/cclV5AfO.debug.temp.o
                                        0x50a (size before relaxing)
 .debug_str     0x0000000000004943        0x0 /tmp/cchE2OdV.debug.temp.o
                                       0x132e (size before relaxing)
 .debug_str     0x0000000000004943        0x0 /tmp/ccjIUHj1.debug.temp.o
                                       0x1338 (size before relaxing)
 .debug_str     0x0000000000004943        0x0 /tmp/ccD36TO3.debug.temp.o
                                       0x1c1d (size before relaxing)
 .debug_str     0x0000000000004943        0x0 /tmp/ccdolXz1.debug.temp.o
                                       0x1936 (size before relaxing)
 .debug_str     0x0000000000004943        0x0 /tmp/ccCBf1J7.debug.temp.o
                                        0x31c (size before relaxing)
 .debug_str     0x0000000000004943        0x0 /tmp/cclYWoAg.debug.temp.o
                                        0x6fb (size before relaxing)
 .debug_str     0x0000000000004943        0x0 /tmp/ccOERboj.debug.temp.o
                                        0x33b (size before relaxing)
 .debug_str     0x0000000000004943        0x0 /tmp/ccjGGM4X.debug.temp.o
                                        0x847 (size before relaxing)
 .debug_str     0x0000000000004943        0x0 /tmp/cceCIjo5.debug.temp.o
                                        0x3d1 (size before relaxing)
 .debug_str     0x0000000000004943        0x0 /tmp/ccaiwQKP.debug.temp.o
                                        0x493 (size before relaxing)
 .debug_str     0x0000000000004943        0x0 /tmp/cch3v2zE.debug.temp.o
                                        0x695 (size before relaxing)
 .debug_str     0x0000000000004943        0x0 /tmp/ccMEh2eh.debug.temp.o
                                        0x6d2 (size before relaxing)
 .debug_str     0x0000000000004943        0x0 /tmp/ccGAKo5h.debug.temp.o
                                        0x2a4 (size before relaxing)
 .debug_str     0x0000000000004943        0x0 /tmp/cc9Foftg.debug.temp.o
                                        0x4d6 (size before relaxing)
 .debug_str     0x0000000000004943        0x0 /tmp/ccLnQMwB.debug.temp.o
                                        0x312 (size before relaxing)

.debug_line_str
                0x0000000000000000     0x1a69
 .debug_line_str
                0x0000000000000000     0x1a69 /tmp/cc9yFSHB.ltrans0.ltrans.o
                                        0x69e (size before relaxing)
 .debug_line_str
                0x0000000000001a69        0x0 /tmp/ccZDCdK8.debug.temp.o
                                        0x11c (size before relaxing)
 .debug_line_str
                0x0000000000001a69        0x0 /tmp/ccJCjqL8.debug.temp.o
                                        0x11c (size before relaxing)
 .debug_line_str
                0x0000000000001a69        0x0 /tmp/ccanPxLr.debug.temp.o
                                        0x379 (size before relaxing)
 .debug_line_str
                0x0000000000001a69        0x0 /tmp/ccVQAL5N.debug.temp.o
                                        0x23d (size before relaxing)
 .debug_line_str
                0x0000000000001a69        0x0 /tmp/ccKnlNGm.debug.temp.o
                                        0x350 (size before relaxing)
 .debug_line_str
                0x0000000000001a69        0x0 /tmp/ccbkbnJQ.debug.temp.o
                                        0x394 (size before relaxing)
 .debug_line_str
                0x0000000000001a69        0x0 /tmp/cclV5AfO.debug.temp.o
                                        0x2c3 (size before relaxing)
 .debug_line_str
                0x0000000000001a69        0x0 /tmp/cchE2OdV.debug.temp.o
                                        0x2db (size before relaxing)
 .debug_line_str
                0x0000000000001a69        0x0 /tmp/ccjIUHj1.debug.temp.o
                                        0x2e4 (size before relaxing)
 .debug_line_str
                0x0000000000001a69        0x0 /tmp/ccD36TO3.debug.temp.o
                                        0x37a (size before relaxing)
 .debug_line_str
                0x0000000000001a69        0x0 /tmp/ccdolXz1.debug.temp.o
                                        0x343 (size before relaxing)
 .debug_line_str
                0x0000000000001a69        0x0 /tmp/ccCBf1J7.debug.temp.o
                                        0x234 (size before relaxing)
 .debug_line_str
                0x0000000000001a69        0x0 /tmp/cclYWoAg.debug.temp.o
                                        0x220 (size before relaxing)
 .debug_line_str
                0x0000000000001a69        0x0 /tmp/ccOERboj.debug.temp.o
                                        0x183 (size before relaxing)
 .debug_line_str
                0x0000000000001a69        0x0 /tmp/ccjGGM4X.debug.temp.o
                                        0x24b (size before relaxing)
 .debug_line_str
                0x0000000000001a69        0x0 /tmp/cceCIjo5.debug.temp.o
                                        0x16a (size before relaxing)
 .debug_line_str
                0x0000000000001a69        0x0 /tmp/ccaiwQKP.debug.temp.o
                                        0x1d6 (size before relaxing)
 .debug_line_str
                0x0000000000001a69        0x0 /tmp/cch3v2zE.debug.temp.o
                                        0x270 (size before relaxing)
 .debug_line_str
                0x0000000000001a69        0x0 /tmp/ccMEh2eh.debug.temp.o
                                        0x2ef (size before relaxing)
 .debug_line_str
                0x0000000000001a69        0x0 /tmp/ccGAKo5h.debug.temp.o
                                        0x196 (size before relaxing)
 .debug_line_str
                0x0000000000001a69        0x0 /tmp/cc9Foftg.debug.temp.o
                                        0x206 (size before relaxing)
 .debug_line_str
                0x0000000000001a69        0x0 /tmp/ccLnQMwB.debug.temp.o
                                        0x169 (size before relaxing)

.debug_frame    0x0000000000000000      0x390
 .debug_frame   0x0000000000000000      0x390 /tmp/cc9yFSHB.ltrans0.ltrans.o
