Archive member included to satisfy reference by file (symbol)

/home/edk2mtk/edk2-mt6765/workspace/Build/MT6771Pkg/DEBUG_GCC5/AARCH64/ArmPkg/Library/CompilerIntrinsicsLib/CompilerIntrinsicsLib/OUTPUT/CompilerIntrinsicsLib.lib(memcpy.obj)
                              /home/edk2mtk/edk2-mt6765/edk2/ArmPkg/Library/GccLto/liblto-aarch64.a (memcpy)
/home/edk2mtk/edk2-mt6765/workspace/Build/MT6771Pkg/DEBUG_GCC5/AARCH64/ArmPkg/Library/CompilerIntrinsicsLib/CompilerIntrinsicsLib/OUTPUT/CompilerIntrinsicsLib.lib(memset.obj)
                              /home/edk2mtk/edk2-mt6765/edk2/ArmPkg/Library/GccLto/liblto-aarch64.a (memset)
/home/edk2mtk/edk2-mt6765/workspace/Build/MT6771Pkg/DEBUG_GCC5/AARCH64/MdePkg/Library/UefiDriverEntryPoint/UefiDriverEntryPoint/OUTPUT/UefiDriverEntryPoint.lib(DriverEntryPoint.obj)
                              (_ModuleEntryPoint)
/home/edk2mtk/edk2-mt6765/workspace/Build/MT6771Pkg/DEBUG_GCC5/AARCH64/MdePkg/Library/BaseStackCheckLib/BaseStackCheckLib/OUTPUT/BaseStackCheckLib.lib(BaseStackCheckGcc.obj)
                              /home/edk2mtk/edk2-mt6765/edk2/ArmPkg/Library/GccLto/liblto-aarch64.a (__stack_chk_fail)
/home/edk2mtk/edk2-mt6765/workspace/Build/MT6771Pkg/DEBUG_GCC5/AARCH64/MdeModulePkg/Universal/SecurityStubDxe/SecurityStubDxe/OUTPUT/SecurityStubDxe.lib(AutoGen.obj)
                              DriverEntryPoint.obj (symbol from plugin) (ProcessLibraryConstructorList)
/home/edk2mtk/edk2-mt6765/workspace/Build/MT6771Pkg/DEBUG_GCC5/AARCH64/MdeModulePkg/Universal/SecurityStubDxe/SecurityStubDxe/OUTPUT/SecurityStubDxe.lib(SecurityStub.obj)
                              AutoGen.obj (symbol from plugin) (SecurityStubInitialize)
/home/edk2mtk/edk2-mt6765/workspace/Build/MT6771Pkg/DEBUG_GCC5/AARCH64/MdeModulePkg/Universal/SecurityStubDxe/SecurityStubDxe/OUTPUT/SecurityStubDxe.lib(Defer3rdPartyImageLoad.obj)
                              SecurityStub.obj (symbol from plugin) (Defer3rdPartyImageLoad)
/home/edk2mtk/edk2-mt6765/workspace/Build/MT6771Pkg/DEBUG_GCC5/AARCH64/MdePkg/Library/BaseMemoryLibOptDxe/BaseMemoryLibOptDxe/OUTPUT/BaseMemoryLibOptDxe.lib(CompareMemWrapper.obj)
                              Defer3rdPartyImageLoad.obj (symbol from plugin) (CompareMem)
/home/edk2mtk/edk2-mt6765/workspace/Build/MT6771Pkg/DEBUG_GCC5/AARCH64/MdePkg/Library/BaseMemoryLibOptDxe/BaseMemoryLibOptDxe/OUTPUT/BaseMemoryLibOptDxe.lib(CopyMemWrapper.obj)
                              Defer3rdPartyImageLoad.obj (symbol from plugin) (CopyMem)
/home/edk2mtk/edk2-mt6765/workspace/Build/MT6771Pkg/DEBUG_GCC5/AARCH64/MdePkg/Library/BaseMemoryLibOptDxe/BaseMemoryLibOptDxe/OUTPUT/BaseMemoryLibOptDxe.lib(CopyMem.obj)
                              CopyMemWrapper.obj (symbol from plugin) (InternalMemCopyMem)
/home/edk2mtk/edk2-mt6765/workspace/Build/MT6771Pkg/DEBUG_GCC5/AARCH64/MdePkg/Library/BaseMemoryLibOptDxe/BaseMemoryLibOptDxe/OUTPUT/BaseMemoryLibOptDxe.lib(CompareMem.obj)
                              CompareMemWrapper.obj (symbol from plugin) (InternalMemCompareMem)
/home/edk2mtk/edk2-mt6765/workspace/Build/MT6771Pkg/DEBUG_GCC5/AARCH64/MdePkg/Library/BaseLib/BaseLib/OUTPUT/BaseLib.lib(CpuDeadLoop.obj)
                              BaseStackCheckGcc.obj (symbol from plugin) (CpuDeadLoop)
/home/edk2mtk/edk2-mt6765/workspace/Build/MT6771Pkg/DEBUG_GCC5/AARCH64/MdePkg/Library/BaseLib/BaseLib/OUTPUT/BaseLib.lib(SwitchStack.obj)
                              CpuDeadLoop.obj (symbol from plugin) (CpuPause)
/home/edk2mtk/edk2-mt6765/workspace/Build/MT6771Pkg/DEBUG_GCC5/AARCH64/MdePkg/Library/BaseLib/BaseLib/OUTPUT/BaseLib.lib(CpuBreakpoint.obj)
                              BaseStackCheckGcc.obj (symbol from plugin) (CpuBreakpoint)
/home/edk2mtk/edk2-mt6765/workspace/Build/MT6771Pkg/DEBUG_GCC5/AARCH64/MdePkg/Library/BaseDebugLibSerialPort/BaseDebugLibSerialPort/OUTPUT/BaseDebugLibSerialPort.lib(DebugLib.obj)
                              AutoGen.obj (symbol from plugin) (BaseDebugLibSerialPortConstructor)
/home/edk2mtk/edk2-mt6765/workspace/Build/MT6771Pkg/DEBUG_GCC5/AARCH64/MdePkg/Library/UefiMemoryAllocationLib/UefiMemoryAllocationLib/OUTPUT/UefiMemoryAllocationLib.lib(MemoryAllocationLib.obj)
                              Defer3rdPartyImageLoad.obj (symbol from plugin) (FreePool)
/home/edk2mtk/edk2-mt6765/workspace/Build/MT6771Pkg/DEBUG_GCC5/AARCH64/MdePkg/Library/UefiRuntimeServicesTableLib/UefiRuntimeServicesTableLib/OUTPUT/UefiRuntimeServicesTableLib.lib(UefiRuntimeServicesTableLib.obj)
                              AutoGen.obj (symbol from plugin) (UefiRuntimeServicesTableLibConstructor)
/home/edk2mtk/edk2-mt6765/workspace/Build/MT6771Pkg/DEBUG_GCC5/AARCH64/MdePkg/Library/UefiDevicePathLib/UefiDevicePathLib/OUTPUT/UefiDevicePathLib.lib(UefiDevicePathLib.obj)
                              Defer3rdPartyImageLoad.obj (symbol from plugin) (GetDevicePathSize)
[...]
Memory Configuration

Name             Origin             Length             Attributes
*default*        0x0000000000000000 0xffffffffffffffff

Linker script and memory map

LOAD /home/edk2mtk/edk2-mt6765/edk2/ArmPkg/Library/GccLto/liblto-aarch64.a
START GROUP
LOAD /tmp/ccPMkKwW.ltrans0.ltrans.o
LOAD /tmp/ccQbkvqo.debug.temp.o
LOAD /tmp/ccp1M1QO.debug.temp.o
LOAD /tmp/ccoUxIIf.debug.temp.o
LOAD /tmp/ccYL7Mal.debug.temp.o
LOAD /tmp/ccsBQ4iS.debug.temp.o
LOAD /tmp/ccbGdMrz.debug.temp.o
LOAD /tmp/ccsE1JpD.debug.temp.o
LOAD /tmp/cc99s8nH.debug.temp.o
LOAD /tmp/cckQOGLl.debug.temp.o
LOAD /tmp/ccpxdacP.debug.temp.o
LOAD /tmp/ccv5opp2.debug.temp.o
LOAD /tmp/ccHkb5KT.debug.temp.o
LOAD /tmp/ccH0dh9M.debug.temp.o
LOAD /tmp/ccQMe8Nt.debug.temp.o
LOAD /tmp/ccqP42nc.debug.temp.o
LOAD /tmp/ccgkFFin.debug.temp.o
LOAD /tmp/cc6Um5ck.debug.temp.o
LOAD /tmp/ccVNRRTV.debug.temp.o
LOAD /tmp/ccx4mFYC.debug.temp.o
LOAD /tmp/ccBVTh4u.debug.temp.o
LOAD /tmp/cc44tz5Z.debug.temp.o
LOAD /tmp/ccXLsUI7.debug.temp.o
LOAD /tmp/ccXxncLz.debug.temp.o
LOAD /tmp/cc20tZJ1.debug.temp.o
LOAD /tmp/cce8nS0F.debug.temp.o
LOAD /tmp/ccFG9knx.debug.temp.o
LOAD /tmp/ccReVfHh.debug.temp.o
LOAD /tmp/ccfxMckv.debug.temp.o
LOAD /tmp/ccraHXR0.debug.temp.o
LOAD /tmp/ccYmytYF.debug.temp.o
LOAD /tmp/cclporiR.debug.temp.o
LOAD /tmp/ccp8pHjW.debug.temp.o
LOAD /tmp/ccPLMZmz.debug.temp.o
LOAD /tmp/ccZoQeZ6.debug.temp.o
LOAD /tmp/ccL23kup.debug.temp.o
LOAD /tmp/cc4q0ai5.debug.temp.o
LOAD /tmp/cc1OvcEu.debug.temp.o
LOAD /tmp/cc6Q09p9.debug.temp.o
LOAD /tmp/cc8nDYrd.debug.temp.o
LOAD /tmp/cc62N8Oc.debug.temp.o
LOAD /tmp/ccFldifl.debug.temp.o
LOAD /tmp/ccn2sjIz.debug.temp.o
LOAD /tmp/ccI7YGlx.debug.temp.o
LOAD /tmp/cc3stglD.debug.temp.o
LOAD /tmp/ccDMAt6c.debug.temp.o
LOAD /tmp/ccZYX5cE.debug.temp.o
LOAD /tmp/ccjVPdjk.debug.temp.o
LOAD /home/edk2mtk/edk2-mt6765/workspace/Build/MT6771Pkg/DEBUG_GCC5/AARCH64/MdeModulePkg/Universal/SecurityStubDxe/SecurityStubDxe/OUTPUT/SecurityStubDxe.lib
LOAD /home/edk2mtk/edk2-mt6765/workspace/Build/MT6771Pkg/DEBUG_GCC5/AARCH64/MdePkg/Library/BaseMemoryLibOptDxe/BaseMemoryLibOptDxe/OUTPUT/BaseMemoryLibOptDxe.lib
LOAD /home/edk2mtk/edk2-mt6765/workspace/Build/MT6771Pkg/DEBUG_GCC5/AARCH64/MdePkg/Library/DxePcdLib/DxePcdLib/OUTPUT/DxePcdLib.lib
LOAD /home/edk2mtk/edk2-mt6765/workspace/Build/MT6771Pkg/DEBUG_GCC5/AARCH64/MdePkg/Library/BaseLib/BaseLib/OUTPUT/BaseLib.lib
LOAD /home/edk2mtk/edk2-mt6765/workspace/Build/MT6771Pkg/DEBUG_GCC5/AARCH64/ArmPkg/Library/ArmLib/ArmBaseLib/OUTPUT/ArmBaseLib.lib
LOAD /home/edk2mtk/edk2-mt6765/workspace/Build/MT6771Pkg/DEBUG_GCC5/AARCH64/MdePkg/Library/RegisterFilterLibNull/RegisterFilterLibNull/OUTPUT/FilterLibNull.lib
LOAD /home/edk2mtk/edk2-mt6765/workspace/Build/MT6771Pkg/DEBUG_GCC5/AARCH64/ArmPkg/Library/ArmCacheMaintenanceLib/ArmCacheMaintenanceLib/OUTPUT/ArmCacheMaintenanceLib.lib
LOAD /home/edk2mtk/edk2-mt6765/workspace/Build/MT6771Pkg/DEBUG_GCC5/AARCH64/MdePkg/Library/BaseIoLibIntrinsic/BaseIoLibIntrinsic/OUTPUT/BaseIoLibIntrinsic.lib
LOAD /home/edk2mtk/edk2-mt6765/workspace/Build/MT6771Pkg/DEBUG_GCC5/AARCH64/ArmPkg/Library/CompilerIntrinsicsLib/CompilerIntrinsicsLib/OUTPUT/CompilerIntrinsicsLib.lib
LOAD /home/edk2mtk/edk2-mt6765/workspace/Build/MT6771Pkg/DEBUG_GCC5/AARCH64/MdePkg/Library/BaseDebugPrintErrorLevelLib/BaseDebugPrintErrorLevelLib/OUTPUT/BaseDebugPrintErrorLevelLib.lib
LOAD /home/edk2mtk/edk2-mt6765/workspace/Build/MT6771Pkg/DEBUG_GCC5/AARCH64/MT6771Pkg/Library/FrameBufferSerialPortLib/FrameBufferSerialPortLib/OUTPUT/FrameBufferSerialPortLib.lib
LOAD /home/edk2mtk/edk2-mt6765/workspace/Build/MT6771Pkg/DEBUG_GCC5/AARCH64/MdePkg/Library/BasePrintLib/BasePrintLib/OUTPUT/BasePrintLib.lib
LOAD /home/edk2mtk/edk2-mt6765/workspace/Build/MT6771Pkg/DEBUG_GCC5/AARCH64/MdePkg/Library/BaseDebugLibSerialPort/BaseDebugLibSerialPort/OUTPUT/BaseDebugLibSerialPort.lib
LOAD /home/edk2mtk/edk2-mt6765/workspace/Build/MT6771Pkg/DEBUG_GCC5/AARCH64/MdePkg/Library/UefiMemoryAllocationLib/UefiMemoryAllocationLib/OUTPUT/UefiMemoryAllocationLib.lib
LOAD /home/edk2mtk/edk2-mt6765/workspace/Build/MT6771Pkg/DEBUG_GCC5/AARCH64/MdePkg/Library/UefiRuntimeServicesTableLib/UefiRuntimeServicesTableLib/OUTPUT/UefiRuntimeServicesTableLib.lib
LOAD /home/edk2mtk/edk2-mt6765/workspace/Build/MT6771Pkg/DEBUG_GCC5/AARCH64/MdePkg/Library/UefiDevicePathLib/UefiDevicePathLib/OUTPUT/UefiDevicePathLib.lib
LOAD /home/edk2mtk/edk2-mt6765/workspace/Build/MT6771Pkg/DEBUG_GCC5/AARCH64/MdePkg/Library/UefiBootServicesTableLib/UefiBootServicesTableLib/OUTPUT/UefiBootServicesTableLib.lib
LOAD /home/edk2mtk/edk2-mt6765/workspace/Build/MT6771Pkg/DEBUG_GCC5/AARCH64/MdePkg/Library/UefiLib/UefiLib/OUTPUT/UefiLib.lib
LOAD /home/edk2mtk/edk2-mt6765/workspace/Build/MT6771Pkg/DEBUG_GCC5/AARCH64/MdePkg/Library/DxeHobLib/DxeHobLib/OUTPUT/DxeHobLib.lib
LOAD /home/edk2mtk/edk2-mt6765/workspace/Build/MT6771Pkg/DEBUG_GCC5/AARCH64/MdePkg/Library/DxeServicesLib/DxeServicesLib/OUTPUT/DxeServicesLib.lib
LOAD /home/edk2mtk/edk2-mt6765/workspace/Build/MT6771Pkg/DEBUG_GCC5/AARCH64/MdePkg/Library/UefiDriverEntryPoint/UefiDriverEntryPoint/OUTPUT/UefiDriverEntryPoint.lib
LOAD /home/edk2mtk/edk2-mt6765/workspace/Build/MT6771Pkg/DEBUG_GCC5/AARCH64/MdeModulePkg/Library/DxeSecurityManagementLib/DxeSecurityManagementLib/OUTPUT/DxeSecurityManagementLib.lib
LOAD /home/edk2mtk/edk2-mt6765/workspace/Build/MT6771Pkg/DEBUG_GCC5/AARCH64/MdeModulePkg/Library/DxeReportStatusCodeLib/DxeReportStatusCodeLib/OUTPUT/DxeReportStatusCodeLib.lib
LOAD /home/edk2mtk/edk2-mt6765/workspace/Build/MT6771Pkg/DEBUG_GCC5/AARCH64/MdePkg/Library/BaseStackCheckLib/BaseStackCheckLib/OUTPUT/BaseStackCheckLib.lib
END GROUP
                0x0000000000000228                . = PECOFF_HEADER_SIZE

.gnu.version_d  0x0000000000000228        0x0
 .gnu.version_d
                0x0000000000000228        0x0 /home/edk2mtk/edk2-mt6765/edk2/ArmPkg/Library/GccLto/liblto-aarch64.a

.gnu.version    0x0000000000000228        0x0
 .gnu.version   0x0000000000000228        0x0 /home/edk2mtk/edk2-mt6765/edk2/ArmPkg/Library/GccLto/liblto-aarch64.a

.gnu.version_r  0x0000000000000228        0x0
 .gnu.version_r
                0x0000000000000228        0x0 /home/edk2mtk/edk2-mt6765/edk2/ArmPkg/Library/GccLto/liblto-aarch64.a

.text           0x0000000000001000     0x6dc0
 *(.text .text.* .stub .gnu.linkonce.t.*)
 .text.EndOfDxe
                0x0000000000001000       0x10 /tmp/ccPMkKwW.ltrans0.ltrans.o
 .text.InternalAllocatePool.constprop.0
                0x0000000000001010       0x6c /tmp/ccPMkKwW.ltrans0.ltrans.o
 .text.ExecuteSecurity2Handlers
                0x000000000000107c       0x18 /tmp/ccPMkKwW.ltrans0.ltrans.o
 .text.AsciiStrnLenS
                0x0000000000001094       0x3c /tmp/ccPMkKwW.ltrans0.ltrans.o
 .text.BasePrintLibFillBuffer
                0x00000000000010d0       0x34 /tmp/ccPMkKwW.ltrans0.ltrans.o
 .text.LShiftU64.constprop.0
                0x0000000000001104        0x8 /tmp/ccPMkKwW.ltrans0.ltrans.o
 .text.CpuDeadLoop
                0x000000000000110c       0x24 /tmp/ccPMkKwW.ltrans0.ltrans.o
 .text.BaseDebugLibSerialPortConstructor
                0x0000000000001130       0x7c /tmp/ccPMkKwW.ltrans0.ltrans.o
 .text.FbConFlush
                0x00000000000011ac       0x58 /tmp/ccPMkKwW.ltrans0.ltrans.o
 .text.SerialPortWrite.isra.0
                0x0000000000001204      0x3e8 /tmp/ccPMkKwW.ltrans0.ltrans.o
 .text.DebugAssert
                0x00000000000015ec       0x80 /tmp/ccPMkKwW.ltrans0.ltrans.o
 .text.CompareMem
                0x000000000000166c       0xc8 /tmp/ccPMkKwW.ltrans0.ltrans.o
 .text.CopyMem  0x0000000000001734       0xa0 /tmp/ccPMkKwW.ltrans0.ltrans.o
 .text.GetDefferedImageInfo
                0x00000000000017d4      0x10c /tmp/ccPMkKwW.ltrans0.ltrans.o
 .text.AllocateCopyPool
                0x00000000000018e0       0x80 /tmp/ccPMkKwW.ltrans0.ltrans.o
 .text.DevicePathType
                0x0000000000001960       0x3c /tmp/ccPMkKwW.ltrans0.ltrans.o
 .text.DevicePathSubType
                0x000000000000199c       0x3c /tmp/ccPMkKwW.ltrans0.ltrans.o
 .text.IsDevicePathEnd
                0x00000000000019d8       0x80 /tmp/ccPMkKwW.ltrans0.ltrans.o
 .text.CompareGuid
                0x0000000000001a58       0x44 /tmp/ccPMkKwW.ltrans0.ltrans.o
 .text.ZeroMem  0x0000000000001a9c       0x54 /tmp/ccPMkKwW.ltrans0.ltrans.o
 .text.StrnLenS
                0x0000000000001af0       0x70 /tmp/ccPMkKwW.ltrans0.ltrans.o
 .text.AsciiStrLen
                0x0000000000001b60       0x8c /tmp/ccPMkKwW.ltrans0.ltrans.o
 .text.ReadUnaligned16
                0x0000000000001bec       0x30 /tmp/ccPMkKwW.ltrans0.ltrans.o
 .text.DevicePathNodeLength
                0x0000000000001c1c       0x44 /tmp/ccPMkKwW.ltrans0.ltrans.o
 .text.NextDevicePathNode
                0x0000000000001c60       0x44 /tmp/ccPMkKwW.ltrans0.ltrans.o
 .text.IsDevicePathValid.constprop.0
                0x0000000000001ca4       0xc4 /tmp/ccPMkKwW.ltrans0.ltrans.o
 .text.UefiDevicePathLibGetDevicePathSize
                0x0000000000001d68       0x68 /tmp/ccPMkKwW.ltrans0.ltrans.o
 .text.UefiDevicePathLibDuplicateDevicePath
                0x0000000000001dd0       0x28 /tmp/ccPMkKwW.ltrans0.ltrans.o
 .text.ReadUnaligned32
                0x0000000000001df8       0x28 /tmp/ccPMkKwW.ltrans0.ltrans.o
 .text.ReadUnaligned64
                0x0000000000001e20       0x30 /tmp/ccPMkKwW.ltrans0.ltrans.o
 .text.BasePrintLibSPrintMarker.constprop.0
                0x0000000000001e50      0xda8 /tmp/ccPMkKwW.ltrans0.ltrans.o
 .text.DebugPrint
                0x0000000000002bf8       0xc4 /tmp/ccPMkKwW.ltrans0.ltrans.o
 .text.DxeSmmReadyToLock
                0x0000000000002cbc      0x120 /tmp/ccPMkKwW.ltrans0.ltrans.o
 .text.FreePool
                0x0000000000002ddc       0x54 /tmp/ccPMkKwW.ltrans0.ltrans.o
 .text.InternalReallocatePool.constprop.0
                0x0000000000002e30       0x70 /tmp/ccPMkKwW.ltrans0.ltrans.o
 .text.UnicodeVSPrint
                0x0000000000002ea0       0x78 /tmp/ccPMkKwW.ltrans0.ltrans.o
 .text.UnicodeSPrint.constprop.0
                0x0000000000002f18       0x9c /tmp/ccPMkKwW.ltrans0.ltrans.o
 .text.AsciiSPrint.constprop.0
                0x0000000000002fb4       0xb0 /tmp/ccPMkKwW.ltrans0.ltrans.o
 .text.SPrintLength
                0x0000000000003064       0x3c /tmp/ccPMkKwW.ltrans0.ltrans.o
 .text.UefiDevicePathLibCatPrint
                0x00000000000030a0      0x15c /tmp/ccPMkKwW.ltrans0.ltrans.o
 .text.Security2StubAuthenticate
                0x00000000000031fc      0x364 /tmp/ccPMkKwW.ltrans0.ltrans.o
 .text.DevPathToTextNodeGeneric
                0x0000000000003560       0xf8 /tmp/ccPMkKwW.ltrans0.ltrans.o
 .text.DevPathToTextEndInstance
                0x0000000000003658        0xc /tmp/ccPMkKwW.ltrans0.ltrans.o
 .text.DevPathToTextPci
                0x0000000000003664       0x14 /tmp/ccPMkKwW.ltrans0.ltrans.o
 .text.DevPathToTextPccard
                0x0000000000003678       0x10 /tmp/ccPMkKwW.ltrans0.ltrans.o
 .text.DevPathToTextMemMap
                0x0000000000003688       0x14 /tmp/ccPMkKwW.ltrans0.ltrans.o
 .text.DevPathToTextVendor
                0x000000000000369c      0x33c /tmp/ccPMkKwW.ltrans0.ltrans.o
 .text.DevPathToTextController
                0x00000000000039d8       0x10 /tmp/ccPMkKwW.ltrans0.ltrans.o
 .text.DevPathToTextBmc
                0x00000000000039e8       0x34 /tmp/ccPMkKwW.ltrans0.ltrans.o
 .text.DevPathToTextAcpi
                0x0000000000003a1c       0xc0 /tmp/ccPMkKwW.ltrans0.ltrans.o
 .text.DevPathToTextAcpiEx
                0x0000000000003adc      0x2f8 /tmp/ccPMkKwW.ltrans0.ltrans.o
 .text.DevPathToTextAcpiAdr
                0x0000000000003dd4       0x94 /tmp/ccPMkKwW.ltrans0.ltrans.o
 .text.DevPathToTextAtapi
                0x0000000000003e68       0x60 /tmp/ccPMkKwW.ltrans0.ltrans.o
 .text.DevPathToTextScsi
                0x0000000000003ec8       0x14 /tmp/ccPMkKwW.ltrans0.ltrans.o
 .text.DevPathToTextFibre
                0x0000000000003edc       0x10 /tmp/ccPMkKwW.ltrans0.ltrans.o
 .text.DevPathToTextFibreEx
                0x0000000000003eec       0xa8 /tmp/ccPMkKwW.ltrans0.ltrans.o
 .text.DevPathToTextSasEx
                0x0000000000003f94      0x188 /tmp/ccPMkKwW.ltrans0.ltrans.o
 .text.DevPathToTextNVMe
                0x000000000000411c       0x54 /tmp/ccPMkKwW.ltrans0.ltrans.o
 .text.DevPathToTextUfs
                0x0000000000004170       0x14 /tmp/ccPMkKwW.ltrans0.ltrans.o
 .text.DevPathToTextSd
                0x0000000000004184       0x10 /tmp/ccPMkKwW.ltrans0.ltrans.o
 .text.DevPathToTextEmmc
                0x0000000000004194       0x10 /tmp/ccPMkKwW.ltrans0.ltrans.o
 .text.DevPathToText1394
                0x00000000000041a4       0x10 /tmp/ccPMkKwW.ltrans0.ltrans.o
 .text.DevPathToTextUsb
                0x00000000000041b4       0x14 /tmp/ccPMkKwW.ltrans0.ltrans.o
 .text.DevPathToTextUsbWWID
                0x00000000000041c8       0xa0 /tmp/ccPMkKwW.ltrans0.ltrans.o
 .text.DevPathToTextLogicalUnit
                0x0000000000004268       0x10 /tmp/ccPMkKwW.ltrans0.ltrans.o
 .text.DevPathToTextUsbClass
                0x0000000000004278      0x194 /tmp/ccPMkKwW.ltrans0.ltrans.o
 .text.DevPathToTextSata
                0x000000000000440c       0x18 /tmp/ccPMkKwW.ltrans0.ltrans.o
 .text.DevPathToTextI2O
                0x0000000000004424       0x10 /tmp/ccPMkKwW.ltrans0.ltrans.o
 .text.DevPathToTextMacAddr
                0x0000000000004434       0x8c /tmp/ccPMkKwW.ltrans0.ltrans.o
 .text.CatNetworkProtocol
                0x00000000000044c0       0x38 /tmp/ccPMkKwW.ltrans0.ltrans.o
 .text.CatIPv4Address.isra.0
                0x00000000000044f8       0x1c /tmp/ccPMkKwW.ltrans0.ltrans.o
 .text.CatIPv6Address
                0x0000000000004514       0x8c /tmp/ccPMkKwW.ltrans0.ltrans.o
 .text.DevPathToTextIPv4
                0x00000000000045a0      0x11c /tmp/ccPMkKwW.ltrans0.ltrans.o
 .text.DevPathToTextIPv6
                0x00000000000046bc       0xe8 /tmp/ccPMkKwW.ltrans0.ltrans.o
 .text.DevPathToTextInfiniBand
                0x00000000000047a4       0x1c /tmp/ccPMkKwW.ltrans0.ltrans.o
 .text.DevPathToTextUart
                0x00000000000047c0      0x10c /tmp/ccPMkKwW.ltrans0.ltrans.o
 .text.DevPathToTextiSCSI
                0x00000000000048cc      0x10c /tmp/ccPMkKwW.ltrans0.ltrans.o
 .text.DevPathToTextVlan
                0x00000000000049d8       0x10 /tmp/ccPMkKwW.ltrans0.ltrans.o
 .text.DevPathToTextBluetooth
                0x00000000000049e8       0x24 /tmp/ccPMkKwW.ltrans0.ltrans.o
 .text.DevPathToTextWiFi
                0x0000000000004a0c       0x78 /tmp/ccPMkKwW.ltrans0.ltrans.o
 .text.DevPathToTextBluetoothLE
                0x0000000000004a84       0x44 /tmp/ccPMkKwW.ltrans0.ltrans.o
 .text.DevPathToTextDns
                0x0000000000004ac8       0xd0 /tmp/ccPMkKwW.ltrans0.ltrans.o
 .text.DevPathToTextUri
                0x0000000000004b98       0x88 /tmp/ccPMkKwW.ltrans0.ltrans.o
 .text.DevPathToTextHardDrive
                0x0000000000004c20       0x8c /tmp/ccPMkKwW.ltrans0.ltrans.o
 .text.DevPathToTextCDROM
                0x0000000000004cac       0x30 /tmp/ccPMkKwW.ltrans0.ltrans.o
 .text.DevPathToTextFilePath
                0x0000000000004cdc       0x10 /tmp/ccPMkKwW.ltrans0.ltrans.o
 .text.DevPathToTextMediaProtocol
                0x0000000000004cec       0x10 /tmp/ccPMkKwW.ltrans0.ltrans.o
 .text.DevPathToTextFv
                0x0000000000004cfc       0x10 /tmp/ccPMkKwW.ltrans0.ltrans.o
 .text.DevPathToTextFvFile
                0x0000000000004d0c       0x10 /tmp/ccPMkKwW.ltrans0.ltrans.o
 .text.DevPathRelativeOffsetRange
                0x0000000000004d1c       0x10 /tmp/ccPMkKwW.ltrans0.ltrans.o
 .text.DevPathToTextRamDisk
                0x0000000000004d2c      0x168 /tmp/ccPMkKwW.ltrans0.ltrans.o
 .text.DevPathToTextBBS
                0x0000000000004e94       0x9c /tmp/ccPMkKwW.ltrans0.ltrans.o
 .text.BasePrintLibSPrint.constprop.0
                0x0000000000004f30       0x9c /tmp/ccPMkKwW.ltrans0.ltrans.o
 .text.SecurityStubAuthenticateState
                0x0000000000004fcc       0x48 /tmp/ccPMkKwW.ltrans0.ltrans.o
 .text.memcpy   0x0000000000005014       0x20 /tmp/ccPMkKwW.ltrans0.ltrans.o
                0x0000000000005014                memcpy
 .text._ModuleEntryPoint
                0x0000000000005034      0x3dc /tmp/ccPMkKwW.ltrans0.ltrans.o
                0x0000000000005034                _ModuleEntryPoint
 .text.__stack_chk_fail
                0x0000000000005410       0x24 /tmp/ccPMkKwW.ltrans0.ltrans.o
                0x0000000000005410                __stack_chk_fail
 *fill*         0x0000000000005434        0xc 
 .text          0x0000000000005440      0x218 /home/edk2mtk/edk2-mt6765/workspace/Build/MT6771Pkg/DEBUG_GCC5/AARCH64/MdePkg/Library/BaseMemoryLibOptDxe/BaseMemoryLibOptDxe/OUTPUT/BaseMemoryLibOptDxe.lib(CopyMem.obj)
                0x00000000000055ac                InternalMemCopyMem
 *fill*         0x0000000000005658       0x28 
 .text          0x0000000000005680       0xe0 /home/edk2mtk/edk2-mt6765/workspace/Build/MT6771Pkg/DEBUG_GCC5/AARCH64/MdePkg/Library/BaseMemoryLibOptDxe/BaseMemoryLibOptDxe/OUTPUT/BaseMemoryLibOptDxe.lib(CompareMem.obj)
                0x0000000000005680                InternalMemCompareMem
 .text          0x0000000000005760       0x30 /home/edk2mtk/edk2-mt6765/workspace/Build/MT6771Pkg/DEBUG_GCC5/AARCH64/MdePkg/Library/BaseLib/BaseLib/OUTPUT/BaseLib.lib(SwitchStack.obj)
                0x0000000000005760                InternalSwitchStackAsm
                0x0000000000005778                CpuPause
 .text          0x0000000000005790      0x200 /home/edk2mtk/edk2-mt6765/workspace/Build/MT6771Pkg/DEBUG_GCC5/AARCH64/MdePkg/Library/BaseMemoryLibOptDxe/BaseMemoryLibOptDxe/OUTPUT/BaseMemoryLibOptDxe.lib(SetMem.obj)
                0x0000000000005790                InternalMemSetMem16
                0x000000000000579c                InternalMemSetMem32
                0x00000000000057a8                InternalMemSetMem64
                0x00000000000057b4                InternalMemZeroMem
                0x00000000000057bc                InternalMemSetMem
 *fill*         0x0000000000005990       0x10 
 .text          0x00000000000059a0       0x20 /home/edk2mtk/edk2-mt6765/workspace/Build/MT6771Pkg/DEBUG_GCC5/AARCH64/MdePkg/Library/BaseMemoryLibOptDxe/BaseMemoryLibOptDxe/OUTPUT/BaseMemoryLibOptDxe.lib(CompareGuid.obj)
                0x00000000000059a0                InternalMemCompareGuid
 .text.ArmCacheInfo
                0x00000000000059c0        0x8 /home/edk2mtk/edk2-mt6765/workspace/Build/MT6771Pkg/DEBUG_GCC5/AARCH64/ArmPkg/Library/ArmLib/ArmBaseLib/OUTPUT/ArmBaseLib.lib(ArmLibSupport.obj)
                0x00000000000059c0                ArmCacheInfo
 .text.ArmGetInterruptState
                0x00000000000059c8       0x10 /home/edk2mtk/edk2-mt6765/workspace/Build/MT6771Pkg/DEBUG_GCC5/AARCH64/ArmPkg/Library/ArmLib/ArmBaseLib/OUTPUT/ArmBaseLib.lib(ArmLibSupport.obj)
                0x00000000000059c8                ArmGetInterruptState
 .text.ArmEnableInterrupts
                0x00000000000059d8        0xc /home/edk2mtk/edk2-mt6765/workspace/Build/MT6771Pkg/DEBUG_GCC5/AARCH64/ArmPkg/Library/ArmLib/ArmBaseLib/OUTPUT/ArmBaseLib.lib(ArmLibSupportV8.obj)
                0x00000000000059d8                ArmEnableInterrupts
 .text.ArmDisableInterrupts
                0x00000000000059e4        0xc /home/edk2mtk/edk2-mt6765/workspace/Build/MT6771Pkg/DEBUG_GCC5/AARCH64/ArmPkg/Library/ArmLib/ArmBaseLib/OUTPUT/ArmBaseLib.lib(ArmLibSupportV8.obj)
                0x00000000000059e4                ArmDisableInterrupts
 .text.ArmCleanInvalidateDataCacheEntryByMVA
                0x00000000000059f0        0x8 /home/edk2mtk/edk2-mt6765/workspace/Build/MT6771Pkg/DEBUG_GCC5/AARCH64/ArmPkg/Library/ArmLib/ArmBaseLib/OUTPUT/ArmBaseLib.lib(AArch64Support.obj)
                0x00000000000059f0                ArmCleanInvalidateDataCacheEntryByMVA
 .text.ArmDataSynchronizationBarrier
                0x00000000000059f8        0x8 /home/edk2mtk/edk2-mt6765/workspace/Build/MT6771Pkg/DEBUG_GCC5/AARCH64/ArmPkg/Library/ArmLib/ArmBaseLib/OUTPUT/ArmBaseLib.lib(AArch64Support.obj)
                0x00000000000059f8                ArmDataSynchronizationBarrier
 *(.rodata .rodata.* .gnu.linkonce.r.*)
 .rodata.DebugAssert.str1.1
                0x0000000000005a00      0xc40 /tmp/ccPMkKwW.ltrans0.ltrans.o
                                         0x28 (size before relaxing)
 .rodata.CompareMem.str1.1
                0x0000000000006640        0x0 /tmp/ccPMkKwW.ltrans0.ltrans.o
                                        0x116 (size before relaxing)
 .rodata.CopyMem.str1.1
                0x0000000000006640        0x0 /tmp/ccPMkKwW.ltrans0.ltrans.o
                                         0x53 (size before relaxing)
 .rodata.AllocateCopyPool.str1.1
                0x0000000000006640        0x0 /tmp/ccPMkKwW.ltrans0.ltrans.o
                                         0xb1 (size before relaxing)
 .rodata.DevicePathType.str1.1
                0x0000000000006640        0x0 /tmp/ccPMkKwW.ltrans0.ltrans.o
                                         0x6b (size before relaxing)
 .rodata.CompareGuid.str1.1
                0x0000000000006640        0x0 /tmp/ccPMkKwW.ltrans0.ltrans.o
                                         0x69 (size before relaxing)
 .rodata.ZeroMem.str1.1
                0x0000000000006640        0x0 /tmp/ccPMkKwW.ltrans0.ltrans.o
                                         0x89 (size before relaxing)
 .rodata.StrnLenS.str1.1
                0x0000000000006640        0x0 /tmp/ccPMkKwW.ltrans0.ltrans.o
                                         0x65 (size before relaxing)
 .rodata.AsciiStrLen.str1.1
                0x0000000000006640        0x0 /tmp/ccPMkKwW.ltrans0.ltrans.o
                                         0x8e (size before relaxing)
 .rodata.BasePrintLibSPrintMarker.constprop.0.str1.1
                0x0000000000006640        0x0 /tmp/ccPMkKwW.ltrans0.ltrans.o
                                        0x28e (size before relaxing)
 .rodata.BasePrintLibSPrintMarker.constprop.0
                0x0000000000006640       0x5e /tmp/ccPMkKwW.ltrans0.ltrans.o
 .rodata.DxeSmmReadyToLock.str1.1
                0x000000000000669e        0x0 /tmp/ccPMkKwW.ltrans0.ltrans.o
                                         0xd0 (size before relaxing)
 .rodata.FreePool.str1.1
                0x000000000000669e        0x0 /tmp/ccPMkKwW.ltrans0.ltrans.o
                                         0x48 (size before relaxing)
 .rodata.UnicodeVSPrint.str1.1
                0x000000000000669e        0x0 /tmp/ccPMkKwW.ltrans0.ltrans.o
                                         0x6e (size before relaxing)
 .rodata.UnicodeSPrint.constprop.0.str2.2
                0x000000000000669e      0xfda /tmp/ccPMkKwW.ltrans0.ltrans.o
                                         0x16 (size before relaxing)
 .rodata.UefiDevicePathLibCatPrint.str1.1
                0x0000000000007678        0x0 /tmp/ccPMkKwW.ltrans0.ltrans.o
                                         0x6c (size before relaxing)
 .rodata.Security2StubAuthenticate.str2.2
                0x0000000000007678        0x0 /tmp/ccPMkKwW.ltrans0.ltrans.o
                                         0x62 (size before relaxing)
 .rodata.Security2StubAuthenticate.str1.1
                0x0000000000007678        0x0 /tmp/ccPMkKwW.ltrans0.ltrans.o
                                         0x72 (size before relaxing)
 .rodata.DevPathToTextNodeGeneric.str2.2
                0x0000000000007678        0x0 /tmp/ccPMkKwW.ltrans0.ltrans.o
                                         0x34 (size before relaxing)
 .rodata.DevPathToTextPci.str2.2
                0x0000000000007678        0x0 /tmp/ccPMkKwW.ltrans0.ltrans.o
                                         0x1e (size before relaxing)
 .rodata.DevPathToTextPccard.str2.2
                0x0000000000007678        0x0 /tmp/ccPMkKwW.ltrans0.ltrans.o
                                         0x1a (size before relaxing)
 .rodata.DevPathToTextMemMap.str2.2
                0x0000000000007678        0x0 /tmp/ccPMkKwW.ltrans0.ltrans.o
                                         0x3e (size before relaxing)
 .rodata.DevPathToTextVendor.str2.2
                0x0000000000007678        0x0 /tmp/ccPMkKwW.ltrans0.ltrans.o
                                        0x1e6 (size before relaxing)
 .rodata.DevPathToTextController.str2.2
                0x0000000000007678        0x0 /tmp/ccPMkKwW.ltrans0.ltrans.o
                                         0x16 (size before relaxing)
 .rodata.DevPathToTextBmc.str2.2
                0x0000000000007678        0x0 /tmp/ccPMkKwW.ltrans0.ltrans.o
                                         0x20 (size before relaxing)
 .rodata.DevPathToTextAcpi.str2.2
                0x0000000000007678        0x0 /tmp/ccPMkKwW.ltrans0.ltrans.o
                                         0xfc (size before relaxing)
 .rodata.DevPathToTextAcpiEx.str2.2
                0x0000000000007678        0x0 /tmp/ccPMkKwW.ltrans0.ltrans.o
                                         0xf4 (size before relaxing)
 .rodata.DevPathToTextAcpiAdr.str2.2
                0x0000000000007678        0x0 /tmp/ccPMkKwW.ltrans0.ltrans.o
                                         0x26 (size before relaxing)
 .rodata.DevPathToTextAtapi.str2.2
                0x0000000000007678        0x0 /tmp/ccPMkKwW.ltrans0.ltrans.o
                                         0x72 (size before relaxing)
 .rodata.DevPathToTextScsi.str2.2
                0x0000000000007678        0x0 /tmp/ccPMkKwW.ltrans0.ltrans.o
                                         0x20 (size before relaxing)
 .rodata.DevPathToTextFibre.str2.2
                0x0000000000007678        0x0 /tmp/ccPMkKwW.ltrans0.ltrans.o
                                         0x26 (size before relaxing)
 .rodata.DevPathToTextFibreEx.str2.2
                0x0000000000007678        0x0 /tmp/ccPMkKwW.ltrans0.ltrans.o
                                         0x1e (size before relaxing)
 .rodata.DevPathToTextSasEx.str2.2
                0x0000000000007678        0x0 /tmp/ccPMkKwW.ltrans0.ltrans.o
                                         0x66 (size before relaxing)
 .rodata.DevPathToTextNVMe.str2.2
                0x0000000000007678        0x0 /tmp/ccPMkKwW.ltrans0.ltrans.o
                                         0x66 (size before relaxing)
 .rodata.DevPathToTextUfs.str2.2
                0x0000000000007678        0x0 /tmp/ccPMkKwW.ltrans0.ltrans.o
                                         0x1e (size before relaxing)
 .rodata.DevPathToTextSd.str2.2
                0x0000000000007678        0x0 /tmp/ccPMkKwW.ltrans0.ltrans.o
                                         0x12 (size before relaxing)
 .rodata.DevPathToTextEmmc.str2.2
                0x0000000000007678        0x0 /tmp/ccPMkKwW.ltrans0.ltrans.o
                                         0x16 (size before relaxing)
 .rodata.DevPathToText1394.str2.2
                0x0000000000007678        0x0 /tmp/ccPMkKwW.ltrans0.ltrans.o
                                         0x1c (size before relaxing)
 .rodata.DevPathToTextUsb.str2.2
                0x0000000000007678        0x0 /tmp/ccPMkKwW.ltrans0.ltrans.o
                                         0x1e (size before relaxing)
 .rodata.DevPathToTextUsbWWID.str1.1
                0x0000000000007678        0x0 /tmp/ccPMkKwW.ltrans0.ltrans.o
                                         0x17 (size before relaxing)
 .rodata.DevPathToTextUsbWWID.str2.2
                0x0000000000007678        0x0 /tmp/ccPMkKwW.ltrans0.ltrans.o
                                         0x3a (size before relaxing)
 .rodata.DevPathToTextLogicalUnit.str2.2
                0x0000000000007678        0x0 /tmp/ccPMkKwW.ltrans0.ltrans.o
                                         0x16 (size before relaxing)
 .rodata.DevPathToTextUsbClass.str2.2
                0x0000000000007678        0x0 /tmp/ccPMkKwW.ltrans0.ltrans.o
                                        0x250 (size before relaxing)
 .rodata.DevPathToTextUsbClass
                0x0000000000007678        0xe /tmp/ccPMkKwW.ltrans0.ltrans.o
 .rodata.DevPathToTextSata.str2.2
                0x0000000000007686        0x0 /tmp/ccPMkKwW.ltrans0.ltrans.o
                                         0x2a (size before relaxing)
 .rodata.DevPathToTextI2O.str2.2
                0x0000000000007686        0x0 /tmp/ccPMkKwW.ltrans0.ltrans.o
                                         0x14 (size before relaxing)
 .rodata.DevPathToTextMacAddr.str2.2
                0x0000000000007686        0x0 /tmp/ccPMkKwW.ltrans0.ltrans.o
                                         0x18 (size before relaxing)
 .rodata.CatNetworkProtocol.str2.2
                0x0000000000007686        0x0 /tmp/ccPMkKwW.ltrans0.ltrans.o
                                         0x10 (size before relaxing)
 .rodata.CatIPv4Address.isra.0.str2.2
                0x0000000000007686        0x0 /tmp/ccPMkKwW.ltrans0.ltrans.o
                                         0x18 (size before relaxing)
 .rodata.CatIPv6Address.str2.2
                0x0000000000007686        0x0 /tmp/ccPMkKwW.ltrans0.ltrans.o
                                         0x90 (size before relaxing)
 .rodata.DevPathToTextIPv4.str2.2
                0x0000000000007686        0x0 /tmp/ccPMkKwW.ltrans0.ltrans.o
                                         0x2e (size before relaxing)
 .rodata.DevPathToTextIPv6.str2.2
                0x0000000000007686        0x0 /tmp/ccPMkKwW.ltrans0.ltrans.o
                                         0x80 (size before relaxing)
 .rodata.DevPathToTextInfiniBand.str2.2
                0x0000000000007686        0x0 /tmp/ccPMkKwW.ltrans0.ltrans.o
                                         0x4c (size before relaxing)
 .rodata.DevPathToTextUart.str2.2
                0x0000000000007686        0x0 /tmp/ccPMkKwW.ltrans0.ltrans.o
                                         0x74 (size before relaxing)
 .rodata.DevPathToTextiSCSI.str2.2
                0x0000000000007686        0x0 /tmp/ccPMkKwW.ltrans0.ltrans.o
                                         0x6c (size before relaxing)
 .rodata.DevPathToTextVlan.str2.2
                0x0000000000007686        0x0 /tmp/ccPMkKwW.ltrans0.ltrans.o
                                         0x12 (size before relaxing)
 .rodata.DevPathToTextBluetooth.str2.2
                0x0000000000007686        0x0 /tmp/ccPMkKwW.ltrans0.ltrans.o
                                         0x48 (size before relaxing)
 .rodata.DevPathToTextWiFi.str2.2
                0x0000000000007686        0x0 /tmp/ccPMkKwW.ltrans0.ltrans.o
                                         0x14 (size before relaxing)
 .rodata.DevPathToTextBluetoothLE.str2.2
                0x0000000000007686        0x0 /tmp/ccPMkKwW.ltrans0.ltrans.o
                                         0x5a (size before relaxing)
 .rodata.DevPathToTextDns.str2.2
                0x0000000000007686        0x0 /tmp/ccPMkKwW.ltrans0.ltrans.o
                                          0xa (size before relaxing)
 .rodata.DevPathToTextUri.str1.1
                0x0000000000007686        0x0 /tmp/ccPMkKwW.ltrans0.ltrans.o
                                         0x17 (size before relaxing)
 .rodata.DevPathToTextUri.str2.2
                0x0000000000007686        0x0 /tmp/ccPMkKwW.ltrans0.ltrans.o
                                         0x10 (size before relaxing)
 .rodata.DevPathToTextHardDrive.str2.2
                0x0000000000007686        0x0 /tmp/ccPMkKwW.ltrans0.ltrans.o
                                         0x7e (size before relaxing)
 .rodata.DevPathToTextCDROM.str2.2
                0x0000000000007686        0x0 /tmp/ccPMkKwW.ltrans0.ltrans.o
                                         0x48 (size before relaxing)
 .rodata.DevPathToTextFilePath.str2.2
                0x0000000000007686        0x0 /tmp/ccPMkKwW.ltrans0.ltrans.o
                                          0x6 (size before relaxing)
 .rodata.DevPathToTextMediaProtocol.str2.2
                0x0000000000007686        0x0 /tmp/ccPMkKwW.ltrans0.ltrans.o
                                         0x14 (size before relaxing)
 .rodata.DevPathToTextFv.str2.2
                0x0000000000007686        0x0 /tmp/ccPMkKwW.ltrans0.ltrans.o
                                          0xe (size before relaxing)
 .rodata.DevPathToTextFvFile.str2.2
                0x0000000000007686        0x0 /tmp/ccPMkKwW.ltrans0.ltrans.o
                                         0x16 (size before relaxing)
 .rodata.DevPathRelativeOffsetRange.str2.2
                0x0000000000007686        0x0 /tmp/ccPMkKwW.ltrans0.ltrans.o
                                         0x28 (size before relaxing)
 .rodata.DevPathToTextRamDisk.str2.2
                0x0000000000007686        0x0 /tmp/ccPMkKwW.ltrans0.ltrans.o
                                        0x136 (size before relaxing)
 .rodata.DevPathToTextBBS.str2.2
                0x0000000000007686        0x0 /tmp/ccPMkKwW.ltrans0.ltrans.o
                                         0x2c (size before relaxing)
 .rodata._ModuleEntryPoint.str1.1
                0x0000000000007686        0x0 /tmp/ccPMkKwW.ltrans0.ltrans.o
                                        0x277 (size before relaxing)
 .rodata.__stack_chk_fail.str1.1
                0x0000000000007686        0x0 /tmp/ccPMkKwW.ltrans0.ltrans.o
                                         0x2e (size before relaxing)
 .rodata.mHexStr
                0x0000000000007686       0x10 /tmp/ccPMkKwW.ltrans0.ltrans.o
 .rodata.mWarningString
                0x0000000000007696       0x96 /tmp/ccPMkKwW.ltrans0.ltrans.o
 .rodata.mErrorString
                0x000000000000772c      0x2b5 /tmp/ccPMkKwW.ltrans0.ltrans.o
 .rodata.str2.2
                0x00000000000079e1        0x0 /tmp/ccPMkKwW.ltrans0.ltrans.o
                                         0x96 (size before relaxing)
 *fill*         0x00000000000079e1        0x7 
 .rodata.mUefiDevicePathLibToTextTableGeneric
                0x00000000000079e8       0x60 /tmp/ccPMkKwW.ltrans0.ltrans.o
 .rodata.CSWTCH.58
                0x0000000000007a48       0x30 /tmp/ccPMkKwW.ltrans0.ltrans.o
 .rodata.CSWTCH.42
                0x0000000000007a78        0x6 /tmp/ccPMkKwW.ltrans0.ltrans.o
 *fill*         0x0000000000007a7e        0x2 
 .rodata.mUefiDevicePathLibToTextTable
                0x0000000000007a80      0x320 /tmp/ccPMkKwW.ltrans0.ltrans.o
 *(.got .got.*)
 .got           0x0000000000007da0        0x8 /home/edk2mtk/edk2-mt6765/edk2/ArmPkg/Library/GccLto/liblto-aarch64.a
                0x0000000000007da0                _GLOBAL_OFFSET_TABLE_
 .got.plt       0x0000000000007da8       0x18 /home/edk2mtk/edk2-mt6765/edk2/ArmPkg/Library/GccLto/liblto-aarch64.a
 *:AutoGen.obj(.data.g*Guid)

.plt            0x0000000000007dc0        0x0
 .plt           0x0000000000007dc0        0x0 /home/edk2mtk/edk2-mt6765/edk2/ArmPkg/Library/GccLto/liblto-aarch64.a

.data           0x0000000000008000      0x4e8
 *(.data .data.* .gnu.linkonce.d.*)
 .data.rel.ro   0x0000000000008000        0x0 /home/edk2mtk/edk2-mt6765/edk2/ArmPkg/Library/GccLto/liblto-aarch64.a
 .data.__stack_chk_guard
                0x0000000000008000        0x8 /tmp/ccPMkKwW.ltrans0.ltrans.o
                0x0000000000008000                __stack_chk_guard
 .data.font5x12
                0x0000000000008008      0x300 /tmp/ccPMkKwW.ltrans0.ltrans.o
 .data.gEfiPersistentVirtualCdGuid
                0x0000000000008308       0x10 /tmp/ccPMkKwW.ltrans0.ltrans.o
 .data.gEfiPersistentVirtualDiskGuid
                0x0000000000008318       0x10 /tmp/ccPMkKwW.ltrans0.ltrans.o
 .data.gEfiVirtualCdGuid
                0x0000000000008328       0x10 /tmp/ccPMkKwW.ltrans0.ltrans.o
 .data.gEfiVirtualDiskGuid
                0x0000000000008338       0x10 /tmp/ccPMkKwW.ltrans0.ltrans.o
 .data.gEfiDebugPortProtocolGuid
                0x0000000000008348       0x10 /tmp/ccPMkKwW.ltrans0.ltrans.o
 .data.gEfiSasDevicePathGuid
                0x0000000000008358       0x10 /tmp/ccPMkKwW.ltrans0.ltrans.o
 .data.gEfiUartDevicePathGuid
                0x0000000000008368       0x10 /tmp/ccPMkKwW.ltrans0.ltrans.o
 .data.gEfiVTUTF8Guid
                0x0000000000008378       0x10 /tmp/ccPMkKwW.ltrans0.ltrans.o
 .data.gEfiVT100PlusGuid
                0x0000000000008388       0x10 /tmp/ccPMkKwW.ltrans0.ltrans.o
 .data.gEfiVT100Guid
                0x0000000000008398       0x10 /tmp/ccPMkKwW.ltrans0.ltrans.o
 .data.gEfiPcAnsiGuid
                0x00000000000083a8       0x10 /tmp/ccPMkKwW.ltrans0.ltrans.o
 .data.gEfiStatusCodeRuntimeProtocolGuid
                0x00000000000083b8       0x10 /tmp/ccPMkKwW.ltrans0.ltrans.o
 .data.gEfiCallerIdGuid
                0x00000000000083c8       0x10 /tmp/ccPMkKwW.ltrans0.ltrans.o
 .data.gEfiFirmwareVolume2ProtocolGuid
                0x00000000000083d8       0x10 /tmp/ccPMkKwW.ltrans0.ltrans.o
 .data.gEfiHobListGuid
                0x00000000000083e8       0x10 /tmp/ccPMkKwW.ltrans0.ltrans.o
 .data.gEfiDxeSmmReadyToLockProtocolGuid
                0x00000000000083f8       0x10 /tmp/ccPMkKwW.ltrans0.ltrans.o
 .data.gEfiEndOfDxeEventGroupGuid
                0x0000000000008408       0x10 /tmp/ccPMkKwW.ltrans0.ltrans.o
 .data.mDeferredImageLoad
                0x0000000000008418        0x8 /tmp/ccPMkKwW.ltrans0.ltrans.o
 .data.gEfiDeferredImageLoadProtocolGuid
                0x0000000000008420       0x10 /tmp/ccPMkKwW.ltrans0.ltrans.o
 .data.mSecurityStub
                0x0000000000008430        0x8 /tmp/ccPMkKwW.ltrans0.ltrans.o
 .data.mSecurity2Stub
                0x0000000000008438        0x8 /tmp/ccPMkKwW.ltrans0.ltrans.o
 .data.gEfiSecurityArchProtocolGuid
                0x0000000000008440       0x10 /tmp/ccPMkKwW.ltrans0.ltrans.o
 .data.gEfiSecurity2ArchProtocolGuid
                0x0000000000008450       0x10 /tmp/ccPMkKwW.ltrans0.ltrans.o
 *(.bss .bss.*)
 .bss.m_Color   0x0000000000008460       0x10 /tmp/ccPMkKwW.ltrans0.ltrans.o
 .bss.m_MaxPosition
                0x0000000000008470       0x10 /tmp/ccPMkKwW.ltrans0.ltrans.o
 .bss.m_Position
                0x0000000000008480       0x10 /tmp/ccPMkKwW.ltrans0.ltrans.o
 .bss.m_Initialized
                0x0000000000008490        0x1 /tmp/ccPMkKwW.ltrans0.ltrans.o
 *fill*         0x0000000000008491        0x7 
 .bss.mReportStatusCodeLibStatusCodeProtocol
                0x0000000000008498        0x8 /tmp/ccPMkKwW.ltrans0.ltrans.o
 .bss.mDeferred3rdPartyImage
                0x00000000000084a0       0x10 /tmp/ccPMkKwW.ltrans0.ltrans.o
 .bss.mImageLoadedAfterEndOfDxe
                0x00000000000084b0        0x1 /tmp/ccPMkKwW.ltrans0.ltrans.o
 .bss.mEndOfDxe
                0x00000000000084b1        0x1 /tmp/ccPMkKwW.ltrans0.ltrans.o
 *fill*         0x00000000000084b2        0x6 
 .bss.gRT       0x00000000000084b8        0x8 /tmp/ccPMkKwW.ltrans0.ltrans.o
 .bss.gImageHandle
                0x00000000000084c0        0x8 /tmp/ccPMkKwW.ltrans0.ltrans.o
 .bss.mHobList  0x00000000000084c8        0x8 /tmp/ccPMkKwW.ltrans0.ltrans.o
 .bss.mSecurityArchProtocolHandle
                0x00000000000084d0        0x8 /tmp/ccPMkKwW.ltrans0.ltrans.o
 .bss.gBS       0x00000000000084d8        0x8 /tmp/ccPMkKwW.ltrans0.ltrans.o
 .bss.gST       0x00000000000084e0        0x8 /tmp/ccPMkKwW.ltrans0.ltrans.o

.dynbss         0x00000000000084e8        0x0
 .dynbss        0x00000000000084e8        0x0 /home/edk2mtk/edk2-mt6765/edk2/ArmPkg/Library/GccLto/liblto-aarch64.a

.eh_frame
 *(.eh_frame)

.rela           0x00000000000084e8      0x5e8
 *(.rela .rela.*)
 .rela.got      0x00000000000084e8        0x0 /home/edk2mtk/edk2-mt6765/edk2/ArmPkg/Library/GccLto/liblto-aarch64.a
 .rela.plt      0x00000000000084e8        0x0 /home/edk2mtk/edk2-mt6765/edk2/ArmPkg/Library/GccLto/liblto-aarch64.a
 .rela.bss      0x00000000000084e8        0x0 /home/edk2mtk/edk2-mt6765/edk2/ArmPkg/Library/GccLto/liblto-aarch64.a
 .rela.data.rel.ro
                0x00000000000084e8        0x0 /home/edk2mtk/edk2-mt6765/edk2/ArmPkg/Library/GccLto/liblto-aarch64.a
 .rela.ifunc    0x00000000000084e8        0x0 /home/edk2mtk/edk2-mt6765/edk2/ArmPkg/Library/GccLto/liblto-aarch64.a
 .rela.rodata.mUefiDevicePathLibToTextTableGeneric
                0x00000000000084e8       0x78 /home/edk2mtk/edk2-mt6765/edk2/ArmPkg/Library/GccLto/liblto-aarch64.a
 .rela.rodata.CSWTCH.58
                0x0000000000008560       0x90 /home/edk2mtk/edk2-mt6765/edk2/ArmPkg/Library/GccLto/liblto-aarch64.a
 .rela.rodata.mUefiDevicePathLibToTextTable
                0x00000000000085f0      0x498 /home/edk2mtk/edk2-mt6765/edk2/ArmPkg/Library/GccLto/liblto-aarch64.a
 .rela.data.mDeferredImageLoad
                0x0000000000008a88       0x18 /home/edk2mtk/edk2-mt6765/edk2/ArmPkg/Library/GccLto/liblto-aarch64.a
 .rela.data.mSecurityStub
                0x0000000000008aa0       0x18 /home/edk2mtk/edk2-mt6765/edk2/ArmPkg/Library/GccLto/liblto-aarch64.a
 .rela.data.mSecurity2Stub
                0x0000000000008ab8       0x18 /home/edk2mtk/edk2-mt6765/edk2/ArmPkg/Library/GccLto/liblto-aarch64.a

.hii
 *(.hii)

.build-id       0x0000000000008ad0       0x24
 *(.note.gnu.build-id)
 .note.gnu.build-id
                0x0000000000008ad0       0x24 /home/edk2mtk/edk2-mt6765/edk2/ArmPkg/Library/GccLto/liblto-aarch64.a

/DISCARD/
 *(.note.GNU-stack)
 *(.gnu_debuglink)
 *(.interp)
 *(.dynsym)
 *(.dynstr)
 *(.dynamic)
 *(.hash .gnu.hash)
 *(.comment)
                0x0000000000000228                PECOFF_HEADER_SIZE = 0x228
OUTPUT(/home/edk2mtk/edk2-mt6765/workspace/Build/MT6771Pkg/DEBUG_GCC5/AARCH64/MdeModulePkg/Universal/SecurityStubDxe/SecurityStubDxe/DEBUG/SecurityStubDxe.dll elf64-littleaarch64)
LOAD linker stubs

.debug_info     0x0000000000000000    0x23386
 .debug_info    0x0000000000000000     0x6c77 /tmp/ccPMkKwW.ltrans0.ltrans.o
 .debug_info    0x0000000000006c77       0xf7 /tmp/ccQbkvqo.debug.temp.o
                0x0000000000006c77                memcpy.c.a022bb0b
 .debug_info    0x0000000000006d6e       0xb4 /tmp/ccp1M1QO.debug.temp.o
                0x0000000000006d6e                memset.c.347e7144
 .debug_info    0x0000000000006e22     0x1949 /tmp/ccoUxIIf.debug.temp.o
                0x0000000000006e22                DriverEntryPoint.c.aed905de
 .debug_info    0x000000000000876b      0x12f /tmp/ccYL7Mal.debug.temp.o
                0x000000000000876b                BaseStackCheckGcc.c.e2264bbe
 .debug_info    0x000000000000889a     0x1e4a /tmp/ccsBQ4iS.debug.temp.o
                0x000000000000889a                AutoGen.c.051edfb4
 .debug_info    0x000000000000a6e4     0x19ae /tmp/ccbGdMrz.debug.temp.o
                0x000000000000a6e4                SecurityStub.c.1bd6a202
 .debug_info    0x000000000000c092     0x12ee /tmp/ccsE1JpD.debug.temp.o
                0x000000000000c092                Defer3rdPartyImageLoad.c.36a1bf4c
 .debug_info    0x000000000000d380      0x132 /tmp/cc99s8nH.debug.temp.o
                0x000000000000d380                CompareMemWrapper.c.7cbc44b1
 .debug_info    0x000000000000d4b2      0x11e /tmp/cckQOGLl.debug.temp.o
                0x000000000000d4b2                CopyMemWrapper.c.a155aadd
 .debug_info    0x000000000000d5d0       0xa3 /tmp/ccpxdacP.debug.temp.o
                0x000000000000d5d0                CpuDeadLoop.c.64fec4a5
 .debug_info    0x000000000000d673      0x3d9 /tmp/ccv5opp2.debug.temp.o
                0x000000000000d673                DebugLib.c.446090d2
 .debug_info    0x000000000000da4c     0x135e /tmp/ccHkb5KT.debug.temp.o
                0x000000000000da4c                MemoryAllocationLib.c.cc5a5fc6
 .debug_info    0x000000000000edaa     0x173e /tmp/ccH0dh9M.debug.temp.o
                0x000000000000edaa                UefiRuntimeServicesTableLib.c.b47200ac
 .debug_info    0x00000000000104e8      0x3fc /tmp/ccQMe8Nt.debug.temp.o
                0x00000000000104e8                UefiDevicePathLib.c.73161310
 .debug_info    0x00000000000108e4      0x6b1 /tmp/ccqP42nc.debug.temp.o
                0x00000000000108e4                DevicePathUtilities.c.5b786c7f
 .debug_info    0x0000000000010f95     0x25d1 /tmp/cc6Um5ck.debug.temp.o
                0x0000000000010f95                DevicePathToText.c.dbec81b9
 .debug_info    0x0000000000013566     0x1767 /tmp/ccx4mFYC.debug.temp.o
                0x0000000000013566                UefiBootServicesTableLib.c.f2114479
 .debug_info    0x0000000000014ccd     0x25d1 /tmp/ccBVTh4u.debug.temp.o
                0x0000000000014ccd                UefiLib.c.a6379151
 .debug_info    0x000000000001729e     0x20f4 /tmp/cc44tz5Z.debug.temp.o
                0x000000000001729e                HobLib.c.69301aa6
 .debug_info    0x0000000000019392     0x11ed /tmp/ccXLsUI7.debug.temp.o
                0x0000000000019392                DxeSecurityManagementLib.c.3f3b75b9
 .debug_info    0x000000000001a57f     0x1412 /tmp/ccXxncLz.debug.temp.o
                0x000000000001a57f                ReportStatusCodeLib.c.f04cfd05
 .debug_info    0x000000000001b991      0x232 /tmp/cc20tZJ1.debug.temp.o
                0x000000000001b991                MemLibGuid.c.6afc2aec
 .debug_info    0x000000000001bbc3      0x109 /tmp/cce8nS0F.debug.temp.o
                0x000000000001bbc3                ZeroMemWrapper.c.9d1deddc
 .debug_info    0x000000000001bccc      0x105 /tmp/ccraHXR0.debug.temp.o
                0x000000000001bccc                LShiftU64.c.4e1c5842
 .debug_info    0x000000000001bdd1     0x10b5 /tmp/ccYmytYF.debug.temp.o
                0x000000000001bdd1                SafeString.c.001dd263
 .debug_info    0x000000000001ce86      0x7ae /tmp/cclporiR.debug.temp.o
                0x000000000001ce86                String.c.abace36a
 .debug_info    0x000000000001d634      0x28d /tmp/ccp8pHjW.debug.temp.o
                0x000000000001d634                Unaligned.c.7190595f
 .debug_info    0x000000000001d8c1      0x2db /tmp/ccPLMZmz.debug.temp.o
                0x000000000001d8c1                Math64.c.59b243f1
 .debug_info    0x000000000001db9c      0x5c4 /tmp/cc62N8Oc.debug.temp.o
                0x000000000001db9c                FrameBufferSerialPortLib.c.6d1e4d4b
 .debug_info    0x000000000001e160      0x5c4 /tmp/ccFldifl.debug.temp.o
                0x000000000001e160                PrintLib.c.76efccd8
 .debug_info    0x000000000001e724      0x7a1 /tmp/ccn2sjIz.debug.temp.o
                0x000000000001e724                PrintLibInternal.c.c2f63578
 .debug_info    0x000000000001eec5     0x2623 /tmp/ccI7YGlx.debug.temp.o
                0x000000000001eec5                DxeServicesLib.c.db500526
 .debug_info    0x00000000000214e8      0x126 /tmp/cc3stglD.debug.temp.o
                0x00000000000214e8                DivU64x32Remainder.c.d33f1bed
 .debug_info    0x000000000002160e      0x260 /tmp/ccDMAt6c.debug.temp.o
                0x000000000002160e                ArmCacheMaintenanceLib.c.9a3ca372
 .debug_info    0x000000000002186e     0x19c2 /tmp/ccZYX5cE.debug.temp.o
                0x000000000002186e                UefiNotTiano.c.274f4445
 .debug_info    0x0000000000023230      0x156 /tmp/ccjVPdjk.debug.temp.o
                0x0000000000023230                ArmLib.c.ed55ba41

.debug_abbrev   0x0000000000000000     0x3f5c
 .debug_abbrev  0x0000000000000000      0x2bd /tmp/ccPMkKwW.ltrans0.ltrans.o
 .debug_abbrev  0x00000000000002bd       0xb0 /tmp/ccQbkvqo.debug.temp.o
 .debug_abbrev  0x000000000000036d       0x7d /tmp/ccp1M1QO.debug.temp.o
 .debug_abbrev  0x00000000000003ea      0x25a /tmp/ccoUxIIf.debug.temp.o
 .debug_abbrev  0x0000000000000644       0xf9 /tmp/ccYL7Mal.debug.temp.o
 .debug_abbrev  0x000000000000073d      0x2d4 /tmp/ccsBQ4iS.debug.temp.o
 .debug_abbrev  0x0000000000000a11      0x28e /tmp/ccbGdMrz.debug.temp.o
 .debug_abbrev  0x0000000000000c9f      0x2d7 /tmp/ccsE1JpD.debug.temp.o
 .debug_abbrev  0x0000000000000f76       0xbd /tmp/cc99s8nH.debug.temp.o
 .debug_abbrev  0x0000000000001033       0xc4 /tmp/cckQOGLl.debug.temp.o
 .debug_abbrev  0x00000000000010f7       0x76 /tmp/ccpxdacP.debug.temp.o
 .debug_abbrev  0x000000000000116d      0x1a2 /tmp/ccv5opp2.debug.temp.o
 .debug_abbrev  0x000000000000130f      0x271 /tmp/ccHkb5KT.debug.temp.o
 .debug_abbrev  0x0000000000001580      0x1d7 /tmp/ccH0dh9M.debug.temp.o
 .debug_abbrev  0x0000000000001757      0x11a /tmp/ccQMe8Nt.debug.temp.o
 .debug_abbrev  0x0000000000001871      0x1ec /tmp/ccqP42nc.debug.temp.o
 .debug_abbrev  0x0000000000001a5d      0x2c5 /tmp/cc6Um5ck.debug.temp.o
 .debug_abbrev  0x0000000000001d22      0x207 /tmp/ccx4mFYC.debug.temp.o
 .debug_abbrev  0x0000000000001f29      0x2f7 /tmp/ccBVTh4u.debug.temp.o
 .debug_abbrev  0x0000000000002220      0x2d3 /tmp/cc44tz5Z.debug.temp.o
 .debug_abbrev  0x00000000000024f3      0x296 /tmp/ccXLsUI7.debug.temp.o
 .debug_abbrev  0x0000000000002789      0x2b9 /tmp/ccXxncLz.debug.temp.o
 .debug_abbrev  0x0000000000002a42      0x10b /tmp/cc20tZJ1.debug.temp.o
 .debug_abbrev  0x0000000000002b4d       0xbe /tmp/cce8nS0F.debug.temp.o
 .debug_abbrev  0x0000000000002c0b       0xb8 /tmp/ccraHXR0.debug.temp.o
 .debug_abbrev  0x0000000000002cc3      0x1cd /tmp/ccYmytYF.debug.temp.o
 .debug_abbrev  0x0000000000002e90      0x15d /tmp/cclporiR.debug.temp.o
 .debug_abbrev  0x0000000000002fed       0xd5 /tmp/ccp8pHjW.debug.temp.o
 .debug_abbrev  0x00000000000030c2       0xd6 /tmp/ccPLMZmz.debug.temp.o
 .debug_abbrev  0x0000000000003198      0x24b /tmp/cc62N8Oc.debug.temp.o
 .debug_abbrev  0x00000000000033e3      0x178 /tmp/ccFldifl.debug.temp.o
 .debug_abbrev  0x000000000000355b      0x1d4 /tmp/ccn2sjIz.debug.temp.o
 .debug_abbrev  0x000000000000372f      0x2c7 /tmp/ccI7YGlx.debug.temp.o
 .debug_abbrev  0x00000000000039f6       0xb8 /tmp/cc3stglD.debug.temp.o
 .debug_abbrev  0x0000000000003aae       0xfe /tmp/ccDMAt6c.debug.temp.o
 .debug_abbrev  0x0000000000003bac      0x2bb /tmp/ccZYX5cE.debug.temp.o
 .debug_abbrev  0x0000000000003e67       0xf5 /tmp/ccjVPdjk.debug.temp.o

.debug_loclists
                0x0000000000000000     0x661c
 .debug_loclists
                0x0000000000000000     0x661c /tmp/ccPMkKwW.ltrans0.ltrans.o

.debug_aranges  0x0000000000000000      0x6a0
 .debug_aranges
                0x0000000000000000      0x6a0 /tmp/ccPMkKwW.ltrans0.ltrans.o

.debug_rnglists
                0x0000000000000000      0x72b
 .debug_rnglists
                0x0000000000000000      0x72b /tmp/ccPMkKwW.ltrans0.ltrans.o

.debug_line     0x0000000000000000     0x4b4b
 .debug_line    0x0000000000000000     0x3b28 /tmp/ccPMkKwW.ltrans0.ltrans.o
 .debug_line    0x0000000000003b28       0x3a /tmp/ccQbkvqo.debug.temp.o
 .debug_line    0x0000000000003b62       0x3a /tmp/ccp1M1QO.debug.temp.o
 .debug_line    0x0000000000003b9c       0x93 /tmp/ccoUxIIf.debug.temp.o
 .debug_line    0x0000000000003c2f       0x5a /tmp/ccYL7Mal.debug.temp.o
 .debug_line    0x0000000000003c89       0x93 /tmp/ccsBQ4iS.debug.temp.o
 .debug_line    0x0000000000003d1c       0xa1 /tmp/ccbGdMrz.debug.temp.o
 .debug_line    0x0000000000003dbd       0xab /tmp/ccsE1JpD.debug.temp.o
 .debug_line    0x0000000000003e68       0x51 /tmp/cc99s8nH.debug.temp.o
 .debug_line    0x0000000000003eb9       0x51 /tmp/cckQOGLl.debug.temp.o
 .debug_line    0x0000000000003f0a       0x4c /tmp/ccpxdacP.debug.temp.o
 .debug_line    0x0000000000003f56       0x77 /tmp/ccv5opp2.debug.temp.o
 .debug_line    0x0000000000003fcd       0x7b /tmp/ccHkb5KT.debug.temp.o
 .debug_line    0x0000000000004048       0x7b /tmp/ccH0dh9M.debug.temp.o
 .debug_line    0x00000000000040c3       0x51 /tmp/ccQMe8Nt.debug.temp.o
 .debug_line    0x0000000000004114       0x7b /tmp/ccqP42nc.debug.temp.o
 .debug_line    0x000000000000418f       0xa5 /tmp/cc6Um5ck.debug.temp.o
 .debug_line    0x0000000000004234       0x80 /tmp/ccx4mFYC.debug.temp.o
 .debug_line    0x00000000000042b4       0xb1 /tmp/ccBVTh4u.debug.temp.o
 .debug_line    0x0000000000004365       0x9c /tmp/cc44tz5Z.debug.temp.o
 .debug_line    0x0000000000004401       0x97 /tmp/ccXLsUI7.debug.temp.o
 .debug_line    0x0000000000004498       0xb3 /tmp/ccXxncLz.debug.temp.o
 .debug_line    0x000000000000454b       0x5e /tmp/cc20tZJ1.debug.temp.o
 .debug_line    0x00000000000045a9       0x51 /tmp/cce8nS0F.debug.temp.o
 .debug_line    0x00000000000045fa       0x51 /tmp/ccraHXR0.debug.temp.o
 .debug_line    0x000000000000464b       0x6d /tmp/ccYmytYF.debug.temp.o
 .debug_line    0x00000000000046b8       0x63 /tmp/cclporiR.debug.temp.o
 .debug_line    0x000000000000471b       0x51 /tmp/ccp8pHjW.debug.temp.o
 .debug_line    0x000000000000476c       0x4c /tmp/ccPLMZmz.debug.temp.o
 .debug_line    0x00000000000047b8       0x75 /tmp/cc62N8Oc.debug.temp.o
 .debug_line    0x000000000000482d       0x5f /tmp/ccFldifl.debug.temp.o
 .debug_line    0x000000000000488c       0x6d /tmp/ccn2sjIz.debug.temp.o
 .debug_line    0x00000000000048f9       0xc8 /tmp/ccI7YGlx.debug.temp.o
 .debug_line    0x00000000000049c1       0x51 /tmp/cc3stglD.debug.temp.o
 .debug_line    0x0000000000004a12       0x55 /tmp/ccDMAt6c.debug.temp.o
 .debug_line    0x0000000000004a67       0x98 /tmp/ccZYX5cE.debug.temp.o
 .debug_line    0x0000000000004aff       0x4c /tmp/ccjVPdjk.debug.temp.o

.debug_str      0x0000000000000000     0x6072
 .debug_str     0x0000000000000000     0x6072 /tmp/ccPMkKwW.ltrans0.ltrans.o
                                        0x1d4 (size before relaxing)
 .debug_str     0x0000000000006072        0x0 /tmp/ccQbkvqo.debug.temp.o
                                        0x238 (size before relaxing)
 .debug_str     0x0000000000006072        0x0 /tmp/ccp1M1QO.debug.temp.o
                                        0x22c (size before relaxing)
 .debug_str     0x0000000000006072        0x0 /tmp/ccoUxIIf.debug.temp.o
                                       0x14d1 (size before relaxing)
 .debug_str     0x0000000000006072        0x0 /tmp/ccYL7Mal.debug.temp.o
                                        0x2e8 (size before relaxing)
 .debug_str     0x0000000000006072        0x0 /tmp/ccsBQ4iS.debug.temp.o
                                       0x1e72 (size before relaxing)
 .debug_str     0x0000000000006072        0x0 /tmp/ccbGdMrz.debug.temp.o
                                       0x15a4 (size before relaxing)
 .debug_str     0x0000000000006072        0x0 /tmp/ccsE1JpD.debug.temp.o
                                       0x10c1 (size before relaxing)
 .debug_str     0x0000000000006072        0x0 /tmp/cc99s8nH.debug.temp.o
                                        0x2a8 (size before relaxing)
 .debug_str     0x0000000000006072        0x0 /tmp/cckQOGLl.debug.temp.o
                                        0x297 (size before relaxing)
 .debug_str     0x0000000000006072        0x0 /tmp/ccpxdacP.debug.temp.o
                                        0x244 (size before relaxing)
 .debug_str     0x0000000000006072        0x0 /tmp/ccv5opp2.debug.temp.o
                                        0x50a (size before relaxing)
 .debug_str     0x0000000000006072        0x0 /tmp/ccHkb5KT.debug.temp.o
                                        0xf6e (size before relaxing)
 .debug_str     0x0000000000006072        0x0 /tmp/ccH0dh9M.debug.temp.o
                                       0x132e (size before relaxing)
 .debug_str     0x0000000000006072        0x0 /tmp/ccQMe8Nt.debug.temp.o
                                        0x5e6 (size before relaxing)
 .debug_str     0x0000000000006072        0x0 /tmp/ccqP42nc.debug.temp.o
                                        0x6c7 (size before relaxing)
 .debug_str     0x0000000000006072        0x0 /tmp/cc6Um5ck.debug.temp.o
                                       0x1490 (size before relaxing)
 .debug_str     0x0000000000006072        0x0 /tmp/ccx4mFYC.debug.temp.o
                                       0x1338 (size before relaxing)
 .debug_str     0x0000000000006072        0x0 /tmp/ccBVTh4u.debug.temp.o
                                       0x1c1d (size before relaxing)
 .debug_str     0x0000000000006072        0x0 /tmp/cc44tz5Z.debug.temp.o
                                       0x1936 (size before relaxing)
 .debug_str     0x0000000000006072        0x0 /tmp/ccXLsUI7.debug.temp.o
                                       0x1037 (size before relaxing)
 .debug_str     0x0000000000006072        0x0 /tmp/ccXxncLz.debug.temp.o
                                       0x114f (size before relaxing)
 .debug_str     0x0000000000006072        0x0 /tmp/cc20tZJ1.debug.temp.o
                                        0x31c (size before relaxing)
 .debug_str     0x0000000000006072        0x0 /tmp/cce8nS0F.debug.temp.o
                                        0x27f (size before relaxing)
 .debug_str     0x0000000000006072        0x0 /tmp/ccraHXR0.debug.temp.o
                                        0x284 (size before relaxing)
 .debug_str     0x0000000000006072        0x0 /tmp/ccYmytYF.debug.temp.o
                                        0x847 (size before relaxing)
 .debug_str     0x0000000000006072        0x0 /tmp/cclporiR.debug.temp.o
                                        0x6fb (size before relaxing)
 .debug_str     0x0000000000006072        0x0 /tmp/ccp8pHjW.debug.temp.o
                                        0x33b (size before relaxing)
 .debug_str     0x0000000000006072        0x0 /tmp/ccPLMZmz.debug.temp.o
                                        0x3d1 (size before relaxing)
 .debug_str     0x0000000000006072        0x0 /tmp/cc62N8Oc.debug.temp.o
                                        0x6d2 (size before relaxing)
 .debug_str     0x0000000000006072        0x0 /tmp/ccFldifl.debug.temp.o
                                        0x493 (size before relaxing)
 .debug_str     0x0000000000006072        0x0 /tmp/ccn2sjIz.debug.temp.o
                                        0x695 (size before relaxing)
 .debug_str     0x0000000000006072        0x0 /tmp/ccI7YGlx.debug.temp.o
                                       0x1cf1 (size before relaxing)
 .debug_str     0x0000000000006072        0x0 /tmp/cc3stglD.debug.temp.o
                                        0x2a4 (size before relaxing)
 .debug_str     0x0000000000006072        0x0 /tmp/ccDMAt6c.debug.temp.o
                                        0x4d6 (size before relaxing)
 .debug_str     0x0000000000006072        0x0 /tmp/ccZYX5cE.debug.temp.o
                                       0x1581 (size before relaxing)
 .debug_str     0x0000000000006072        0x0 /tmp/ccjVPdjk.debug.temp.o
                                        0x312 (size before relaxing)

.debug_line_str
                0x0000000000000000     0x26cb
 .debug_line_str
                0x0000000000000000     0x26cb /tmp/ccPMkKwW.ltrans0.ltrans.o
                                        0x9a1 (size before relaxing)
 .debug_line_str
                0x00000000000026cb        0x0 /tmp/ccQbkvqo.debug.temp.o
                                        0x11c (size before relaxing)
 .debug_line_str
                0x00000000000026cb        0x0 /tmp/ccp1M1QO.debug.temp.o
                                        0x11c (size before relaxing)
 .debug_line_str
                0x00000000000026cb        0x0 /tmp/ccoUxIIf.debug.temp.o
                                        0x379 (size before relaxing)
 .debug_line_str
                0x00000000000026cb        0x0 /tmp/ccYL7Mal.debug.temp.o
                                        0x23d (size before relaxing)
 .debug_line_str
                0x00000000000026cb        0x0 /tmp/ccsBQ4iS.debug.temp.o
                                        0x38f (size before relaxing)
 .debug_line_str
                0x00000000000026cb        0x0 /tmp/ccbGdMrz.debug.temp.o
                                        0x3d2 (size before relaxing)
 .debug_line_str
                0x00000000000026cb        0x0 /tmp/ccsE1JpD.debug.temp.o
                                        0x3f7 (size before relaxing)
 .debug_line_str
                0x00000000000026cb        0x0 /tmp/cc99s8nH.debug.temp.o
                                        0x1c3 (size before relaxing)
 .debug_line_str
                0x00000000000026cb        0x0 /tmp/cckQOGLl.debug.temp.o
                                        0x1bd (size before relaxing)
 .debug_line_str
                0x00000000000026cb        0x0 /tmp/ccpxdacP.debug.temp.o
                                        0x174 (size before relaxing)
 .debug_line_str
                0x00000000000026cb        0x0 /tmp/ccv5opp2.debug.temp.o
                                        0x2c3 (size before relaxing)
 .debug_line_str
                0x00000000000026cb        0x0 /tmp/ccHkb5KT.debug.temp.o
                                        0x2c7 (size before relaxing)
 .debug_line_str
                0x00000000000026cb        0x0 /tmp/ccH0dh9M.debug.temp.o
                                        0x2db (size before relaxing)
 .debug_line_str
                0x00000000000026cb        0x0 /tmp/ccQMe8Nt.debug.temp.o
                                        0x1c0 (size before relaxing)
 .debug_line_str
                0x00000000000026cb        0x0 /tmp/ccqP42nc.debug.temp.o
                                        0x2fd (size before relaxing)
 .debug_line_str
                0x00000000000026cb        0x0 /tmp/cc6Um5ck.debug.temp.o
                                        0x3dd (size before relaxing)
 .debug_line_str
                0x00000000000026cb        0x0 /tmp/ccx4mFYC.debug.temp.o
                                        0x2e4 (size before relaxing)
 .debug_line_str
                0x00000000000026cb        0x0 /tmp/ccBVTh4u.debug.temp.o
                                        0x37a (size before relaxing)
 .debug_line_str
                0x00000000000026cb        0x0 /tmp/cc44tz5Z.debug.temp.o
                                        0x343 (size before relaxing)
 .debug_line_str
                0x00000000000026cb        0x0 /tmp/ccXLsUI7.debug.temp.o
                                        0x400 (size before relaxing)
 .debug_line_str
                0x00000000000026cb        0x0 /tmp/ccXxncLz.debug.temp.o
                                        0x494 (size before relaxing)
 .debug_line_str
                0x00000000000026cb        0x0 /tmp/cc20tZJ1.debug.temp.o
                                        0x234 (size before relaxing)
 .debug_line_str
                0x00000000000026cb        0x0 /tmp/cce8nS0F.debug.temp.o
                                        0x1bd (size before relaxing)
 .debug_line_str
                0x00000000000026cb        0x0 /tmp/ccraHXR0.debug.temp.o
                                        0x184 (size before relaxing)
 .debug_line_str
                0x00000000000026cb        0x0 /tmp/ccYmytYF.debug.temp.o
                                        0x24b (size before relaxing)
 .debug_line_str
                0x00000000000026cb        0x0 /tmp/cclporiR.debug.temp.o
                                        0x220 (size before relaxing)
 .debug_line_str
                0x00000000000026cb        0x0 /tmp/ccp8pHjW.debug.temp.o
                                        0x183 (size before relaxing)
 .debug_line_str
                0x00000000000026cb        0x0 /tmp/ccPLMZmz.debug.temp.o
                                        0x16a (size before relaxing)
 .debug_line_str
                0x00000000000026cb        0x0 /tmp/cc62N8Oc.debug.temp.o
                                        0x2ef (size before relaxing)
 .debug_line_str
                0x00000000000026cb        0x0 /tmp/ccFldifl.debug.temp.o
                                        0x1d6 (size before relaxing)
 .debug_line_str
                0x00000000000026cb        0x0 /tmp/ccn2sjIz.debug.temp.o
                                        0x270 (size before relaxing)
 .debug_line_str
                0x00000000000026cb        0x0 /tmp/ccI7YGlx.debug.temp.o
                                        0x439 (size before relaxing)
 .debug_line_str
                0x00000000000026cb        0x0 /tmp/cc3stglD.debug.temp.o
                                        0x196 (size before relaxing)
 .debug_line_str
                0x00000000000026cb        0x0 /tmp/ccDMAt6c.debug.temp.o
                                        0x206 (size before relaxing)
 .debug_line_str
                0x00000000000026cb        0x0 /tmp/ccZYX5cE.debug.temp.o
                                        0x328 (size before relaxing)
 .debug_line_str
                0x00000000000026cb        0x0 /tmp/ccjVPdjk.debug.temp.o
                                        0x169 (size before relaxing)

.debug_frame    0x0000000000000000     0x1190
 .debug_frame   0x0000000000000000     0x1190 /tmp/ccPMkKwW.ltrans0.ltrans.o
